#
# There is insufficient memory for the Java Runtime Environment to continue.
# Native memory allocation (malloc) failed to allocate 148048 bytes. Error detail: Chunk::new
# Possible reasons:
#   The system is out of physical RAM or swap space
#   This process is running with CompressedOops enabled, and the Java Heap may be blocking the growth of the native heap
# Possible solutions:
#   Reduce memory load on the system
#   Increase physical memory or swap space
#   Check if swap backing store is full
#   Decrease Java heap size (-Xmx/-Xms)
#   Decrease number of Java threads
#   Decrease Java thread stack sizes (-Xss)
#   Set larger code cache with -XX:ReservedCodeCacheSize=
#   JVM is running with Unscaled Compressed Oops mode in which the Java heap is
#     placed in the first 4GB address space. The Java Heap base address is the
#     maximum limit for the native heap growth. Please use -XX:HeapBaseMinAddress
#     to set the Java Heap base and to place the Java Heap above 4GB virtual address.
# This output file may be truncated or incomplete.
#
#  Out of Memory Error (arena.cpp:168), pid=17968, tid=8572
#
# JRE version: OpenJDK Runtime Environment Temurin-21.0.10+7 (21.0.10+7) (build 21.0.10+7-LTS)
# Java VM: OpenJDK 64-Bit Server VM Temurin-21.0.10+7 (21.0.10+7-LTS, mixed mode, sharing, tiered, compressed oops, compressed class ptrs, parallel gc, windows-amd64)
# No core dump will be written. Minidumps are not enabled by default on client versions of Windows
#

---------------  S U M M A R Y ------------

Command Line: --add-modules=ALL-SYSTEM --add-opens=java.base/java.util=ALL-UNNAMED --add-opens=java.base/java.lang=ALL-UNNAMED --add-opens=java.base/sun.nio.fs=ALL-UNNAMED -Declipse.application=org.eclipse.jdt.ls.core.id1 -Dosgi.bundles.defaultStartLevel=4 -Declipse.product=org.eclipse.jdt.ls.core.product -Djava.import.generatesMetadataFilesAtProjectRoot=false -DDetectVMInstallationsJob.disabled=true -Dfile.encoding=utf8 -XX:+UseParallelGC -XX:GCTimeRatio=4 -XX:AdaptiveSizePolicyWeight=90 -Dsun.zip.disableMemoryMapping=true -Xmx2G -Xms100m -Xlog:disable -javaagent:c:\Users\Dell\.vscode\extensions\redhat.java-1.54.0-win32-x64\lombok\lombok-1.18.39-4050.jar -XX:+HeapDumpOnOutOfMemoryError -XX:HeapDumpPath=c:\Users\Dell\AppData\Roaming\Code\User\workspaceStorage\030274fffca1edf6b01d840448dc3ca1\redhat.java -Daether.dependencyCollector.impl=bf c:\Users\Dell\.vscode\extensions\redhat.java-1.54.0-win32-x64\server\plugins\org.eclipse.equinox.launcher_1.7.100.v20251111-0406.jar -configuration c:\Users\Dell\AppData\Roaming\Code\User\globalStorage\redhat.java\1.54.0\config_win -data c:\Users\Dell\AppData\Roaming\Code\User\workspaceStorage\030274fffca1edf6b01d840448dc3ca1\redhat.java\jdt_ws --pipe=\\.\pipe\lsp-81bd7bdc3578764d425f2bcd5cc91a3c-sock

Host: 11th Gen Intel(R) Core(TM) i5-1135G7 @ 2.40GHz, 8 cores, 7G,  Windows 11 , 64 bit Build 26100 (10.0.26100.7309)
Time: Wed Apr 15 20:16:00 2026 Nepal Standard Time elapsed time: 47.176823 seconds (0d 0h 0m 47s)

---------------  T H R E A D  ---------------

Current thread (0x000002110ea9ce10):  JavaThread "C2 CompilerThread0" daemon [_thread_in_native, id=8572, stack(0x0000008d7de00000,0x0000008d7df00000) (1024K)]


Current CompileTask:
C2:47177 3261       4       com.sun.org.apache.xerces.internal.impl.XMLEntityScanner::scanQName (580 bytes)

Stack: [0x0000008d7de00000,0x0000008d7df00000]
Native frames: (J=compiled Java code, j=interpreted, Vv=VM code, C=native code)
V  [jvm.dll+0x6d7a39]
V  [jvm.dll+0x8b4b26]
V  [jvm.dll+0x8b70de]
V  [jvm.dll+0x8b77c3]
V  [jvm.dll+0x284346]
V  [jvm.dll+0xc66ed]
V  [jvm.dll+0xc6c31]
V  [jvm.dll+0x14214f]
V  [jvm.dll+0x666573]
V  [jvm.dll+0x664a7b]
V  [jvm.dll+0x24c3db]
V  [jvm.dll+0x24bb40]
V  [jvm.dll+0x1cb34e]
V  [jvm.dll+0x25b85d]
V  [jvm.dll+0x259dea]
V  [jvm.dll+0x3f857e]
V  [jvm.dll+0x85f59d]
V  [jvm.dll+0x6d626d]
C  [ucrtbase.dll+0x37b0]
C  [KERNEL32.DLL+0x2e8d7]
C  [ntdll.dll+0x8c53c]


---------------  P R O C E S S  ---------------

Threads class SMR info:
_java_thread_list=0x000002116c515ed0, length=18, elements={
0x000002110c728f20, 0x000002110ea8c350, 0x000002110ea907f0, 0x000002110ea945e0,
0x000002110ea92600, 0x000002110ea97600, 0x000002110ea9a070, 0x000002110ea9ce10,
0x000002116c046310, 0x000002116c1b7140, 0x000002116c2b0450, 0x000002116cc1ea30,
0x000002116c3dd390, 0x000002116c4673c0, 0x000002116c49f070, 0x000002116cd913c0,
0x000002116c9c2a80, 0x000002116c0470b0
}

Java Threads: ( => current thread )
  0x000002110c728f20 JavaThread "main"                              [_thread_blocked, id=19036, stack(0x0000008d7d400000,0x0000008d7d500000) (1024K)]
  0x000002110ea8c350 JavaThread "Reference Handler"          daemon [_thread_blocked, id=17420, stack(0x0000008d7d800000,0x0000008d7d900000) (1024K)]
  0x000002110ea907f0 JavaThread "Finalizer"                  daemon [_thread_blocked, id=19440, stack(0x0000008d7d900000,0x0000008d7da00000) (1024K)]
  0x000002110ea945e0 JavaThread "Signal Dispatcher"          daemon [_thread_blocked, id=9892, stack(0x0000008d7da00000,0x0000008d7db00000) (1024K)]
  0x000002110ea92600 JavaThread "Attach Listener"            daemon [_thread_blocked, id=18668, stack(0x0000008d7db00000,0x0000008d7dc00000) (1024K)]
  0x000002110ea97600 JavaThread "Service Thread"             daemon [_thread_blocked, id=12444, stack(0x0000008d7dc00000,0x0000008d7dd00000) (1024K)]
  0x000002110ea9a070 JavaThread "Monitor Deflation Thread"   daemon [_thread_blocked, id=16292, stack(0x0000008d7dd00000,0x0000008d7de00000) (1024K)]
=>0x000002110ea9ce10 JavaThread "C2 CompilerThread0"         daemon [_thread_in_native, id=8572, stack(0x0000008d7de00000,0x0000008d7df00000) (1024K)]
  0x000002116c046310 JavaThread "C1 CompilerThread0"         daemon [_thread_blocked, id=2040, stack(0x0000008d7df00000,0x0000008d7e000000) (1024K)]
  0x000002116c1b7140 JavaThread "Common-Cleaner"             daemon [_thread_blocked, id=6804, stack(0x0000008d7e000000,0x0000008d7e100000) (1024K)]
  0x000002116c2b0450 JavaThread "Notification Thread"        daemon [_thread_blocked, id=14232, stack(0x0000008d7e100000,0x0000008d7e200000) (1024K)]
  0x000002116cc1ea30 JavaThread "Active Thread: Equinox Container: 39117d20-813e-4bf1-b382-297ee4ca362d"        [_thread_blocked, id=17472, stack(0x0000008d7e800000,0x0000008d7e900000) (1024K)]
  0x000002116c3dd390 JavaThread "Refresh Thread: Equinox Container: 39117d20-813e-4bf1-b382-297ee4ca362d" daemon [_thread_blocked, id=16928, stack(0x0000008d7ea00000,0x0000008d7eb00000) (1024K)]
  0x000002116c4673c0 JavaThread "Framework Event Dispatcher: Equinox Container: 39117d20-813e-4bf1-b382-297ee4ca362d" daemon [_thread_blocked, id=13724, stack(0x0000008d7eb00000,0x0000008d7ec00000) (1024K)]
  0x000002116c49f070 JavaThread "Start Level: Equinox Container: 39117d20-813e-4bf1-b382-297ee4ca362d" daemon [_thread_in_Java, id=18580, stack(0x0000008d7ec00000,0x0000008d7ed00000) (1024K)]
  0x000002116cd913c0 JavaThread "Bundle File Closer"         daemon [_thread_blocked, id=10868, stack(0x0000008d7d100000,0x0000008d7d200000) (1024K)]
  0x000002116c9c2a80 JavaThread "SCR Component Actor"        daemon [_thread_blocked, id=19908, stack(0x0000008d7ed00000,0x0000008d7ee00000) (1024K)]
  0x000002116c0470b0 JavaThread "C2 CompilerThread1"         daemon [_thread_blocked, id=19504, stack(0x0000008d7ee00000,0x0000008d7ef00000) (1024K)]
Total: 18

Other Threads:
  0x000002110ebde900 VMThread "VM Thread"                           [id=11700, stack(0x0000008d7d700000,0x0000008d7d800000) (1024K)]
  0x000002110eb88b30 WatcherThread "VM Periodic Task Thread"        [id=18856, stack(0x0000008d7d600000,0x0000008d7d700000) (1024K)]
  0x000002110eb3c0b0 WorkerThread "GC Thread#0"                     [id=16804, stack(0x0000008d7d500000,0x0000008d7d600000) (1024K)]
  0x000002116c41c070 WorkerThread "GC Thread#1"                     [id=13876, stack(0x0000008d7e200000,0x0000008d7e300000) (1024K)]
  0x000002116c6b5570 WorkerThread "GC Thread#2"                     [id=16800, stack(0x0000008d7e300000,0x0000008d7e400000) (1024K)]
  0x000002116c6b5920 WorkerThread "GC Thread#3"                     [id=11440, stack(0x0000008d7e400000,0x0000008d7e500000) (1024K)]
  0x000002116c7f68e0 WorkerThread "GC Thread#4"                     [id=18484, stack(0x0000008d7e500000,0x0000008d7e600000) (1024K)]
  0x000002116c7f6c90 WorkerThread "GC Thread#5"                     [id=7568, stack(0x0000008d7e600000,0x0000008d7e700000) (1024K)]
  0x000002116c7f7040 WorkerThread "GC Thread#6"                     [id=15324, stack(0x0000008d7e700000,0x0000008d7e800000) (1024K)]
  0x000002116c3d9290 WorkerThread "GC Thread#7"                     [id=7828, stack(0x0000008d7e900000,0x0000008d7ea00000) (1024K)]
Total: 10

Threads with active compile tasks:
C2 CompilerThread0  47227 3261       4       com.sun.org.apache.xerces.internal.impl.XMLEntityScanner::scanQName (580 bytes)
C1 CompilerThread0  47227 3297       3       java.util.ArrayList::add (65 bytes)
Total: 2

VM state: not at safepoint (normal execution)

VM Mutex/Monitor currently owned by a thread: None

Heap address: 0x0000000080000000, size: 2048 MB, Compressed Oops mode: 32-bit

CDS archive(s) mapped at: [0x0000021126000000-0x0000021126ba0000-0x0000021126ba0000), size 12189696, SharedBaseAddress: 0x0000021126000000, ArchiveRelocationMode: 1.
Compressed class space mapped at: 0x0000021127000000-0x0000021167000000, reserved size: 1073741824
Narrow klass base: 0x0000021126000000, Narrow klass shift: 0, Narrow klass range: 0x100000000

GC Precious Log:
 CardTable entry size: 512
 CPUs: 8 total, 8 available
 Memory: 7914M
 Large Page Support: Disabled
 NUMA Support: Disabled
 Compressed Oops: Enabled (32-bit)
 Alignments: Space 512K, Generation 512K, Heap 2M
 Heap Min Capacity: 100M
 Heap Initial Capacity: 100M
 Heap Max Capacity: 2G
 Pre-touch: Disabled
 Parallel Workers: 8

Heap:
 PSYoungGen      total 29696K, used 24231K [0x00000000d5580000, 0x00000000d7680000, 0x0000000100000000)
  eden space 25600K, 78% used [0x00000000d5580000,0x00000000d692df98,0x00000000d6e80000)
  from space 4096K, 99% used [0x00000000d7280000,0x00000000d767be98,0x00000000d7680000)
  to   space 4096K, 0% used [0x00000000d6e80000,0x00000000d6e80000,0x00000000d7280000)
 ParOldGen       total 68608K, used 7113K [0x0000000080000000, 0x0000000084300000, 0x00000000d5580000)
  object space 68608K, 10% used [0x0000000080000000,0x00000000806f25c8,0x0000000084300000)
 Metaspace       used 13545K, committed 14016K, reserved 1114112K
  class space    used 1386K, committed 1600K, reserved 1048576K

Card table byte_map: [0x000002110e4c0000,0x000002110e8d0000] _byte_map_base: 0x000002110e0c0000

Marking Bits: (ParMarkBitMap*) 0x00007ffd30673450
 Begin Bits: [0x0000021120fd0000, 0x0000021122fd0000)
 End Bits:   [0x0000021122fd0000, 0x0000021124fd0000)

Polling page: 0x000002110c8d0000

Metaspace:

Usage:
  Non-class:     11.87 MB used.
      Class:      1.35 MB used.
       Both:     13.23 MB used.

Virtual space:
  Non-class space:       64.00 MB reserved,      12.12 MB ( 19%) committed,  1 nodes.
      Class space:        1.00 GB reserved,       1.56 MB ( <1%) committed,  1 nodes.
             Both:        1.06 GB reserved,      13.69 MB (  1%) committed. 

Chunk freelists:
   Non-Class:  3.56 MB
       Class:  14.49 MB
        Both:  18.05 MB

MaxMetaspaceSize: unlimited
CompressedClassSpaceSize: 1.00 GB
Initial GC threshold: 21.00 MB
Current GC threshold: 21.00 MB
CDS: on
 - commit_granule_bytes: 65536.
 - commit_granule_words: 8192.
 - virtual_space_node_default_size: 8388608.
 - enlarge_chunks_in_place: 1.
 - use_allocation_guard: 0.


Internal statistics:

num_allocs_failed_limit: 0.
num_arena_births: 320.
num_arena_deaths: 0.
num_vsnodes_births: 2.
num_vsnodes_deaths: 0.
num_space_committed: 219.
num_space_uncommitted: 0.
num_chunks_returned_to_freelist: 0.
num_chunks_taken_from_freelist: 712.
num_chunk_merges: 0.
num_chunk_splits: 452.
num_chunks_enlarged: 303.
num_inconsistent_stats: 0.

CodeHeap 'non-profiled nmethods': size=120000Kb used=1541Kb max_used=1541Kb free=118458Kb
 bounds [0x00000211197f0000, 0x0000021119a60000, 0x0000021120d20000]
CodeHeap 'profiled nmethods': size=120000Kb used=6785Kb max_used=6785Kb free=113214Kb
 bounds [0x0000021111d20000, 0x00000211123d0000, 0x0000021119250000]
CodeHeap 'non-nmethods': size=5760Kb used=1254Kb max_used=1278Kb free=4505Kb
 bounds [0x0000021119250000, 0x00000211194c0000, 0x00000211197f0000]
CodeCache: size=245760Kb, used=9580Kb, max_used=9604Kb, free=236177Kb
 total_blobs=3809, nmethods=3299, adapters=416, full_count=0
Compilation: enabled, stopped_count=0, restarted_count=0

Compilation events (20 events):
Event: 47.135 Thread 0x000002116c0470b0 nmethod 3263 0x000002111996ca90 code [0x000002111996cc60, 0x000002111996d088]
Event: 47.135 Thread 0x000002116c046310 3269       3       java.lang.Class::reflectionData (43 bytes)
Event: 47.136 Thread 0x000002116c046310 nmethod 3269 0x00000211123b5d90 code [0x00000211123b5f60, 0x00000211123b6358]
Event: 47.140 Thread 0x000002116c0470b0 3270   !   4       java.io.RandomAccessFile::seek (42 bytes)
Event: 47.143 Thread 0x000002116c046310 3272       3       com.sun.org.apache.xerces.internal.impl.XMLEntityScanner::reset (43 bytes)
Event: 47.144 Thread 0x000002116c046310 nmethod 3272 0x00000211123b6490 code [0x00000211123b6620, 0x00000211123b67b0]
Event: 47.144 Thread 0x000002116c046310 3273       3       com.sun.org.apache.xerces.internal.impl.XMLEntityManager::getEntityScanner (54 bytes)
Event: 47.144 Thread 0x000002116c0470b0 nmethod 3270 0x000002111996d490 code [0x000002111996d640, 0x000002111996d7b8]
Event: 47.144 Thread 0x000002116c0470b0 3271       4       java.lang.Class::getClassLoader (28 bytes)
Event: 47.145 Thread 0x000002116c046310 nmethod 3273 0x00000211123b6890 code [0x00000211123b6a60, 0x00000211123b6d10]
Event: 47.145 Thread 0x000002116c0470b0 nmethod 3271 0x000002111996d990 code [0x000002111996db20, 0x000002111996dbb8]
Event: 47.148 Thread 0x000002116c046310 3275       3       com.sun.org.apache.xerces.internal.impl.dtd.XMLDTDValidator::getFeatureDefault (36 bytes)
Event: 47.148 Thread 0x000002116c046310 nmethod 3275 0x00000211123b6e10 code [0x00000211123b6fe0, 0x00000211123b7270]
Event: 47.148 Thread 0x000002116c046310 3274       3       com.sun.org.apache.xerces.internal.parsers.XML11Configuration::addComponent (31 bytes)
Event: 47.149 Thread 0x000002116c046310 nmethod 3274 0x00000211123b7390 code [0x00000211123b7560, 0x00000211123b7940]
Event: 47.159 Thread 0x000002116c0470b0 3276       4       com.sun.org.apache.xerces.internal.util.SymbolTable::addSymbol (110 bytes)
Event: 47.164 Thread 0x000002116c046310 3279       3       java.util.concurrent.locks.ReentrantReadWriteLock$Sync::isHeldExclusively (16 bytes)
Event: 47.164 Thread 0x000002116c046310 nmethod 3279 0x00000211123b7a90 code [0x00000211123b7c40, 0x00000211123b7dd0]
Event: 47.171 Thread 0x000002116c046310 3280       3       java.util.Spliterators$1Adapter::hasNext (23 bytes)
Event: 47.171 Thread 0x000002116c046310 nmethod 3280 0x00000211123b7e90 code [0x00000211123b8040, 0x00000211123b8260]

GC Heap History (8 events):
Event: 3.348 GC heap before
{Heap before GC invocations=1 (full 0):
 PSYoungGen      total 29696K, used 25600K [0x00000000d5580000, 0x00000000d7680000, 0x0000000100000000)
  eden space 25600K, 100% used [0x00000000d5580000,0x00000000d6e80000,0x00000000d6e80000)
  from space 4096K, 0% used [0x00000000d7280000,0x00000000d7280000,0x00000000d7680000)
  to   space 4096K, 0% used [0x00000000d6e80000,0x00000000d6e80000,0x00000000d7280000)
 ParOldGen       total 68608K, used 0K [0x0000000080000000, 0x0000000084300000, 0x00000000d5580000)
  object space 68608K, 0% used [0x0000000080000000,0x0000000080000000,0x0000000084300000)
 Metaspace       used 4367K, committed 4608K, reserved 1114112K
  class space    used 474K, committed 576K, reserved 1048576K
}
Event: 3.358 GC heap after
{Heap after GC invocations=1 (full 0):
 PSYoungGen      total 29696K, used 3312K [0x00000000d5580000, 0x00000000d7680000, 0x0000000100000000)
  eden space 25600K, 0% used [0x00000000d5580000,0x00000000d5580000,0x00000000d6e80000)
  from space 4096K, 80% used [0x00000000d6e80000,0x00000000d71bc148,0x00000000d7280000)
  to   space 4096K, 0% used [0x00000000d7280000,0x00000000d7280000,0x00000000d7680000)
 ParOldGen       total 68608K, used 16K [0x0000000080000000, 0x0000000084300000, 0x00000000d5580000)
  object space 68608K, 0% used [0x0000000080000000,0x0000000080004000,0x0000000084300000)
 Metaspace       used 4367K, committed 4608K, reserved 1114112K
  class space    used 474K, committed 576K, reserved 1048576K
}
Event: 24.330 GC heap before
{Heap before GC invocations=2 (full 0):
 PSYoungGen      total 29696K, used 28912K [0x00000000d5580000, 0x00000000d7680000, 0x0000000100000000)
  eden space 25600K, 100% used [0x00000000d5580000,0x00000000d6e80000,0x00000000d6e80000)
  from space 4096K, 80% used [0x00000000d6e80000,0x00000000d71bc148,0x00000000d7280000)
  to   space 4096K, 0% used [0x00000000d7280000,0x00000000d7280000,0x00000000d7680000)
 ParOldGen       total 68608K, used 16K [0x0000000080000000, 0x0000000084300000, 0x00000000d5580000)
  object space 68608K, 0% used [0x0000000080000000,0x0000000080004000,0x0000000084300000)
 Metaspace       used 8004K, committed 8256K, reserved 1114112K
  class space    used 829K, committed 960K, reserved 1048576K
}
Event: 24.340 GC heap after
{Heap after GC invocations=2 (full 0):
 PSYoungGen      total 29696K, used 4086K [0x00000000d5580000, 0x00000000d7680000, 0x0000000100000000)
  eden space 25600K, 0% used [0x00000000d5580000,0x00000000d5580000,0x00000000d6e80000)
  from space 4096K, 99% used [0x00000000d7280000,0x00000000d767d810,0x00000000d7680000)
  to   space 4096K, 0% used [0x00000000d6e80000,0x00000000d6e80000,0x00000000d7280000)
 ParOldGen       total 68608K, used 2047K [0x0000000080000000, 0x0000000084300000, 0x00000000d5580000)
  object space 68608K, 2% used [0x0000000080000000,0x00000000801ffe58,0x0000000084300000)
 Metaspace       used 8004K, committed 8256K, reserved 1114112K
  class space    used 829K, committed 960K, reserved 1048576K
}
Event: 30.578 GC heap before
{Heap before GC invocations=3 (full 0):
 PSYoungGen      total 29696K, used 29507K [0x00000000d5580000, 0x00000000d7680000, 0x0000000100000000)
  eden space 25600K, 99% used [0x00000000d5580000,0x00000000d6e53530,0x00000000d6e80000)
  from space 4096K, 99% used [0x00000000d7280000,0x00000000d767d810,0x00000000d7680000)
  to   space 4096K, 0% used [0x00000000d6e80000,0x00000000d6e80000,0x00000000d7280000)
 ParOldGen       total 68608K, used 2047K [0x0000000080000000, 0x0000000084300000, 0x00000000d5580000)
  object space 68608K, 2% used [0x0000000080000000,0x00000000801ffe58,0x0000000084300000)
 Metaspace       used 9434K, committed 9728K, reserved 1114112K
  class space    used 1004K, committed 1152K, reserved 1048576K
}
Event: 30.587 GC heap after
{Heap after GC invocations=3 (full 0):
 PSYoungGen      total 29696K, used 4069K [0x00000000d5580000, 0x00000000d7680000, 0x0000000100000000)
  eden space 25600K, 0% used [0x00000000d5580000,0x00000000d5580000,0x00000000d6e80000)
  from space 4096K, 99% used [0x00000000d6e80000,0x00000000d7279770,0x00000000d7280000)
  to   space 4096K, 0% used [0x00000000d7280000,0x00000000d7280000,0x00000000d7680000)
 ParOldGen       total 68608K, used 5193K [0x0000000080000000, 0x0000000084300000, 0x00000000d5580000)
  object space 68608K, 7% used [0x0000000080000000,0x0000000080512768,0x0000000084300000)
 Metaspace       used 9434K, committed 9728K, reserved 1114112K
  class space    used 1004K, committed 1152K, reserved 1048576K
}
Event: 45.621 GC heap before
{Heap before GC invocations=4 (full 0):
 PSYoungGen      total 29696K, used 29669K [0x00000000d5580000, 0x00000000d7680000, 0x0000000100000000)
  eden space 25600K, 100% used [0x00000000d5580000,0x00000000d6e80000,0x00000000d6e80000)
  from space 4096K, 99% used [0x00000000d6e80000,0x00000000d7279770,0x00000000d7280000)
  to   space 4096K, 0% used [0x00000000d7280000,0x00000000d7280000,0x00000000d7680000)
 ParOldGen       total 68608K, used 5193K [0x0000000080000000, 0x0000000084300000, 0x00000000d5580000)
  object space 68608K, 7% used [0x0000000080000000,0x0000000080512768,0x0000000084300000)
 Metaspace       used 11366K, committed 11712K, reserved 1114112K
  class space    used 1170K, committed 1344K, reserved 1048576K
}
Event: 45.632 GC heap after
{Heap after GC invocations=4 (full 0):
 PSYoungGen      total 29696K, used 4079K [0x00000000d5580000, 0x00000000d7680000, 0x0000000100000000)
  eden space 25600K, 0% used [0x00000000d5580000,0x00000000d5580000,0x00000000d6e80000)
  from space 4096K, 99% used [0x00000000d7280000,0x00000000d767be98,0x00000000d7680000)
  to   space 4096K, 0% used [0x00000000d6e80000,0x00000000d6e80000,0x00000000d7280000)
 ParOldGen       total 68608K, used 7113K [0x0000000080000000, 0x0000000084300000, 0x00000000d5580000)
  object space 68608K, 10% used [0x0000000080000000,0x00000000806f25c8,0x0000000084300000)
 Metaspace       used 11366K, committed 11712K, reserved 1114112K
  class space    used 1170K, committed 1344K, reserved 1048576K
}

Dll operation events (9 events):
Event: 0.041 Loaded shared library c:\Users\Dell\.vscode\extensions\redhat.java-1.54.0-win32-x64\jre\21.0.10-win32-x86_64\bin\java.dll
Event: 0.262 Loaded shared library c:\Users\Dell\.vscode\extensions\redhat.java-1.54.0-win32-x64\jre\21.0.10-win32-x86_64\bin\zip.dll
Event: 0.296 Loaded shared library C:\Users\Dell\.vscode\extensions\redhat.java-1.54.0-win32-x64\jre\21.0.10-win32-x86_64\bin\instrument.dll
Event: 0.322 Loaded shared library C:\Users\Dell\.vscode\extensions\redhat.java-1.54.0-win32-x64\jre\21.0.10-win32-x86_64\bin\net.dll
Event: 0.326 Loaded shared library C:\Users\Dell\.vscode\extensions\redhat.java-1.54.0-win32-x64\jre\21.0.10-win32-x86_64\bin\nio.dll
Event: 0.331 Loaded shared library C:\Users\Dell\.vscode\extensions\redhat.java-1.54.0-win32-x64\jre\21.0.10-win32-x86_64\bin\zip.dll
Event: 0.398 Loaded shared library C:\Users\Dell\.vscode\extensions\redhat.java-1.54.0-win32-x64\jre\21.0.10-win32-x86_64\bin\jimage.dll
Event: 0.795 Loaded shared library c:\Users\Dell\.vscode\extensions\redhat.java-1.54.0-win32-x64\jre\21.0.10-win32-x86_64\bin\verify.dll
Event: 25.374 Loaded shared library C:\Users\Dell\AppData\Roaming\Code\User\globalStorage\redhat.java\1.54.0\config_win\org.eclipse.equinox.launcher\org.eclipse.equinox.launcher.win32.win32.x86_64_1.3.0.v20260203-2149\eclipse_11919.dll

Deoptimization events (20 events):
Event: 46.409 Thread 0x000002116c49f070 DEOPT PACKING pc=0x00000211122eb6a8 sp=0x0000008d7ecf8790
Event: 46.409 Thread 0x000002116c49f070 DEOPT UNPACKING pc=0x00000211192a78e2 sp=0x0000008d7ecf7c50 mode 0
Event: 46.459 Thread 0x000002116c49f070 Uncommon trap: trap_request=0xffffff45 fr.pc=0x000002111994c028 relative=0x0000000000000088
Event: 46.459 Thread 0x000002116c49f070 Uncommon trap: reason=unstable_if action=reinterpret pc=0x000002111994c028 method=com.sun.org.apache.xerces.internal.impl.XMLEntityScanner.checkBeforeLoad(Lcom/sun/xml/internal/stream/Entity$ScannedEntity;II)I @ 18 c2
Event: 46.459 Thread 0x000002116c49f070 DEOPT PACKING pc=0x000002111994c028 sp=0x0000008d7ecf8930
Event: 46.459 Thread 0x000002116c49f070 DEOPT UNPACKING pc=0x00000211192a6da2 sp=0x0000008d7ecf88a0 mode 2
Event: 46.581 Thread 0x000002116c49f070 DEOPT PACKING pc=0x0000021112065ec6 sp=0x0000008d7ecf8700
Event: 46.581 Thread 0x000002116c49f070 DEOPT UNPACKING pc=0x00000211192a78e2 sp=0x0000008d7ecf7c80 mode 0
Event: 46.678 Thread 0x000002116c49f070 Uncommon trap: trap_request=0xffffff45 fr.pc=0x0000021119954498 relative=0x0000000000000378
Event: 46.678 Thread 0x000002116c49f070 Uncommon trap: reason=unstable_if action=reinterpret pc=0x0000021119954498 method=com.sun.org.apache.xerces.internal.impl.XMLEntityScanner.skipSpaces()Z @ 88 c2
Event: 46.678 Thread 0x000002116c49f070 DEOPT PACKING pc=0x0000021119954498 sp=0x0000008d7ecf8b90
Event: 46.678 Thread 0x000002116c49f070 DEOPT UNPACKING pc=0x00000211192a6da2 sp=0x0000008d7ecf8b28 mode 2
Event: 46.679 Thread 0x000002116c49f070 Uncommon trap: trap_request=0xffffff45 fr.pc=0x00000211199537fc relative=0x00000000000000dc
Event: 46.679 Thread 0x000002116c49f070 Uncommon trap: reason=unstable_if action=reinterpret pc=0x00000211199537fc method=com.sun.org.apache.xerces.internal.impl.XMLEntityScanner.peekChar()I @ 51 c2
Event: 46.679 Thread 0x000002116c49f070 DEOPT PACKING pc=0x00000211199537fc sp=0x0000008d7ecf8ae0
Event: 46.679 Thread 0x000002116c49f070 DEOPT UNPACKING pc=0x00000211192a6da2 sp=0x0000008d7ecf8a68 mode 2
Event: 47.035 Thread 0x000002116c49f070 Uncommon trap: trap_request=0xffffff45 fr.pc=0x00000211199512e4 relative=0x0000000000000464
Event: 47.035 Thread 0x000002116c49f070 Uncommon trap: reason=unstable_if action=reinterpret pc=0x00000211199512e4 method=com.sun.org.apache.xerces.internal.impl.XMLEntityScanner.scanLiteral(ILcom/sun/org/apache/xerces/internal/xni/XMLString;Z)I @ 299 c2
Event: 47.035 Thread 0x000002116c49f070 DEOPT PACKING pc=0x00000211199512e4 sp=0x0000008d7ecfdb30
Event: 47.035 Thread 0x000002116c49f070 DEOPT UNPACKING pc=0x00000211192a6da2 sp=0x0000008d7ecfdac0 mode 2

Classes loaded (20 events):
Event: 45.696 Loading class java/io/CharConversionException done
Event: 45.696 Loading class com/sun/org/apache/xerces/internal/impl/io/MalformedByteSequenceException done
Event: 45.749 Loading class java/util/concurrent/CompletionStage
Event: 45.749 Loading class java/util/concurrent/CompletionStage done
Event: 45.791 Loading class java/util/concurrent/locks/ReentrantLock$FairSync
Event: 45.792 Loading class java/util/concurrent/locks/ReentrantLock$FairSync done
Event: 45.979 Loading class java/lang/invoke/DirectMethodHandle$StaticAccessor
Event: 45.980 Loading class java/lang/invoke/DirectMethodHandle$StaticAccessor done
Event: 45.994 Loading class java/lang/IllegalCallerException
Event: 45.994 Loading class java/lang/IllegalCallerException done
Event: 46.013 Loading class java/lang/invoke/DirectMethodHandle$1
Event: 46.013 Loading class java/lang/invoke/DirectMethodHandle$1 done
Event: 46.021 Loading class org/xml/sax/SAXParseException
Event: 46.021 Loading class org/xml/sax/SAXParseException done
Event: 46.846 Loading class java/nio/file/NoSuchFileException
Event: 46.846 Loading class java/nio/file/FileSystemException
Event: 46.847 Loading class java/nio/file/FileSystemException done
Event: 46.847 Loading class java/nio/file/NoSuchFileException done
Event: 47.087 Loading class java/lang/Process
Event: 47.088 Loading class java/lang/Process done

Classes unloaded (0 events):
No events

Classes redefined (0 events):
No events

Internal exceptions (20 events):
Event: 3.611 Thread 0x000002110c728f20 Implicit null exception at 0x000002111985833d to 0x00000211198583c1
Event: 4.016 Thread 0x000002110c728f20 Exception <a 'java/lang/NoSuchMethodError'{0x00000000d59d74a8}: 'void java.lang.invoke.DirectMethodHandle$Holder.invokeSpecial(java.lang.Object, java.lang.Object, java.lang.Object)'> (0x00000000d59d74a8) 
thrown [s\src\hotspot\share\interpreter\linkResolver.cpp, line 773]
Event: 4.503 Thread 0x000002110c728f20 Exception <a 'java/lang/NoSuchMethodError'{0x00000000d644a488}: 'int java.lang.invoke.DirectMethodHandle$Holder.invokeVirtual(java.lang.Object, java.lang.Object)'> (0x00000000d644a488) 
thrown [s\src\hotspot\share\interpreter\linkResolver.cpp, line 773]
Event: 4.756 Thread 0x000002110c728f20 Exception <a 'java/lang/NoSuchMethodError'{0x00000000d65c05c8}: 'int java.lang.invoke.DirectMethodHandle$Holder.invokeStaticInit(java.lang.Object, java.lang.Object, java.lang.Object, java.lang.Object)'> (0x00000000d65c05c8) 
thrown [s\src\hotspot\share\interpreter\linkResolver.cpp, line 773]
Event: 4.759 Thread 0x000002110c728f20 Exception <a 'java/lang/IncompatibleClassChangeError'{0x00000000d65c89d0}: Found class java.lang.Object, but interface was expected> (0x00000000d65c89d0) 
thrown [s\src\hotspot\share\interpreter\linkResolver.cpp, line 840]
Event: 4.761 Thread 0x000002110c728f20 Exception <a 'java/lang/NoSuchMethodError'{0x00000000d65cef80}: 'void java.lang.invoke.DirectMethodHandle$Holder.invokeStaticInit(java.lang.Object, java.lang.Object)'> (0x00000000d65cef80) 
thrown [s\src\hotspot\share\interpreter\linkResolver.cpp, line 773]
Event: 4.763 Thread 0x000002110c728f20 Exception <a 'java/lang/NoSuchMethodError'{0x00000000d65d8138}: 'int java.lang.invoke.DirectMethodHandle$Holder.invokeStaticInit(java.lang.Object, java.lang.Object)'> (0x00000000d65d8138) 
thrown [s\src\hotspot\share\interpreter\linkResolver.cpp, line 773]
Event: 4.865 Thread 0x000002110c728f20 Exception <a 'java/lang/NoSuchMethodError'{0x00000000d681f310}: 'java.lang.Object java.lang.invoke.DirectMethodHandle$Holder.newInvokeSpecial(java.lang.Object, int, java.lang.Object)'> (0x00000000d681f310) 
thrown [s\src\hotspot\share\interpreter\linkResolver.cpp, line 773]
Event: 4.973 Thread 0x000002110c728f20 Exception <a 'java/lang/ClassNotFoundException'{0x00000000d6a371e0}: sun/net/www/protocol/plurl/Handler> (0x00000000d6a371e0) 
thrown [s\src\hotspot\share\classfile\systemDictionary.cpp, line 312]
Event: 4.974 Thread 0x000002110c728f20 Exception <a 'java/lang/ClassNotFoundException'{0x00000000d6a38060}: sun/net/www/protocol/plurl/Handler> (0x00000000d6a38060) 
thrown [s\src\hotspot\share\classfile\systemDictionary.cpp, line 312]
Event: 25.178 Thread 0x000002110c728f20 Exception <a 'java/lang/UnsatisfiedLinkError'{0x00000000d55d5650}: 'void org.eclipse.equinox.launcher.JNIBridge._update_splash()'> (0x00000000d55d5650) 
thrown [s\src\hotspot\share\prims\nativeLookup.cpp, line 415]
Event: 25.232 Thread 0x000002116c3dd390 Exception <a 'java/lang/NoSuchMethodError'{0x00000000d586b1b8}: 'void java.lang.invoke.DirectMethodHandle$Holder.invokeInterface(java.lang.Object, java.lang.Object, java.lang.Object)'> (0x00000000d586b1b8) 
thrown [s\src\hotspot\share\interpreter\linkResolver.cpp, line 773]
Event: 25.482 Thread 0x000002116c49f070 Exception <a 'java/lang/NoSuchMethodError'{0x00000000d5c53978}: 'java.lang.Object java.lang.invoke.DirectMethodHandle$Holder.newInvokeSpecial(java.lang.Object, java.lang.Object, int, java.lang.Object)'> (0x00000000d5c53978) 
thrown [s\src\hotspot\share\interpreter\linkResolver.cpp, line 773]
Event: 25.484 Thread 0x000002116c49f070 Exception <a 'java/lang/NoSuchMethodError'{0x00000000d5c577a8}: 'java.lang.Object java.lang.invoke.DirectMethodHandle$Holder.invokeSpecial(java.lang.Object, java.lang.Object, java.lang.Object, int, java.lang.Object)'> (0x00000000d5c577a8) 
thrown [s\src\hotspot\share\interpreter\linkResolver.cpp, line 773]
Event: 25.504 Thread 0x000002116c49f070 Exception <a 'java/lang/NoClassDefFoundError'{0x00000000d5cfe760}: jakarta/servlet/ServletContainerInitializer> (0x00000000d5cfe760) 
thrown [s\src\hotspot\share\classfile\systemDictionary.cpp, line 301]
Event: 25.578 Thread 0x000002116c49f070 Exception <a 'java/lang/ClassNotFoundException'{0x00000000d5e59930}: sun/util/logging/resources/spi/loggingProvider> (0x00000000d5e59930) 
thrown [s\src\hotspot\share\classfile\systemDictionary.cpp, line 312]
Event: 45.509 Thread 0x000002116c49f070 Exception <a 'java/lang/NullPointerException'{0x00000000d6bb7698}> (0x00000000d6bb7698) 
thrown [s\src\hotspot\share\interpreter\linkResolver.cpp, line 1372]
Event: 45.509 Thread 0x000002116c49f070 Exception <a 'java/lang/NullPointerException'{0x00000000d6bb7978}> (0x00000000d6bb7978) 
thrown [s\src\hotspot\share\interpreter\linkResolver.cpp, line 1372]
Event: 45.984 Thread 0x000002116c49f070 Exception <a 'java/lang/NoSuchMethodError'{0x00000000d5d01c68}: 'void java.lang.invoke.Invokers$Holder.invokeExact_MT(java.lang.Object, java.lang.Object, java.lang.Object)'> (0x00000000d5d01c68) 
thrown [s\src\hotspot\share\interpreter\linkResolver.cpp, line 773]
Event: 46.913 Thread 0x000002116c49f070 Exception <a 'java/io/FileNotFoundException'{0x00000000d65e3cf0}> (0x00000000d65e3cf0) 
thrown [s\src\hotspot\share\prims\jni.cpp, line 520]

ZGC Phase Switch (0 events):
No events

VM Operations (20 events):
Event: 37.581 Executing non-safepoint VM operation: HandshakeAllThreads (Deoptimize)
Event: 37.581 Executing non-safepoint VM operation: HandshakeAllThreads (Deoptimize) done
Event: 37.581 Executing safepoint VM operation: Cleanup
Event: 37.581 Executing safepoint VM operation: Cleanup done
Event: 38.582 Executing safepoint VM operation: Cleanup
Event: 38.582 Executing safepoint VM operation: Cleanup done
Event: 39.596 Executing safepoint VM operation: Cleanup
Event: 39.597 Executing safepoint VM operation: Cleanup done
Event: 43.622 Executing safepoint VM operation: Cleanup
Event: 43.622 Executing safepoint VM operation: Cleanup done
Event: 44.637 Executing safepoint VM operation: Cleanup
Event: 44.637 Executing safepoint VM operation: Cleanup done
Event: 45.323 Executing non-safepoint VM operation: HandshakeAllThreads (Deoptimize)
Event: 45.323 Executing non-safepoint VM operation: HandshakeAllThreads (Deoptimize) done
Event: 45.621 Executing safepoint VM operation: ParallelGCFailedAllocation (Allocation Failure)
Event: 45.632 Executing safepoint VM operation: ParallelGCFailedAllocation (Allocation Failure) done
Event: 45.794 Executing non-safepoint VM operation: HandshakeAllThreads (Deoptimize)
Event: 45.795 Executing non-safepoint VM operation: HandshakeAllThreads (Deoptimize) done
Event: 46.799 Executing safepoint VM operation: Cleanup
Event: 46.815 Executing safepoint VM operation: Cleanup done

Memory protections (0 events):
No events

Nmethod flushes (0 events):
No events

Events (20 events):
Event: 1.419 Thread 0x000002110c728f20 Thread added: 0x000002116c2b0450
Event: 1.470 Thread 0x000002116c046310 Thread added: 0x000002116c0492c0
Event: 2.159 Thread 0x000002116c0492c0 Thread exited: 0x000002116c0492c0
Event: 4.144 Thread 0x000002116c046310 Thread added: 0x000002116c0470b0
Event: 4.169 Thread 0x000002116c046310 Thread added: 0x000002116c048520
Event: 4.666 Thread 0x000002116c048520 Thread exited: 0x000002116c048520
Event: 4.672 Thread 0x000002116c0470b0 Thread exited: 0x000002116c0470b0
Event: 4.795 Thread 0x000002110c728f20 Thread added: 0x000002116cc1ea30
Event: 25.176 Thread 0x000002110c728f20 Thread added: 0x000002116c3dd390
Event: 25.237 Thread 0x000002116c3dd390 Thread added: 0x000002116c4673c0
Event: 25.387 Thread 0x000002110c728f20 Thread added: 0x000002116c49f070
Event: 25.640 Thread 0x000002116c046310 Thread added: 0x000002116c048bf0
Event: 25.640 Thread 0x000002116c046310 Thread added: 0x000002116c0492c0
Event: 26.218 Thread 0x000002116c048bf0 Thread exited: 0x000002116c048bf0
Event: 26.218 Thread 0x000002116c0492c0 Thread exited: 0x000002116c0492c0
Event: 30.779 Thread 0x000002116c49f070 Thread added: 0x000002116cd913c0
Event: 34.931 Thread 0x000002116c046310 Thread added: 0x000002116c0492c0
Event: 35.266 Thread 0x000002116c0492c0 Thread exited: 0x000002116c0492c0
Event: 45.756 Thread 0x000002116c49f070 Thread added: 0x000002116c9c2a80
Event: 46.378 Thread 0x000002116c046310 Thread added: 0x000002116c0470b0


Dynamic libraries:
0x00007ff7135b0000 - 0x00007ff7135be000 	c:\Users\Dell\.vscode\extensions\redhat.java-1.54.0-win32-x64\jre\21.0.10-win32-x86_64\bin\java.exe
0x00007ffde4040000 - 0x00007ffde42a7000 	C:\WINDOWS\SYSTEM32\ntdll.dll
0x00007ffde37a0000 - 0x00007ffde3869000 	C:\WINDOWS\System32\KERNEL32.DLL
0x00007ffde1610000 - 0x00007ffde19ff000 	C:\WINDOWS\System32\KERNELBASE.dll
0x00007ffde1190000 - 0x00007ffde12db000 	C:\WINDOWS\System32\ucrtbase.dll
0x00007ffdb21b0000 - 0x00007ffdb21c8000 	c:\Users\Dell\.vscode\extensions\redhat.java-1.54.0-win32-x64\jre\21.0.10-win32-x86_64\bin\jli.dll
0x00007ffdb2d70000 - 0x00007ffdb2d8e000 	c:\Users\Dell\.vscode\extensions\redhat.java-1.54.0-win32-x64\jre\21.0.10-win32-x86_64\bin\VCRUNTIME140.dll
0x00007ffde2390000 - 0x00007ffde2555000 	C:\WINDOWS\System32\USER32.dll
0x00007ffdcb820000 - 0x00007ffdcbab3000 	C:\WINDOWS\WinSxS\amd64_microsoft.windows.common-controls_6595b64144ccf1df_6.0.26100.7309_none_3e05feeae336a044\COMCTL32.dll
0x00007ffde1ac0000 - 0x00007ffde1ae7000 	C:\WINDOWS\System32\win32u.dll
0x00007ffde1f00000 - 0x00007ffde1fa9000 	C:\WINDOWS\System32\msvcrt.dll
0x00007ffde3770000 - 0x00007ffde379b000 	C:\WINDOWS\System32\GDI32.dll
0x00007ffde1390000 - 0x00007ffde14bc000 	C:\WINDOWS\System32\gdi32full.dll
0x00007ffde1a10000 - 0x00007ffde1ab3000 	C:\WINDOWS\System32\msvcp_win.dll
0x00007ffde36b0000 - 0x00007ffde36e1000 	C:\WINDOWS\System32\IMM32.DLL
0x00007ffdb3610000 - 0x00007ffdb361c000 	c:\Users\Dell\.vscode\extensions\redhat.java-1.54.0-win32-x64\jre\21.0.10-win32-x86_64\bin\vcruntime140_1.dll
0x00007ffd793e0000 - 0x00007ffd7946d000 	c:\Users\Dell\.vscode\extensions\redhat.java-1.54.0-win32-x64\jre\21.0.10-win32-x86_64\bin\msvcp140.dll
0x00007ffd2f9b0000 - 0x00007ffd30751000 	c:\Users\Dell\.vscode\extensions\redhat.java-1.54.0-win32-x64\jre\21.0.10-win32-x86_64\bin\server\jvm.dll
0x00007ffde3910000 - 0x00007ffde39c4000 	C:\WINDOWS\System32\ADVAPI32.dll
0x00007ffde3d70000 - 0x00007ffde3e16000 	C:\WINDOWS\System32\sechost.dll
0x00007ffde1de0000 - 0x00007ffde1ef8000 	C:\WINDOWS\System32\RPCRT4.dll
0x00007ffde2820000 - 0x00007ffde2894000 	C:\WINDOWS\System32\WS2_32.dll
0x00007ffde0ff0000 - 0x00007ffde104e000 	C:\WINDOWS\SYSTEM32\POWRPROF.dll
0x00007ffdd8030000 - 0x00007ffdd8065000 	C:\WINDOWS\SYSTEM32\WINMM.dll
0x00007ffdd7ce0000 - 0x00007ffdd7ceb000 	C:\WINDOWS\SYSTEM32\VERSION.dll
0x00007ffde0fd0000 - 0x00007ffde0fe4000 	C:\WINDOWS\SYSTEM32\UMPDC.dll
0x00007ffddff40000 - 0x00007ffddff5b000 	C:\WINDOWS\SYSTEM32\kernel.appcore.dll
0x00007ffdb2710000 - 0x00007ffdb271a000 	c:\Users\Dell\.vscode\extensions\redhat.java-1.54.0-win32-x64\jre\21.0.10-win32-x86_64\bin\jimage.dll
0x00007ffdde5e0000 - 0x00007ffdde822000 	C:\WINDOWS\SYSTEM32\DBGHELP.DLL
0x00007ffde39e0000 - 0x00007ffde3d65000 	C:\WINDOWS\System32\combase.dll
0x00007ffde35d0000 - 0x00007ffde36a6000 	C:\WINDOWS\System32\OLEAUT32.dll
0x00007ffdc9650000 - 0x00007ffdc968c000 	C:\WINDOWS\SYSTEM32\dbgcore.DLL
0x00007ffde12e0000 - 0x00007ffde1385000 	C:\WINDOWS\System32\bcryptPrimitives.dll
0x00007ffdb21a0000 - 0x00007ffdb21af000 	c:\Users\Dell\.vscode\extensions\redhat.java-1.54.0-win32-x64\jre\21.0.10-win32-x86_64\bin\instrument.dll
0x00007ffda6790000 - 0x00007ffda67b0000 	c:\Users\Dell\.vscode\extensions\redhat.java-1.54.0-win32-x64\jre\21.0.10-win32-x86_64\bin\java.dll
0x00007ffde28a0000 - 0x00007ffde2ff3000 	C:\WINDOWS\System32\SHELL32.dll
0x00007ffde1c70000 - 0x00007ffde1dda000 	C:\WINDOWS\System32\wintypes.dll
0x00007ffdded70000 - 0x00007ffddf5ce000 	C:\WINDOWS\SYSTEM32\windows.storage.dll
0x00007ffde2290000 - 0x00007ffde2385000 	C:\WINDOWS\System32\SHCORE.dll
0x00007ffde3e20000 - 0x00007ffde3e86000 	C:\WINDOWS\System32\shlwapi.dll
0x00007ffde10b0000 - 0x00007ffde10d9000 	C:\WINDOWS\SYSTEM32\profapi.dll
0x00007ffd7b110000 - 0x00007ffd7b128000 	c:\Users\Dell\.vscode\extensions\redhat.java-1.54.0-win32-x64\jre\21.0.10-win32-x86_64\bin\zip.dll
0x00007ffdb2160000 - 0x00007ffdb2170000 	C:\Users\Dell\.vscode\extensions\redhat.java-1.54.0-win32-x64\jre\21.0.10-win32-x86_64\bin\net.dll
0x00007ffdd9c80000 - 0x00007ffdd9da8000 	C:\WINDOWS\SYSTEM32\WINHTTP.dll
0x00007ffde04b0000 - 0x00007ffde051b000 	C:\WINDOWS\system32\mswsock.dll
0x00007ffd7a9f0000 - 0x00007ffd7aa06000 	C:\Users\Dell\.vscode\extensions\redhat.java-1.54.0-win32-x64\jre\21.0.10-win32-x86_64\bin\nio.dll
0x00007ffdb1e10000 - 0x00007ffdb1e20000 	c:\Users\Dell\.vscode\extensions\redhat.java-1.54.0-win32-x64\jre\21.0.10-win32-x86_64\bin\verify.dll
0x00007ffd75240000 - 0x00007ffd75285000 	C:\Users\Dell\AppData\Roaming\Code\User\globalStorage\redhat.java\1.54.0\config_win\org.eclipse.equinox.launcher\org.eclipse.equinox.launcher.win32.win32.x86_64_1.3.0.v20260203-2149\eclipse_11919.dll
0x00007ffde25f0000 - 0x00007ffde2787000 	C:\WINDOWS\System32\ole32.dll

JVMTI agents:
c:\Users\Dell\.vscode\extensions\redhat.java-1.54.0-win32-x64\lombok\lombok-1.18.39-4050.jar path:c:\Users\Dell\.vscode\extensions\redhat.java-1.54.0-win32-x64\jre\21.0.10-win32-x86_64\bin\instrument.dll, loaded, initialized, instrumentlib options:none

dbghelp: loaded successfully - version: 4.0.5 - missing functions: none
symbol engine: initialized successfully - sym options: 0x614 - pdb path: .;c:\Users\Dell\.vscode\extensions\redhat.java-1.54.0-win32-x64\jre\21.0.10-win32-x86_64\bin;C:\WINDOWS\SYSTEM32;C:\WINDOWS\WinSxS\amd64_microsoft.windows.common-controls_6595b64144ccf1df_6.0.26100.7309_none_3e05feeae336a044;c:\Users\Dell\.vscode\extensions\redhat.java-1.54.0-win32-x64\jre\21.0.10-win32-x86_64\bin\server;C:\Users\Dell\AppData\Roaming\Code\User\globalStorage\redhat.java\1.54.0\config_win\org.eclipse.equinox.launcher\org.eclipse.equinox.launcher.win32.win32.x86_64_1.3.0.v20260203-2149

VM Arguments:
jvm_args: --add-modules=ALL-SYSTEM --add-opens=java.base/java.util=ALL-UNNAMED --add-opens=java.base/java.lang=ALL-UNNAMED --add-opens=java.base/sun.nio.fs=ALL-UNNAMED -Declipse.application=org.eclipse.jdt.ls.core.id1 -Dosgi.bundles.defaultStartLevel=4 -Declipse.product=org.eclipse.jdt.ls.core.product -Djava.import.generatesMetadataFilesAtProjectRoot=false -DDetectVMInstallationsJob.disabled=true -Dfile.encoding=utf8 -XX:+UseParallelGC -XX:GCTimeRatio=4 -XX:AdaptiveSizePolicyWeight=90 -Dsun.zip.disableMemoryMapping=true -Xmx2G -Xms100m -Xlog:disable -javaagent:c:\Users\Dell\.vscode\extensions\redhat.java-1.54.0-win32-x64\lombok\lombok-1.18.39-4050.jar -XX:+HeapDumpOnOutOfMemoryError -XX:HeapDumpPath=c:\Users\Dell\AppData\Roaming\Code\User\workspaceStorage\030274fffca1edf6b01d840448dc3ca1\redhat.java -Daether.dependencyCollector.impl=bf 
java_command: c:\Users\Dell\.vscode\extensions\redhat.java-1.54.0-win32-x64\server\plugins\org.eclipse.equinox.launcher_1.7.100.v20251111-0406.jar -configuration c:\Users\Dell\AppData\Roaming\Code\User\globalStorage\redhat.java\1.54.0\config_win -data c:\Users\Dell\AppData\Roaming\Code\User\workspaceStorage\030274fffca1edf6b01d840448dc3ca1\redhat.java\jdt_ws --pipe=\\.\pipe\lsp-81bd7bdc3578764d425f2bcd5cc91a3c-sock
java_class_path (initial): c:\Users\Dell\.vscode\extensions\redhat.java-1.54.0-win32-x64\server\plugins\org.eclipse.equinox.launcher_1.7.100.v20251111-0406.jar
Launcher Type: SUN_STANDARD

[Global flags]
    uintx AdaptiveSizePolicyWeight                 = 90                                        {product} {command line}
     intx CICompilerCount                          = 4                                         {product} {ergonomic}
    uintx GCTimeRatio                              = 4                                         {product} {command line}
     bool HeapDumpOnOutOfMemoryError               = true                                   {manageable} {command line}
    ccstr HeapDumpPath                             = c:\Users\Dell\AppData\Roaming\Code\User\workspaceStorage\030274fffca1edf6b01d840448dc3ca1\redhat.java         {manageable} {command line}
   size_t InitialHeapSize                          = 104857600                                 {product} {command line}
   size_t MaxHeapSize                              = 2147483648                                {product} {command line}
   size_t MaxNewSize                               = 715653120                                 {product} {ergonomic}
   size_t MinHeapDeltaBytes                        = 524288                                    {product} {ergonomic}
   size_t MinHeapSize                              = 104857600                                 {product} {command line}
   size_t NewSize                                  = 34603008                                  {product} {ergonomic}
    uintx NonNMethodCodeHeapSize                   = 5839372                                {pd product} {ergonomic}
    uintx NonProfiledCodeHeapSize                  = 122909434                              {pd product} {ergonomic}
   size_t OldSize                                  = 70254592                                  {product} {ergonomic}
    uintx ProfiledCodeHeapSize                     = 122909434                              {pd product} {ergonomic}
    uintx ReservedCodeCacheSize                    = 251658240                              {pd product} {ergonomic}
     bool SegmentedCodeCache                       = true                                      {product} {ergonomic}
   size_t SoftMaxHeapSize                          = 2147483648                             {manageable} {ergonomic}
     bool UseCompressedOops                        = true                           {product lp64_product} {ergonomic}
     bool UseLargePagesIndividualAllocation        = false                                  {pd product} {ergonomic}
     bool UseParallelGC                            = true                                      {product} {command line}

Logging:
Log output configuration:
 #0: stdout all=off uptime,level,tags foldmultilines=false
 #1: stderr all=off uptime,level,tags foldmultilines=false

Release file:
JAVA_VERSION="21.0.10" 
MODULES="java.base java.compiler java.datatransfer java.xml java.prefs java.desktop java.instrument java.logging java.management java.security.sasl java.naming java.rmi java.management.rmi java.net.http java.scripting java.security.jgss java.transaction.xa java.sql java.sql.rowset java.xml.crypto java.se java.smartcardio jdk.accessibility jdk.internal.jvmstat jdk.attach jdk.charsets jdk.internal.opt jdk.zipfs jdk.compiler jdk.crypto.ec jdk.crypto.cryptoki jdk.crypto.mscapi jdk.dynalink jdk.internal.ed jdk.editpad jdk.hotspot.agent jdk.httpserver jdk.internal.le jdk.internal.vm.ci jdk.internal.vm.compiler jdk.internal.vm.compiler.management jdk.jartool jdk.javadoc jdk.jcmd jdk.management jdk.management.agent jdk.jconsole jdk.jdeps jdk.jdwp.agent jdk.jdi jdk.jfr jdk.jshell jdk.jsobject jdk.jstatd jdk.localedata jdk.management.jfr jdk.naming.dns jdk.naming.rmi jdk.net jdk.nio.mapmode jdk.random jdk.sctp jdk.security.auth jdk.security.jgss jdk.unsupported jdk.unsupported.desktop jdk.xml.dom" 

Environment Variables:
PATH=C:\Users\Dell\AppData\Local\Programs\Microsoft VS Code;C:\oraclexe\app\oracle\product\11.2.0\server\bin;C:\Program Files\Common Files\Oracle\Java\javapath;C:\Program Files (x86)\Common Files\Oracle\Java\javapath;C:\WINDOWS\system32;C:\WINDOWS;C:\WINDOWS\System32\Wbem;C:\WINDOWS\System32\WindowsPowerShell\v1.0\;C:\WINDOWS\System32\OpenSSH\;C:\Program Files\nodejs\;C:\Program Files\Git\cmd;C:\Program Files\MySQL\MySQL Server 8.0\bin;C:\Users\Dell\AppData\Local\Programs\Python\Python313\Scripts\;C:\Users\Dell\AppData\Local\Programs\Python\Python313\;C:\Users\Dell\AppData\Local\Microsoft\WindowsApps;;C:\Users\Dell\AppData\Local\Programs\Microsoft VS Code\bin;C:\Users\Dell\AppData\Roaming\npm;D:\Antigravity\bin
USERNAME=Dell
OS=Windows_NT
PROCESSOR_IDENTIFIER=Intel64 Family 6 Model 140 Stepping 1, GenuineIntel
TMP=C:\Users\Dell\AppData\Local\Temp
TEMP=C:\Users\Dell\AppData\Local\Temp




Periodic native trim disabled

---------------  S Y S T E M  ---------------

OS:
 Windows 11 , 64 bit Build 26100 (10.0.26100.7309)
OS uptime: 0 days 3:11 hours
Hyper-V role detected

CPU: total 8 (initial active 8) (4 cores per cpu, 2 threads per core) family 6 model 140 stepping 1 microcode 0xbc, cx8, cmov, fxsr, ht, mmx, 3dnowpref, sse, sse2, sse3, ssse3, sse4.1, sse4.2, popcnt, lzcnt, tsc, tscinvbit, avx, avx2, aes, erms, clmul, bmi1, bmi2, adx, avx512f, avx512dq, avx512cd, avx512bw, avx512vl, sha, fma, vzeroupper, avx512_vpopcntdq, avx512_vpclmulqdq, avx512_vaes, avx512_vnni, clflush, clflushopt, clwb, avx512_vbmi2, avx512_vbmi, hv, rdtscp, rdpid, fsrm, gfni, avx512_bitalg, f16c, cet_ibt, cet_ss, avx512_ifma
Processor Information for the first 8 processors :
  Max Mhz: 2419, Current Mhz: 2419, Mhz Limit: 2419

Memory: 4k page, system-wide physical 7914M (591M free)
TotalPageFile size 19958M (AvailPageFile size 0M)
current process WorkingSet (physical memory assigned to process): 93M, peak: 96M
current process commit charge ("private bytes"): 254M, peak: 255M

vm_info: OpenJDK 64-Bit Server VM (21.0.10+7-LTS) for windows-amd64 JRE (21.0.10+7-LTS), built on 2026-01-20T00:00:00Z by "admin" with MS VC++ 17.12 (VS2022)

END.
