#
# There is insufficient memory for the Java Runtime Environment to continue.
# Native memory allocation (malloc) failed to allocate 32744 bytes. Error detail: Chunk::new
# Possible reasons:
#   The system is out of physical RAM or swap space
#   This process is running with CompressedOops enabled, and the Java Heap may be blocking the growth of the native heap
# Possible solutions:
#   Reduce memory load on the system
#   Increase physical memory or swap space
#   Check if swap backing store is full
#   Decrease Java heap size (-Xmx/-Xms)
#   Decrease number of Java threads
#   Decrease Java thread stack sizes (-Xss)
#   Set larger code cache with -XX:ReservedCodeCacheSize=
#   JVM is running with Unscaled Compressed Oops mode in which the Java heap is
#     placed in the first 4GB address space. The Java Heap base address is the
#     maximum limit for the native heap growth. Please use -XX:HeapBaseMinAddress
#     to set the Java Heap base and to place the Java Heap above 4GB virtual address.
# This output file may be truncated or incomplete.
#
#  Out of Memory Error (arena.cpp:168), pid=15404, tid=7732
#
# JRE version: OpenJDK Runtime Environment Temurin-21.0.10+7 (21.0.10+7) (build 21.0.10+7-LTS)
# Java VM: OpenJDK 64-Bit Server VM Temurin-21.0.10+7 (21.0.10+7-LTS, mixed mode, sharing, tiered, compressed oops, compressed class ptrs, parallel gc, windows-amd64)
# No core dump will be written. Minidumps are not enabled by default on client versions of Windows
#

---------------  S U M M A R Y ------------

Command Line: --add-modules=ALL-SYSTEM --add-opens=java.base/java.util=ALL-UNNAMED --add-opens=java.base/java.lang=ALL-UNNAMED --add-opens=java.base/sun.nio.fs=ALL-UNNAMED -Declipse.application=org.eclipse.jdt.ls.core.id1 -Dosgi.bundles.defaultStartLevel=4 -Declipse.product=org.eclipse.jdt.ls.core.product -Djava.import.generatesMetadataFilesAtProjectRoot=false -DDetectVMInstallationsJob.disabled=true -Dfile.encoding=utf8 -XX:+UseParallelGC -XX:GCTimeRatio=4 -XX:AdaptiveSizePolicyWeight=90 -Dsun.zip.disableMemoryMapping=true -Xmx2G -Xms100m -Xlog:disable -javaagent:c:\Users\Dell\.vscode\extensions\redhat.java-1.53.0-win32-x64\lombok\lombok-1.18.39-4050.jar -XX:+HeapDumpOnOutOfMemoryError -XX:HeapDumpPath=c:\Users\Dell\AppData\Roaming\Code\User\workspaceStorage\030274fffca1edf6b01d840448dc3ca1\redhat.java -Daether.dependencyCollector.impl=bf c:\Users\Dell\.vscode\extensions\redhat.java-1.53.0-win32-x64\server\plugins\org.eclipse.equinox.launcher_1.7.100.v20251111-0406.jar -configuration c:\Users\Dell\AppData\Roaming\Code\User\globalStorage\redhat.java\1.53.0\config_win -data c:\Users\Dell\AppData\Roaming\Code\User\workspaceStorage\030274fffca1edf6b01d840448dc3ca1\redhat.java\jdt_ws --pipe=\\.\pipe\lsp-edc045f366e4017d3e9afedf5b683c1f-sock

Host: 11th Gen Intel(R) Core(TM) i5-1135G7 @ 2.40GHz, 8 cores, 7G,  Windows 11 , 64 bit Build 26100 (10.0.26100.7309)
Time: Mon Apr 13 21:07:24 2026 Nepal Standard Time elapsed time: 27.037953 seconds (0d 0h 0m 27s)

---------------  T H R E A D  ---------------

Current thread (0x00000172de24dbe0):  JavaThread "C2 CompilerThread0" daemon [_thread_in_native, id=7732, stack(0x0000004193600000,0x0000004193700000) (1024K)]


Current CompileTask:
C2:27038 3861       4       jdk.internal.util.ReferencedKeySet::get (27 bytes)

Stack: [0x0000004193600000,0x0000004193700000]
Native frames: (J=compiled Java code, j=interpreted, Vv=VM code, C=native code)
V  [jvm.dll+0x6d7a39]
V  [jvm.dll+0x8b4b26]
V  [jvm.dll+0x8b70de]
V  [jvm.dll+0x8b77c3]
V  [jvm.dll+0x284346]
V  [jvm.dll+0xc66ed]
V  [jvm.dll+0xc6c31]
V  [jvm.dll+0xc6815]
V  [jvm.dll+0x72dacc]
V  [jvm.dll+0x60915f]
V  [jvm.dll+0x7a49f8]
V  [jvm.dll+0x7a3941]
V  [jvm.dll+0x615102]
V  [jvm.dll+0x614e90]
V  [jvm.dll+0x5fef81]
V  [jvm.dll+0x255b17]
V  [jvm.dll+0x24df54]
V  [jvm.dll+0x24ba42]
V  [jvm.dll+0x1cb34e]
V  [jvm.dll+0x25b85d]
V  [jvm.dll+0x259dea]
V  [jvm.dll+0x3f857e]
V  [jvm.dll+0x85f59d]
V  [jvm.dll+0x6d626d]
C  [ucrtbase.dll+0x37b0]
C  [KERNEL32.DLL+0x2e8d7]
C  [ntdll.dll+0x8c53c]


---------------  P R O C E S S  ---------------

Threads class SMR info:
_java_thread_list=0x00000172fb8c3520, length=21, elements={
0x00000172de2cc220, 0x00000172de389840, 0x00000172de38a760, 0x00000172de244850,
0x00000172de2453b0, 0x00000172de247f20, 0x00000172de24ad90, 0x00000172de24dbe0,
0x00000172f6543ad0, 0x00000172f66fb020, 0x00000172f67e0350, 0x00000172fb0b7700,
0x00000172f659bc20, 0x00000172fb1bdec0, 0x00000172fb4899f0, 0x00000172fb278380,
0x00000172fb93a3b0, 0x00000172fb738440, 0x00000172fbd92b30, 0x00000172fbd8fd40,
0x00000172fbd931c0
}

Java Threads: ( => current thread )
  0x00000172de2cc220 JavaThread "main"                              [_thread_blocked, id=2860, stack(0x0000004192c00000,0x0000004192d00000) (1024K)]
  0x00000172de389840 JavaThread "Reference Handler"          daemon [_thread_blocked, id=16324, stack(0x0000004193000000,0x0000004193100000) (1024K)]
  0x00000172de38a760 JavaThread "Finalizer"                  daemon [_thread_blocked, id=17892, stack(0x0000004193100000,0x0000004193200000) (1024K)]
  0x00000172de244850 JavaThread "Signal Dispatcher"          daemon [_thread_blocked, id=9004, stack(0x0000004193200000,0x0000004193300000) (1024K)]
  0x00000172de2453b0 JavaThread "Attach Listener"            daemon [_thread_blocked, id=13324, stack(0x0000004193300000,0x0000004193400000) (1024K)]
  0x00000172de247f20 JavaThread "Service Thread"             daemon [_thread_blocked, id=7960, stack(0x0000004193400000,0x0000004193500000) (1024K)]
  0x00000172de24ad90 JavaThread "Monitor Deflation Thread"   daemon [_thread_blocked, id=14832, stack(0x0000004193500000,0x0000004193600000) (1024K)]
=>0x00000172de24dbe0 JavaThread "C2 CompilerThread0"         daemon [_thread_in_native, id=7732, stack(0x0000004193600000,0x0000004193700000) (1024K)]
  0x00000172f6543ad0 JavaThread "C1 CompilerThread0"         daemon [_thread_in_native, id=17072, stack(0x0000004193700000,0x0000004193800000) (1024K)]
  0x00000172f66fb020 JavaThread "Common-Cleaner"             daemon [_thread_blocked, id=12404, stack(0x0000004193800000,0x0000004193900000) (1024K)]
  0x00000172f67e0350 JavaThread "Notification Thread"        daemon [_thread_blocked, id=2960, stack(0x0000004193900000,0x0000004193a00000) (1024K)]
  0x00000172fb0b7700 JavaThread "Active Thread: Equinox Container: b6f6923d-56e8-4093-ad2d-287491cda2f2"        [_thread_blocked, id=3884, stack(0x0000004194000000,0x0000004194100000) (1024K)]
  0x00000172f659bc20 JavaThread "Refresh Thread: Equinox Container: b6f6923d-56e8-4093-ad2d-287491cda2f2" daemon [_thread_blocked, id=2908, stack(0x0000004194300000,0x0000004194400000) (1024K)]
  0x00000172fb1bdec0 JavaThread "Framework Event Dispatcher: Equinox Container: b6f6923d-56e8-4093-ad2d-287491cda2f2" daemon [_thread_blocked, id=17612, stack(0x0000004194100000,0x0000004194200000) (1024K)]
  0x00000172fb4899f0 JavaThread "Start Level: Equinox Container: b6f6923d-56e8-4093-ad2d-287491cda2f2" daemon [_thread_in_Java, id=14112, stack(0x0000004194400000,0x0000004194500000) (1024K)]
  0x00000172fb278380 JavaThread "Bundle File Closer"         daemon [_thread_blocked, id=17988, stack(0x0000004194500000,0x0000004194600000) (1024K)]
  0x00000172fb93a3b0 JavaThread "SCR Component Actor"        daemon [_thread_blocked, id=11648, stack(0x0000004194600000,0x0000004194700000) (1024K)]
  0x00000172fb738440 JavaThread "Worker-JM"                         [_thread_blocked, id=1028, stack(0x0000004194700000,0x0000004194800000) (1024K)]
  0x00000172fbd92b30 JavaThread "JNA Cleaner"                daemon [_thread_blocked, id=16280, stack(0x0000004194800000,0x0000004194900000) (1024K)]
  0x00000172fbd8fd40 JavaThread "Worker-0: Checking project encoding"        [_thread_blocked, id=3908, stack(0x0000004194900000,0x0000004194a00000) (1024K)]
  0x00000172fbd931c0 JavaThread "Worker-1"                          [_thread_blocked, id=8276, stack(0x0000004194a00000,0x0000004194b00000) (1024K)]
Total: 21

Other Threads:
  0x00000172de36e7e0 VMThread "VM Thread"                           [id=14140, stack(0x0000004192f00000,0x0000004193000000) (1024K)]
  0x00000172de33a1a0 WatcherThread "VM Periodic Task Thread"        [id=7384, stack(0x0000004192e00000,0x0000004192f00000) (1024K)]
  0x00000172de2eaa40 WorkerThread "GC Thread#0"                     [id=3888, stack(0x0000004192d00000,0x0000004192e00000) (1024K)]
  0x00000172fb2b6b30 WorkerThread "GC Thread#1"                     [id=10220, stack(0x0000004193a00000,0x0000004193b00000) (1024K)]
  0x00000172fb288930 WorkerThread "GC Thread#2"                     [id=6856, stack(0x0000004193b00000,0x0000004193c00000) (1024K)]
  0x00000172fb2b6ee0 WorkerThread "GC Thread#3"                     [id=12984, stack(0x0000004193c00000,0x0000004193d00000) (1024K)]
  0x00000172fb2bb600 WorkerThread "GC Thread#4"                     [id=18980, stack(0x0000004193d00000,0x0000004193e00000) (1024K)]
  0x00000172fb2bb9b0 WorkerThread "GC Thread#5"                     [id=12816, stack(0x0000004193e00000,0x0000004193f00000) (1024K)]
  0x00000172fb2bbd60 WorkerThread "GC Thread#6"                     [id=3608, stack(0x0000004193f00000,0x0000004194000000) (1024K)]
  0x00000172fb3cdb80 WorkerThread "GC Thread#7"                     [id=15608, stack(0x0000004194200000,0x0000004194300000) (1024K)]
Total: 10

Threads with active compile tasks:
C2 CompilerThread0  27090 3861       4       jdk.internal.util.ReferencedKeySet::get (27 bytes)
Total: 1

VM state: not at safepoint (normal execution)

VM Mutex/Monitor currently owned by a thread: None

Heap address: 0x0000000080000000, size: 2048 MB, Compressed Oops mode: 32-bit

CDS archive(s) mapped at: [0x0000017280000000-0x0000017280ba0000-0x0000017280ba0000), size 12189696, SharedBaseAddress: 0x0000017280000000, ArchiveRelocationMode: 1.
Compressed class space mapped at: 0x0000017281000000-0x00000172c1000000, reserved size: 1073741824
Narrow klass base: 0x0000017280000000, Narrow klass shift: 0, Narrow klass range: 0x100000000

GC Precious Log:
 CardTable entry size: 512
 CPUs: 8 total, 8 available
 Memory: 7914M
 Large Page Support: Disabled
 NUMA Support: Disabled
 Compressed Oops: Enabled (32-bit)
 Alignments: Space 512K, Generation 512K, Heap 2M
 Heap Min Capacity: 100M
 Heap Initial Capacity: 100M
 Heap Max Capacity: 2G
 Pre-touch: Disabled
 Parallel Workers: 8

Heap:
 PSYoungGen      total 29184K, used 514K [0x00000000d5580000, 0x00000000d7680000, 0x0000000100000000)
  eden space 24576K, 2% used [0x00000000d5580000,0x00000000d5600810,0x00000000d6d80000)
  from space 4608K, 0% used [0x00000000d6e80000,0x00000000d6e80000,0x00000000d7300000)
  to   space 3584K, 0% used [0x00000000d7300000,0x00000000d7300000,0x00000000d7680000)
 ParOldGen       total 68608K, used 13129K [0x0000000080000000, 0x0000000084300000, 0x00000000d5580000)
  object space 68608K, 19% used [0x0000000080000000,0x0000000080cd27f0,0x0000000084300000)
 Metaspace       used 20616K, committed 21568K, reserved 1114112K
  class space    used 2198K, committed 2560K, reserved 1048576K

Card table byte_map: [0x00000172ddc70000,0x00000172de080000] _byte_map_base: 0x00000172dd870000

Marking Bits: (ParMarkBitMap*) 0x00007fff42453450
 Begin Bits: [0x00000172f0780000, 0x00000172f2780000)
 End Bits:   [0x00000172f2780000, 0x00000172f4780000)

Polling page: 0x00000172dc110000

Metaspace:

Usage:
  Non-class:     17.99 MB used.
      Class:      2.15 MB used.
       Both:     20.13 MB used.

Virtual space:
  Non-class space:       64.00 MB reserved,      18.56 MB ( 29%) committed,  1 nodes.
      Class space:        1.00 GB reserved,       2.50 MB ( <1%) committed,  1 nodes.
             Both:        1.06 GB reserved,      21.06 MB (  2%) committed. 

Chunk freelists:
   Non-Class:  12.99 MB
       Class:  13.53 MB
        Both:  26.52 MB

MaxMetaspaceSize: unlimited
CompressedClassSpaceSize: 1.00 GB
Initial GC threshold: 21.00 MB
Current GC threshold: 35.00 MB
CDS: on
 - commit_granule_bytes: 65536.
 - commit_granule_words: 8192.
 - virtual_space_node_default_size: 8388608.
 - enlarge_chunks_in_place: 1.
 - use_allocation_guard: 0.


Internal statistics:

num_allocs_failed_limit: 3.
num_arena_births: 728.
num_arena_deaths: 14.
num_vsnodes_births: 2.
num_vsnodes_deaths: 0.
num_space_committed: 337.
num_space_uncommitted: 0.
num_chunks_returned_to_freelist: 17.
num_chunks_taken_from_freelist: 1579.
num_chunk_merges: 8.
num_chunk_splits: 976.
num_chunks_enlarged: 569.
num_inconsistent_stats: 0.

CodeHeap 'non-profiled nmethods': size=120000Kb used=1692Kb max_used=1692Kb free=118307Kb
 bounds [0x00000172e8fa0000, 0x00000172e9210000, 0x00000172f04d0000]
CodeHeap 'profiled nmethods': size=120000Kb used=8054Kb max_used=8054Kb free=111945Kb
 bounds [0x00000172e14d0000, 0x00000172e1cb0000, 0x00000172e8a00000]
CodeHeap 'non-nmethods': size=5760Kb used=1298Kb max_used=1326Kb free=4461Kb
 bounds [0x00000172e8a00000, 0x00000172e8c70000, 0x00000172e8fa0000]
CodeCache: size=245760Kb, used=11044Kb, max_used=11072Kb, free=234713Kb
 total_blobs=4445, nmethods=3875, adapters=476, full_count=0
Compilation: enabled, stopped_count=0, restarted_count=0

Compilation events (20 events):
Event: 26.928 Thread 0x00000172f6543ad0 nmethod 3849 0x00000172e1ca0a10 code [0x00000172e1ca0be0, 0x00000172e1ca0e38]
Event: 26.929 Thread 0x00000172f6543ad0 3850       3       java.lang.invoke.DirectMethodHandle::fieldOffset (9 bytes)
Event: 26.930 Thread 0x00000172f6543ad0 nmethod 3850 0x00000172e1ca0f10 code [0x00000172e1ca10c0, 0x00000172e1ca12b0]
Event: 26.930 Thread 0x00000172f6543ad0 3851       3       java.lang.invoke.DirectMethodHandle::checkBase (5 bytes)
Event: 26.930 Thread 0x00000172f6543ad0 nmethod 3851 0x00000172e1ca1390 code [0x00000172e1ca1540, 0x00000172e1ca1780]
Event: 26.932 Thread 0x00000172f6543ad0 3853       1       java.io.ObjectInputStream$HandleTable::size (5 bytes)
Event: 26.932 Thread 0x00000172f6543ad0 nmethod 3853 0x00000172e9146690 code [0x00000172e9146820, 0x00000172e91468e8]
Event: 26.943 Thread 0x00000172f6543ad0 3854       3       java.lang.invoke.LambdaFormBuffer::clearDuplicatesAndNulls (268 bytes)
Event: 27.011 Thread 0x00000172f6543ad0 nmethod 3854 0x00000172e1ca1890 code [0x00000172e1ca1b20, 0x00000172e1ca2a00]
Event: 27.011 Thread 0x00000172de24dbe0 3855       4       java.util.ImmutableCollections$ListN::size (6 bytes)
Event: 27.012 Thread 0x00000172de24dbe0 nmethod 3855 0x00000172e9146990 code [0x00000172e9146b20, 0x00000172e9146bc0]
Event: 27.013 Thread 0x00000172f6543ad0 3856       3       java.lang.invoke.InvokerBytecodeGenerator::emitReturnInsn (122 bytes)
Event: 27.014 Thread 0x00000172f6543ad0 nmethod 3856 0x00000172e1ca2f10 code [0x00000172e1ca3180, 0x00000172e1ca3b40]
Event: 27.014 Thread 0x00000172f6543ad0 3857       3       java.io.ObjectInputStream$HandleTable::lookupException (29 bytes)
Event: 27.015 Thread 0x00000172f6543ad0 nmethod 3857 0x00000172e1ca3e90 code [0x00000172e1ca4060, 0x00000172e1ca4358]
Event: 27.025 Thread 0x00000172de24dbe0 3861       4       jdk.internal.util.ReferencedKeySet::get (27 bytes)
Event: 27.025 Thread 0x00000172f6543ad0 3860       3       java.lang.invoke.MethodType::makeImpl (109 bytes)
Event: 27.028 Thread 0x00000172f6543ad0 nmethod 3860 0x00000172e1ca4490 code [0x00000172e1ca47e0, 0x00000172e1ca5be0]
Event: 27.029 Thread 0x00000172f6543ad0 3862       3       java.lang.invoke.LambdaForm$BasicType::basicType (8 bytes)
Event: 27.029 Thread 0x00000172f6543ad0 nmethod 3862 0x00000172e1ca6310 code [0x00000172e1ca64e0, 0x00000172e1ca6720]

GC Heap History (16 events):
Event: 4.851 GC heap before
{Heap before GC invocations=1 (full 0):
 PSYoungGen      total 29696K, used 25600K [0x00000000d5580000, 0x00000000d7680000, 0x0000000100000000)
  eden space 25600K, 100% used [0x00000000d5580000,0x00000000d6e80000,0x00000000d6e80000)
  from space 4096K, 0% used [0x00000000d7280000,0x00000000d7280000,0x00000000d7680000)
  to   space 4096K, 0% used [0x00000000d6e80000,0x00000000d6e80000,0x00000000d7280000)
 ParOldGen       total 68608K, used 0K [0x0000000080000000, 0x0000000084300000, 0x00000000d5580000)
  object space 68608K, 0% used [0x0000000080000000,0x0000000080000000,0x0000000084300000)
 Metaspace       used 4400K, committed 4608K, reserved 1114112K
  class space    used 475K, committed 576K, reserved 1048576K
}
Event: 4.864 GC heap after
{Heap after GC invocations=1 (full 0):
 PSYoungGen      total 29696K, used 3303K [0x00000000d5580000, 0x00000000d7680000, 0x0000000100000000)
  eden space 25600K, 0% used [0x00000000d5580000,0x00000000d5580000,0x00000000d6e80000)
  from space 4096K, 80% used [0x00000000d6e80000,0x00000000d71b9e98,0x00000000d7280000)
  to   space 4096K, 0% used [0x00000000d7280000,0x00000000d7280000,0x00000000d7680000)
 ParOldGen       total 68608K, used 16K [0x0000000080000000, 0x0000000084300000, 0x00000000d5580000)
  object space 68608K, 0% used [0x0000000080000000,0x0000000080004000,0x0000000084300000)
 Metaspace       used 4400K, committed 4608K, reserved 1114112K
  class space    used 475K, committed 576K, reserved 1048576K
}
Event: 8.016 GC heap before
{Heap before GC invocations=2 (full 0):
 PSYoungGen      total 29696K, used 28903K [0x00000000d5580000, 0x00000000d7680000, 0x0000000100000000)
  eden space 25600K, 100% used [0x00000000d5580000,0x00000000d6e80000,0x00000000d6e80000)
  from space 4096K, 80% used [0x00000000d6e80000,0x00000000d71b9e98,0x00000000d7280000)
  to   space 4096K, 0% used [0x00000000d7280000,0x00000000d7280000,0x00000000d7680000)
 ParOldGen       total 68608K, used 16K [0x0000000080000000, 0x0000000084300000, 0x00000000d5580000)
  object space 68608K, 0% used [0x0000000080000000,0x0000000080004000,0x0000000084300000)
 Metaspace       used 8020K, committed 8320K, reserved 1114112K
  class space    used 831K, committed 960K, reserved 1048576K
}
Event: 8.030 GC heap after
{Heap after GC invocations=2 (full 0):
 PSYoungGen      total 29696K, used 4086K [0x00000000d5580000, 0x00000000d7680000, 0x0000000100000000)
  eden space 25600K, 0% used [0x00000000d5580000,0x00000000d5580000,0x00000000d6e80000)
  from space 4096K, 99% used [0x00000000d7280000,0x00000000d767d810,0x00000000d7680000)
  to   space 4096K, 0% used [0x00000000d6e80000,0x00000000d6e80000,0x00000000d7280000)
 ParOldGen       total 68608K, used 2063K [0x0000000080000000, 0x0000000084300000, 0x00000000d5580000)
  object space 68608K, 3% used [0x0000000080000000,0x0000000080203e48,0x0000000084300000)
 Metaspace       used 8020K, committed 8320K, reserved 1114112K
  class space    used 831K, committed 960K, reserved 1048576K
}
Event: 10.699 GC heap before
{Heap before GC invocations=3 (full 0):
 PSYoungGen      total 29696K, used 29485K [0x00000000d5580000, 0x00000000d7680000, 0x0000000100000000)
  eden space 25600K, 99% used [0x00000000d5580000,0x00000000d6e4df90,0x00000000d6e80000)
  from space 4096K, 99% used [0x00000000d7280000,0x00000000d767d810,0x00000000d7680000)
  to   space 4096K, 0% used [0x00000000d6e80000,0x00000000d6e80000,0x00000000d7280000)
 ParOldGen       total 68608K, used 2063K [0x0000000080000000, 0x0000000084300000, 0x00000000d5580000)
  object space 68608K, 3% used [0x0000000080000000,0x0000000080203e48,0x0000000084300000)
 Metaspace       used 9453K, committed 9728K, reserved 1114112K
  class space    used 1005K, committed 1152K, reserved 1048576K
}
Event: 10.714 GC heap after
{Heap after GC invocations=3 (full 0):
 PSYoungGen      total 29696K, used 4084K [0x00000000d5580000, 0x00000000d7680000, 0x0000000100000000)
  eden space 25600K, 0% used [0x00000000d5580000,0x00000000d5580000,0x00000000d6e80000)
  from space 4096K, 99% used [0x00000000d6e80000,0x00000000d727d290,0x00000000d7280000)
  to   space 4096K, 0% used [0x00000000d7280000,0x00000000d7280000,0x00000000d7680000)
 ParOldGen       total 68608K, used 5151K [0x0000000080000000, 0x0000000084300000, 0x00000000d5580000)
  object space 68608K, 7% used [0x0000000080000000,0x0000000080507ec8,0x0000000084300000)
 Metaspace       used 9453K, committed 9728K, reserved 1114112K
  class space    used 1005K, committed 1152K, reserved 1048576K
}
Event: 14.482 GC heap before
{Heap before GC invocations=4 (full 0):
 PSYoungGen      total 29696K, used 29684K [0x00000000d5580000, 0x00000000d7680000, 0x0000000100000000)
  eden space 25600K, 100% used [0x00000000d5580000,0x00000000d6e80000,0x00000000d6e80000)
  from space 4096K, 99% used [0x00000000d6e80000,0x00000000d727d290,0x00000000d7280000)
  to   space 4096K, 0% used [0x00000000d7280000,0x00000000d7280000,0x00000000d7680000)
 ParOldGen       total 68608K, used 5151K [0x0000000080000000, 0x0000000084300000, 0x00000000d5580000)
  object space 68608K, 7% used [0x0000000080000000,0x0000000080507ec8,0x0000000084300000)
 Metaspace       used 11748K, committed 12160K, reserved 1114112K
  class space    used 1240K, committed 1408K, reserved 1048576K
}
Event: 14.492 GC heap after
{Heap after GC invocations=4 (full 0):
 PSYoungGen      total 29696K, used 4092K [0x00000000d5580000, 0x00000000d7680000, 0x0000000100000000)
  eden space 25600K, 0% used [0x00000000d5580000,0x00000000d5580000,0x00000000d6e80000)
  from space 4096K, 99% used [0x00000000d7280000,0x00000000d767f1b8,0x00000000d7680000)
  to   space 4096K, 0% used [0x00000000d6e80000,0x00000000d6e80000,0x00000000d7280000)
 ParOldGen       total 68608K, used 6781K [0x0000000080000000, 0x0000000084300000, 0x00000000d5580000)
  object space 68608K, 9% used [0x0000000080000000,0x000000008069f6e0,0x0000000084300000)
 Metaspace       used 11748K, committed 12160K, reserved 1114112K
  class space    used 1240K, committed 1408K, reserved 1048576K
}
Event: 18.831 GC heap before
{Heap before GC invocations=5 (full 0):
 PSYoungGen      total 29696K, used 29692K [0x00000000d5580000, 0x00000000d7680000, 0x0000000100000000)
  eden space 25600K, 100% used [0x00000000d5580000,0x00000000d6e80000,0x00000000d6e80000)
  from space 4096K, 99% used [0x00000000d7280000,0x00000000d767f1b8,0x00000000d7680000)
  to   space 4096K, 0% used [0x00000000d6e80000,0x00000000d6e80000,0x00000000d7280000)
 ParOldGen       total 68608K, used 6781K [0x0000000080000000, 0x0000000084300000, 0x00000000d5580000)
  object space 68608K, 9% used [0x0000000080000000,0x000000008069f6e0,0x0000000084300000)
 Metaspace       used 15758K, committed 16384K, reserved 1114112K
  class space    used 1629K, committed 1920K, reserved 1048576K
}
Event: 18.838 GC heap after
{Heap after GC invocations=5 (full 0):
 PSYoungGen      total 29184K, used 4090K [0x00000000d5580000, 0x00000000d7900000, 0x0000000100000000)
  eden space 25088K, 0% used [0x00000000d5580000,0x00000000d5580000,0x00000000d6e00000)
  from space 4096K, 99% used [0x00000000d6e80000,0x00000000d727eaf0,0x00000000d7280000)
  to   space 5632K, 0% used [0x00000000d7380000,0x00000000d7380000,0x00000000d7900000)
 ParOldGen       total 68608K, used 7890K [0x0000000080000000, 0x0000000084300000, 0x00000000d5580000)
  object space 68608K, 11% used [0x0000000080000000,0x00000000807b48b0,0x0000000084300000)
 Metaspace       used 15758K, committed 16384K, reserved 1114112K
  class space    used 1629K, committed 1920K, reserved 1048576K
}
Event: 23.945 GC heap before
{Heap before GC invocations=6 (full 0):
 PSYoungGen      total 29184K, used 29178K [0x00000000d5580000, 0x00000000d7900000, 0x0000000100000000)
  eden space 25088K, 100% used [0x00000000d5580000,0x00000000d6e00000,0x00000000d6e00000)
  from space 4096K, 99% used [0x00000000d6e80000,0x00000000d727eaf0,0x00000000d7280000)
  to   space 5632K, 0% used [0x00000000d7380000,0x00000000d7380000,0x00000000d7900000)
 ParOldGen       total 68608K, used 7890K [0x0000000080000000, 0x0000000084300000, 0x00000000d5580000)
  object space 68608K, 11% used [0x0000000080000000,0x00000000807b48b0,0x0000000084300000)
 Metaspace       used 18827K, committed 19584K, reserved 1114112K
  class space    used 1973K, committed 2240K, reserved 1048576K
}
Event: 23.953 GC heap after
{Heap after GC invocations=6 (full 0):
 PSYoungGen      total 29696K, used 4847K [0x00000000d5580000, 0x00000000d7880000, 0x0000000100000000)
  eden space 24576K, 0% used [0x00000000d5580000,0x00000000d5580000,0x00000000d6d80000)
  from space 5120K, 94% used [0x00000000d7380000,0x00000000d783bd58,0x00000000d7880000)
  to   space 5120K, 0% used [0x00000000d6e80000,0x00000000d6e80000,0x00000000d7380000)
 ParOldGen       total 68608K, used 7898K [0x0000000080000000, 0x0000000084300000, 0x00000000d5580000)
  object space 68608K, 11% used [0x0000000080000000,0x00000000807b68b0,0x0000000084300000)
 Metaspace       used 18827K, committed 19584K, reserved 1114112K
  class space    used 1973K, committed 2240K, reserved 1048576K
}
Event: 26.944 GC heap before
{Heap before GC invocations=7 (full 0):
 PSYoungGen      total 29696K, used 22831K [0x00000000d5580000, 0x00000000d7880000, 0x0000000100000000)
  eden space 24576K, 73% used [0x00000000d5580000,0x00000000d670ff60,0x00000000d6d80000)
  from space 5120K, 94% used [0x00000000d7380000,0x00000000d783bd58,0x00000000d7880000)
  to   space 5120K, 0% used [0x00000000d6e80000,0x00000000d6e80000,0x00000000d7380000)
 ParOldGen       total 68608K, used 7898K [0x0000000080000000, 0x0000000084300000, 0x00000000d5580000)
  object space 68608K, 11% used [0x0000000080000000,0x00000000807b68b0,0x0000000084300000)
 Metaspace       used 20601K, committed 21504K, reserved 1114112K
  class space    used 2196K, committed 2560K, reserved 1048576K
}
Event: 26.952 GC heap after
{Heap after GC invocations=7 (full 0):
 PSYoungGen      total 29184K, used 4348K [0x00000000d5580000, 0x00000000d7680000, 0x0000000100000000)
  eden space 24576K, 0% used [0x00000000d5580000,0x00000000d5580000,0x00000000d6d80000)
  from space 4608K, 94% used [0x00000000d6e80000,0x00000000d72bf390,0x00000000d7300000)
  to   space 3584K, 0% used [0x00000000d7300000,0x00000000d7300000,0x00000000d7680000)
 ParOldGen       total 68608K, used 9402K [0x0000000080000000, 0x0000000084300000, 0x00000000d5580000)
  object space 68608K, 13% used [0x0000000080000000,0x000000008092eb80,0x0000000084300000)
 Metaspace       used 20601K, committed 21504K, reserved 1114112K
  class space    used 2196K, committed 2560K, reserved 1048576K
}
Event: 26.952 GC heap before
{Heap before GC invocations=8 (full 1):
 PSYoungGen      total 29184K, used 4348K [0x00000000d5580000, 0x00000000d7680000, 0x0000000100000000)
  eden space 24576K, 0% used [0x00000000d5580000,0x00000000d5580000,0x00000000d6d80000)
  from space 4608K, 94% used [0x00000000d6e80000,0x00000000d72bf390,0x00000000d7300000)
  to   space 3584K, 0% used [0x00000000d7300000,0x00000000d7300000,0x00000000d7680000)
 ParOldGen       total 68608K, used 9402K [0x0000000080000000, 0x0000000084300000, 0x00000000d5580000)
  object space 68608K, 13% used [0x0000000080000000,0x000000008092eb80,0x0000000084300000)
 Metaspace       used 20601K, committed 21504K, reserved 1114112K
  class space    used 2196K, committed 2560K, reserved 1048576K
}
Event: 27.009 GC heap after
{Heap after GC invocations=8 (full 1):
 PSYoungGen      total 29184K, used 0K [0x00000000d5580000, 0x00000000d7680000, 0x0000000100000000)
  eden space 24576K, 0% used [0x00000000d5580000,0x00000000d5580000,0x00000000d6d80000)
  from space 4608K, 0% used [0x00000000d6e80000,0x00000000d6e80000,0x00000000d7300000)
  to   space 3584K, 0% used [0x00000000d7300000,0x00000000d7300000,0x00000000d7680000)
 ParOldGen       total 68608K, used 13129K [0x0000000080000000, 0x0000000084300000, 0x00000000d5580000)
  object space 68608K, 19% used [0x0000000080000000,0x0000000080cd27f0,0x0000000084300000)
 Metaspace       used 20588K, committed 21504K, reserved 1114112K
  class space    used 2193K, committed 2560K, reserved 1048576K
}

Dll operation events (10 events):
Event: 0.182 Loaded shared library c:\Users\Dell\.vscode\extensions\redhat.java-1.53.0-win32-x64\jre\21.0.10-win32-x86_64\bin\java.dll
Event: 0.688 Loaded shared library c:\Users\Dell\.vscode\extensions\redhat.java-1.53.0-win32-x64\jre\21.0.10-win32-x86_64\bin\zip.dll
Event: 0.813 Loaded shared library C:\Users\Dell\.vscode\extensions\redhat.java-1.53.0-win32-x64\jre\21.0.10-win32-x86_64\bin\instrument.dll
Event: 0.825 Loaded shared library C:\Users\Dell\.vscode\extensions\redhat.java-1.53.0-win32-x64\jre\21.0.10-win32-x86_64\bin\net.dll
Event: 0.837 Loaded shared library C:\Users\Dell\.vscode\extensions\redhat.java-1.53.0-win32-x64\jre\21.0.10-win32-x86_64\bin\nio.dll
Event: 0.863 Loaded shared library C:\Users\Dell\.vscode\extensions\redhat.java-1.53.0-win32-x64\jre\21.0.10-win32-x86_64\bin\zip.dll
Event: 0.946 Loaded shared library C:\Users\Dell\.vscode\extensions\redhat.java-1.53.0-win32-x64\jre\21.0.10-win32-x86_64\bin\jimage.dll
Event: 1.196 Loaded shared library c:\Users\Dell\.vscode\extensions\redhat.java-1.53.0-win32-x64\jre\21.0.10-win32-x86_64\bin\verify.dll
Event: 8.131 Loaded shared library C:\Users\Dell\AppData\Roaming\Code\User\globalStorage\redhat.java\1.53.0\config_win\org.eclipse.equinox.launcher\org.eclipse.equinox.launcher.win32.win32.x86_64_1.3.0.v20260203-2149\eclipse_11919.dll
Event: 20.427 Loaded shared library C:\Users\Dell\AppData\Local\Temp\jna-2126305\jna9226704063738913285.dll

Deoptimization events (20 events):
Event: 25.320 Thread 0x00000172fb4899f0 Uncommon trap: trap_request=0xffffff45 fr.pc=0x00000172e9077e68 relative=0x0000000000000048
Event: 25.320 Thread 0x00000172fb4899f0 Uncommon trap: reason=unstable_if action=reinterpret pc=0x00000172e9077e68 method=java.lang.StringLatin1.canEncode(C)Z @ 4 c2
Event: 25.320 Thread 0x00000172fb4899f0 DEOPT PACKING pc=0x00000172e9077e68 sp=0x00000041944f2f00
Event: 25.320 Thread 0x00000172fb4899f0 DEOPT UNPACKING pc=0x00000172e8a56da2 sp=0x00000041944f2e88 mode 2
Event: 26.788 Thread 0x00000172fb4899f0 Uncommon trap: trap_request=0xffffff45 fr.pc=0x00000172e90f1a54 relative=0x0000000000000b94
Event: 26.788 Thread 0x00000172fb4899f0 Uncommon trap: reason=unstable_if action=reinterpret pc=0x00000172e90f1a54 method=jdk.internal.org.objectweb.asm.Frame.execute(IILjdk/internal/org/objectweb/asm/Symbol;Ljdk/internal/org/objectweb/asm/SymbolTable;)V @ 1 c2
Event: 26.788 Thread 0x00000172fb4899f0 DEOPT PACKING pc=0x00000172e90f1a54 sp=0x00000041944f21b0
Event: 26.788 Thread 0x00000172fb4899f0 DEOPT UNPACKING pc=0x00000172e8a56da2 sp=0x00000041944f2138 mode 2
Event: 26.859 Thread 0x00000172fb4899f0 Uncommon trap: trap_request=0xffffff45 fr.pc=0x00000172e91231d8 relative=0x0000000000000098
Event: 26.859 Thread 0x00000172fb4899f0 Uncommon trap: reason=unstable_if action=reinterpret pc=0x00000172e91231d8 method=java.lang.invoke.LambdaForm$BasicType.basicType(C)Ljava/lang/invoke/LambdaForm$BasicType; @ 1 c2
Event: 26.859 Thread 0x00000172fb4899f0 DEOPT PACKING pc=0x00000172e91231d8 sp=0x00000041944f21f0
Event: 26.859 Thread 0x00000172fb4899f0 DEOPT UNPACKING pc=0x00000172e8a56da2 sp=0x00000041944f2120 mode 2
Event: 26.860 Thread 0x00000172fb4899f0 Uncommon trap: trap_request=0xffffff45 fr.pc=0x00000172e912259c relative=0x000000000000007c
Event: 26.860 Thread 0x00000172fb4899f0 Uncommon trap: reason=unstable_if action=reinterpret pc=0x00000172e912259c method=java.lang.invoke.LambdaForm$BasicType.basicType(C)Ljava/lang/invoke/LambdaForm$BasicType; @ 1 c2
Event: 26.860 Thread 0x00000172fb4899f0 DEOPT PACKING pc=0x00000172e912259c sp=0x00000041944f2180
Event: 26.860 Thread 0x00000172fb4899f0 DEOPT UNPACKING pc=0x00000172e8a56da2 sp=0x00000041944f2120 mode 2
Event: 27.015 Thread 0x00000172fb4899f0 Uncommon trap: trap_request=0xffffff45 fr.pc=0x00000172e9102448 relative=0x0000000000005328
Event: 27.015 Thread 0x00000172fb4899f0 Uncommon trap: reason=unstable_if action=reinterpret pc=0x00000172e9102448 method=java.lang.invoke.MethodType.genericMethodType(IZ)Ljava/lang/invoke/MethodType; @ 27 c2
Event: 27.015 Thread 0x00000172fb4899f0 DEOPT PACKING pc=0x00000172e9102448 sp=0x00000041944f27b0
Event: 27.015 Thread 0x00000172fb4899f0 DEOPT UNPACKING pc=0x00000172e8a56da2 sp=0x00000041944f25c0 mode 2

Classes loaded (20 events):
Event: 26.790 Loading class java/io/ObjectStreamClass$DeserializationConstructorsCache$Key$Lookup
Event: 26.790 Loading class java/io/ObjectStreamClass$DeserializationConstructorsCache$Key
Event: 26.790 Loading class java/io/ObjectStreamClass$DeserializationConstructorsCache$Key done
Event: 26.790 Loading class java/io/ObjectStreamClass$DeserializationConstructorsCache$Key$Lookup done
Event: 26.833 Loading class java/lang/invoke/BoundMethodHandle$Species_LIL
Event: 26.833 Loading class java/lang/invoke/BoundMethodHandle$Species_LIL done
Event: 26.845 Loading class java/io/ObjectStreamClass$DeserializationConstructorsCache$Key$Impl
Event: 26.846 Loading class java/io/ObjectStreamClass$DeserializationConstructorsCache$Key$Impl done
Event: 26.847 Loading class java/lang/runtime/ObjectMethods
Event: 26.848 Loading class java/lang/runtime/ObjectMethods done
Event: 26.854 Loading class java/lang/invoke/MethodHandleImpl$Makers
Event: 26.854 Loading class java/lang/invoke/MethodHandleImpl$Makers done
Event: 26.854 Loading class java/lang/invoke/MethodHandleImpl$Makers$1
Event: 26.854 Loading class java/lang/invoke/MethodHandleImpl$Makers$1 done
Event: 26.854 Loading class java/lang/invoke/MethodHandleImpl$Makers$2
Event: 26.855 Loading class java/lang/invoke/MethodHandleImpl$Makers$2 done
Event: 26.855 Loading class java/lang/invoke/MethodHandleImpl$Makers$3
Event: 26.855 Loading class java/lang/invoke/MethodHandleImpl$Makers$3 done
Event: 26.862 Loading class java/lang/runtime/ObjectMethods$1
Event: 26.862 Loading class java/lang/runtime/ObjectMethods$1 done

Classes unloaded (7 events):
Event: 26.960 Thread 0x00000172de36e7e0 Unloading class 0x00000172811ab000 'java/lang/invoke/LambdaForm$MH+0x00000172811ab000'
Event: 26.960 Thread 0x00000172de36e7e0 Unloading class 0x00000172811aac00 'java/lang/invoke/LambdaForm$MH+0x00000172811aac00'
Event: 26.960 Thread 0x00000172de36e7e0 Unloading class 0x00000172811aa800 'java/lang/invoke/LambdaForm$MH+0x00000172811aa800'
Event: 26.960 Thread 0x00000172de36e7e0 Unloading class 0x00000172811aa400 'java/lang/invoke/LambdaForm$MH+0x00000172811aa400'
Event: 26.960 Thread 0x00000172de36e7e0 Unloading class 0x00000172811aa000 'java/lang/invoke/LambdaForm$BMH+0x00000172811aa000'
Event: 26.960 Thread 0x00000172de36e7e0 Unloading class 0x00000172811a9c00 'java/lang/invoke/LambdaForm$DMH+0x00000172811a9c00'
Event: 26.960 Thread 0x00000172de36e7e0 Unloading class 0x00000172811a8800 'java/lang/invoke/LambdaForm$DMH+0x00000172811a8800'

Classes redefined (0 events):
No events

Internal exceptions (20 events):
Event: 21.392 Thread 0x00000172fb4899f0 Exception <a 'java/lang/NoSuchMethodError'{0x00000000d5eacc30}: 'java.lang.Object java.lang.invoke.DirectMethodHandle$Holder.newInvokeSpecial(java.lang.Object, java.lang.Object, java.lang.Object, int, java.lang.Object)'> (0x00000000d5eacc30) 
thrown [s\src\hotspot\share\interpreter\linkResolver.cpp, line 773]
Event: 21.393 Thread 0x00000172fb4899f0 Exception <a 'java/lang/NoSuchMethodError'{0x00000000d5eb0b30}: 'java.lang.Object java.lang.invoke.DirectMethodHandle$Holder.invokeSpecial(java.lang.Object, java.lang.Object, java.lang.Object, java.lang.Object, int, java.lang.Object)'> (0x00000000d5eb0b30) 
thrown [s\src\hotspot\share\interpreter\linkResolver.cpp, line 773]
Event: 21.393 Thread 0x00000172fb4899f0 Exception <a 'java/lang/NoSuchMethodError'{0x00000000d5eb4660}: 'java.lang.Object java.lang.invoke.Invokers$Holder.linkToTargetMethod(java.lang.Object, java.lang.Object, int, java.lang.Object, java.lang.Object)'> (0x00000000d5eb4660) 
thrown [s\src\hotspot\share\interpreter\linkResolver.cpp, line 773]
Event: 21.394 Thread 0x00000172fbd8fd40 Exception <a 'java/lang/NoSuchMethodError'{0x00000000d5dbe050}: 'java.lang.Object java.lang.invoke.DirectMethodHandle$Holder.invokeSpecial(java.lang.Object, java.lang.Object, int, java.lang.Object, java.lang.Object)'> (0x00000000d5dbe050) 
thrown [s\src\hotspot\share\interpreter\linkResolver.cpp, line 773]
Event: 21.546 Thread 0x00000172fb4899f0 Exception <a 'java/lang/NoSuchMethodError'{0x00000000d5fbc6a0}: 'void java.lang.invoke.DirectMethodHandle$Holder.invokeSpecial(java.lang.Object, java.lang.Object, java.lang.Object, java.lang.Object, java.lang.Object)'> (0x00000000d5fbc6a0) 
thrown [s\src\hotspot\share\interpreter\linkResolver.cpp, line 773]
Event: 22.988 Thread 0x00000172fb4899f0 Exception <a 'java/lang/NoSuchMethodError'{0x00000000d677a638}: 'java.lang.Object java.lang.invoke.DirectMethodHandle$Holder.invokeInterface(java.lang.Object, java.lang.Object, java.lang.Object)'> (0x00000000d677a638) 
thrown [s\src\hotspot\share\interpreter\linkResolver.cpp, line 773]
Event: 23.463 Thread 0x00000172fb4899f0 Exception <a 'java/lang/NoSuchMethodError'{0x00000000d6bfb998}: 'java.lang.Object java.lang.invoke.Invokers$Holder.linkToTargetMethod(java.lang.Object, long, java.lang.Object, java.lang.Object)'> (0x00000000d6bfb998) 
thrown [s\src\hotspot\share\interpreter\linkResolver.cpp, line 773]
Event: 26.657 Thread 0x00000172fb4899f0 Exception <a 'java/lang/NoSuchMethodError'{0x00000000d640bc68}: 'long java.lang.invoke.Invokers$Holder.invokeExact_MT(java.lang.Object, java.lang.Object)'> (0x00000000d640bc68) 
thrown [s\src\hotspot\share\interpreter\linkResolver.cpp, line 773]
Event: 26.783 Thread 0x00000172fb4899f0 Exception <a 'java/lang/NoSuchMethodError'{0x00000000d6545948}: 'long java.lang.invoke.DirectMethodHandle$Holder.invokeStatic(java.lang.Object, java.lang.Object, int)'> (0x00000000d6545948) 
thrown [s\src\hotspot\share\interpreter\linkResolver.cpp, line 773]
Event: 26.836 Thread 0x00000172fb4899f0 Exception <a 'java/lang/NoSuchMethodError'{0x00000000d658e690}: 'java.lang.Object java.lang.invoke.DirectMethodHandle$Holder.invokeStatic(java.lang.Object, java.lang.Object, java.lang.Object, java.lang.Object, int, java.lang.Object)'> (0x00000000d658e690) 
thrown [s\src\hotspot\share\interpreter\linkResolver.cpp, line 773]
Event: 26.848 Thread 0x00000172fb4899f0 Exception <a 'java/lang/NoSuchMethodError'{0x00000000d65a8870}: 'java.lang.Object java.lang.invoke.DirectMethodHandle$Holder.invokeStaticInit(java.lang.Object, java.lang.Object, java.lang.Object, java.lang.Object, java.lang.Object, java.lang.Object, java.lang.Object)'> (0x00000000d65a8870) 
thrown [s\src\hotspot\share\interpreter\linkResolver.cpp, line 773]
Event: 26.852 Thread 0x00000172fb4899f0 Exception <a 'java/lang/NoSuchMethodError'{0x00000000d65ae010}: 'java.lang.Object java.lang.invoke.Invokers$Holder.invoke_MT(java.lang.Object, java.lang.Object, java.lang.Object, java.lang.Object, java.lang.Object, java.lang.Object, java.lang.Object, java.lang.Object, java.lang.Object)'> (0x00000000d65ae010) 
thrown [s\src\hotspot\share\interpreter\linkResolver.cpp, line 773]
Event: 26.862 Thread 0x00000172fb4899f0 Exception <a 'java/lang/NoSuchMethodError'{0x00000000d65e3240}: 'int java.lang.invoke.DirectMethodHandle$Holder.invokeVirtual(java.lang.Object, java.lang.Object, java.lang.Object)'> (0x00000000d65e3240) 
thrown [s\src\hotspot\share\interpreter\linkResolver.cpp, line 773]
Event: 26.867 Thread 0x00000172fb4899f0 Exception <a 'java/lang/NoSuchMethodError'{0x00000000d65e81d8}: 'int java.lang.invoke.DirectMethodHandle$Holder.invokeStaticInit(java.lang.Object, int, int)'> (0x00000000d65e81d8) 
thrown [s\src\hotspot\share\interpreter\linkResolver.cpp, line 773]
Event: 26.873 Thread 0x00000172fb4899f0 Exception <a 'java/lang/NoSuchMethodError'{0x00000000d65f0560}: 'int java.lang.invoke.DirectMethodHandle$Holder.invokeStaticInit(java.lang.Object, long, long)'> (0x00000000d65f0560) 
thrown [s\src\hotspot\share\interpreter\linkResolver.cpp, line 773]
Event: 26.874 Thread 0x00000172fb4899f0 Exception <a 'java/lang/NoSuchMethodError'{0x00000000d65f7f18}: 'int java.lang.invoke.DirectMethodHandle$Holder.invokeStaticInit(java.lang.Object, float, float)'> (0x00000000d65f7f18) 
thrown [s\src\hotspot\share\interpreter\linkResolver.cpp, line 773]
Event: 26.877 Thread 0x00000172fb4899f0 Exception <a 'java/lang/NoSuchMethodError'{0x00000000d65ff8c8}: 'int java.lang.invoke.DirectMethodHandle$Holder.invokeStaticInit(java.lang.Object, double, double)'> (0x00000000d65ff8c8) 
thrown [s\src\hotspot\share\interpreter\linkResolver.cpp, line 773]
Event: 26.877 Thread 0x00000172fb4899f0 Exception <a 'java/lang/NoSuchMethodError'{0x00000000d6604ce0}: 'int java.lang.invoke.DirectMethodHandle$Holder.invokeStatic(java.lang.Object, long)'> (0x00000000d6604ce0) 
thrown [s\src\hotspot\share\interpreter\linkResolver.cpp, line 773]
Event: 26.885 Thread 0x00000172fb4899f0 Exception <a 'java/lang/NoSuchMethodError'{0x00000000d66239c8}: 'int java.lang.invoke.Invokers$Holder.linkToTargetMethod(java.lang.Object, java.lang.Object)'> (0x00000000d66239c8) 
thrown [s\src\hotspot\share\interpreter\linkResolver.cpp, line 773]
Event: 27.016 Thread 0x00000172fb4899f0 Exception <a 'java/lang/NoSuchMethodError'{0x00000000d5594718}: 'java.lang.Object java.lang.invoke.Invokers$Holder.invoke_MT(java.lang.Object, java.lang.Object, java.lang.Object, java.lang.Object, java.lang.Object, java.lang.Object, java.lang.Object, java.lang.Object, java.lang.Object, java.lang.Object, java.lang.Object)'> (0x00000000d5594718) 
thrown [s\src\hotspot\share\interpreter\linkResolver.cpp, line 773]

ZGC Phase Switch (0 events):
No events

VM Operations (20 events):
Event: 22.109 Executing non-safepoint VM operation: HandshakeAllThreads (Deoptimize)
Event: 22.109 Executing non-safepoint VM operation: HandshakeAllThreads (Deoptimize) done
Event: 22.645 Executing non-safepoint VM operation: HandshakeAllThreads (Deoptimize)
Event: 22.646 Executing non-safepoint VM operation: HandshakeAllThreads (Deoptimize) done
Event: 22.646 Executing safepoint VM operation: Cleanup
Event: 22.646 Executing safepoint VM operation: Cleanup done
Event: 22.722 Executing non-safepoint VM operation: HandshakeAllThreads (Deoptimize)
Event: 22.722 Executing non-safepoint VM operation: HandshakeAllThreads (Deoptimize) done
Event: 23.726 Executing safepoint VM operation: Cleanup
Event: 23.742 Executing safepoint VM operation: Cleanup done
Event: 23.945 Executing safepoint VM operation: ParallelGCFailedAllocation (Allocation Failure)
Event: 23.953 Executing safepoint VM operation: ParallelGCFailedAllocation (Allocation Failure) done
Event: 24.954 Executing safepoint VM operation: Cleanup
Event: 24.969 Executing safepoint VM operation: Cleanup done
Event: 25.976 Executing safepoint VM operation: Cleanup
Event: 25.977 Executing safepoint VM operation: Cleanup done
Event: 26.778 Executing non-safepoint VM operation: HandshakeAllThreads (Deoptimize)
Event: 26.778 Executing non-safepoint VM operation: HandshakeAllThreads (Deoptimize) done
Event: 26.944 Executing safepoint VM operation: CollectForMetadataAllocation (Metadata GC Threshold)
Event: 27.009 Executing safepoint VM operation: CollectForMetadataAllocation (Metadata GC Threshold) done

Memory protections (0 events):
No events

Nmethod flushes (0 events):
No events

Events (20 events):
Event: 6.204 Thread 0x00000172f6543ad0 Thread added: 0x00000172fb869e40
Event: 6.454 Thread 0x00000172fb869e40 Thread exited: 0x00000172fb869e40
Event: 6.779 Thread 0x00000172de2cc220 Thread added: 0x00000172fb0b7700
Event: 7.829 Thread 0x00000172f6543ad0 Thread added: 0x00000172f687d630
Event: 8.080 Thread 0x00000172de2cc220 Thread added: 0x00000172f659bc20
Event: 8.179 Thread 0x00000172f687d630 Thread exited: 0x00000172f687d630
Event: 8.211 Thread 0x00000172f659bc20 Thread added: 0x00000172fb1bdec0
Event: 8.231 Thread 0x00000172de2cc220 Thread added: 0x00000172fb4899f0
Event: 9.077 Thread 0x00000172f6543ad0 Thread added: 0x00000172fb6e8e60
Event: 9.483 Thread 0x00000172fb6e8e60 Thread exited: 0x00000172fb6e8e60
Event: 11.284 Thread 0x00000172fb4899f0 Thread added: 0x00000172fb278380
Event: 14.066 Thread 0x00000172fb4899f0 Thread added: 0x00000172fb93a3b0
Event: 14.976 Thread 0x00000172de24dbe0 Thread added: 0x00000172fb995600
Event: 14.976 Thread 0x00000172de24dbe0 Thread added: 0x00000172fb276930
Event: 15.131 Thread 0x00000172fb276930 Thread exited: 0x00000172fb276930
Event: 15.131 Thread 0x00000172fb995600 Thread exited: 0x00000172fb995600
Event: 16.741 Thread 0x00000172fb4899f0 Thread added: 0x00000172fb738440
Event: 20.855 Thread 0x00000172fb4899f0 Thread added: 0x00000172fbd92b30
Event: 21.257 Thread 0x00000172fb4899f0 Thread added: 0x00000172fbd8fd40
Event: 21.396 Thread 0x00000172fb4899f0 Thread added: 0x00000172fbd931c0


Dynamic libraries:
0x00007ff68a100000 - 0x00007ff68a10e000 	c:\Users\Dell\.vscode\extensions\redhat.java-1.53.0-win32-x64\jre\21.0.10-win32-x86_64\bin\java.exe
0x00007ffff4e80000 - 0x00007ffff50e7000 	C:\WINDOWS\SYSTEM32\ntdll.dll
0x00007ffff2c20000 - 0x00007ffff2ce9000 	C:\WINDOWS\System32\KERNEL32.DLL
0x00007ffff2520000 - 0x00007ffff290f000 	C:\WINDOWS\System32\KERNELBASE.dll
0x00007fffa0740000 - 0x00007fffa0758000 	c:\Users\Dell\.vscode\extensions\redhat.java-1.53.0-win32-x64\jre\21.0.10-win32-x86_64\bin\jli.dll
0x00007ffff3910000 - 0x00007ffff3ad5000 	C:\WINDOWS\System32\USER32.dll
0x00007ffff29e0000 - 0x00007ffff2a07000 	C:\WINDOWS\System32\win32u.dll
0x00007ffff4c50000 - 0x00007ffff4c7b000 	C:\WINDOWS\System32\GDI32.dll
0x00007ffff1fd0000 - 0x00007ffff20fc000 	C:\WINDOWS\System32\gdi32full.dll
0x00007ffff2100000 - 0x00007ffff224b000 	C:\WINDOWS\System32\ucrtbase.dll
0x00007fffa1ac0000 - 0x00007fffa1ade000 	c:\Users\Dell\.vscode\extensions\redhat.java-1.53.0-win32-x64\jre\21.0.10-win32-x86_64\bin\VCRUNTIME140.dll
0x00007fffdae90000 - 0x00007fffdb123000 	C:\WINDOWS\WinSxS\amd64_microsoft.windows.common-controls_6595b64144ccf1df_6.0.26100.7309_none_3e05feeae336a044\COMCTL32.dll
0x00007ffff3b60000 - 0x00007ffff3c09000 	C:\WINDOWS\System32\msvcrt.dll
0x00007ffff2250000 - 0x00007ffff22f3000 	C:\WINDOWS\System32\msvcp_win.dll
0x00007ffff4d00000 - 0x00007ffff4d31000 	C:\WINDOWS\System32\IMM32.DLL
0x00007fffc26c0000 - 0x00007fffc26cc000 	c:\Users\Dell\.vscode\extensions\redhat.java-1.53.0-win32-x64\jre\21.0.10-win32-x86_64\bin\vcruntime140_1.dll
0x00007fff747f0000 - 0x00007fff7487d000 	c:\Users\Dell\.vscode\extensions\redhat.java-1.53.0-win32-x64\jre\21.0.10-win32-x86_64\bin\msvcp140.dll
0x00007fff41790000 - 0x00007fff42531000 	c:\Users\Dell\.vscode\extensions\redhat.java-1.53.0-win32-x64\jre\21.0.10-win32-x86_64\bin\server\jvm.dll
0x00007ffff3f00000 - 0x00007ffff3fb4000 	C:\WINDOWS\System32\ADVAPI32.dll
0x00007ffff3df0000 - 0x00007ffff3e96000 	C:\WINDOWS\System32\sechost.dll
0x00007ffff2d00000 - 0x00007ffff2e18000 	C:\WINDOWS\System32\RPCRT4.dll
0x00007ffff3ae0000 - 0x00007ffff3b54000 	C:\WINDOWS\System32\WS2_32.dll
0x00007ffff1e30000 - 0x00007ffff1e8e000 	C:\WINDOWS\SYSTEM32\POWRPROF.dll
0x00007fffe8eb0000 - 0x00007fffe8ee5000 	C:\WINDOWS\SYSTEM32\WINMM.dll
0x00007fffea960000 - 0x00007fffea96b000 	C:\WINDOWS\SYSTEM32\VERSION.dll
0x00007ffff1e10000 - 0x00007ffff1e24000 	C:\WINDOWS\SYSTEM32\UMPDC.dll
0x00007ffff0d80000 - 0x00007ffff0d9b000 	C:\WINDOWS\SYSTEM32\kernel.appcore.dll
0x00007fffbffd0000 - 0x00007fffbffda000 	c:\Users\Dell\.vscode\extensions\redhat.java-1.53.0-win32-x64\jre\21.0.10-win32-x86_64\bin\jimage.dll
0x00007fffef420000 - 0x00007fffef662000 	C:\WINDOWS\SYSTEM32\DBGHELP.DLL
0x00007ffff48c0000 - 0x00007ffff4c45000 	C:\WINDOWS\System32\combase.dll
0x00007ffff4310000 - 0x00007ffff43e6000 	C:\WINDOWS\System32\OLEAUT32.dll
0x00007fffd9cb0000 - 0x00007fffd9cec000 	C:\WINDOWS\SYSTEM32\dbgcore.DLL
0x00007ffff2470000 - 0x00007ffff2515000 	C:\WINDOWS\System32\bcryptPrimitives.dll
0x00007fffbff70000 - 0x00007fffbff7f000 	c:\Users\Dell\.vscode\extensions\redhat.java-1.53.0-win32-x64\jre\21.0.10-win32-x86_64\bin\instrument.dll
0x00007fff9c610000 - 0x00007fff9c630000 	c:\Users\Dell\.vscode\extensions\redhat.java-1.53.0-win32-x64\jre\21.0.10-win32-x86_64\bin\java.dll
0x00007ffff3140000 - 0x00007ffff3893000 	C:\WINDOWS\System32\SHELL32.dll
0x00007ffff2300000 - 0x00007ffff246a000 	C:\WINDOWS\System32\wintypes.dll
0x00007fffefba0000 - 0x00007ffff03fe000 	C:\WINDOWS\SYSTEM32\windows.storage.dll
0x00007ffff2e20000 - 0x00007ffff2f15000 	C:\WINDOWS\System32\SHCORE.dll
0x00007ffff38a0000 - 0x00007ffff3906000 	C:\WINDOWS\System32\shlwapi.dll
0x00007ffff1ef0000 - 0x00007ffff1f19000 	C:\WINDOWS\SYSTEM32\profapi.dll
0x00007fff9a450000 - 0x00007fff9a468000 	c:\Users\Dell\.vscode\extensions\redhat.java-1.53.0-win32-x64\jre\21.0.10-win32-x86_64\bin\zip.dll
0x00007fffbfe40000 - 0x00007fffbfe50000 	C:\Users\Dell\.vscode\extensions\redhat.java-1.53.0-win32-x64\jre\21.0.10-win32-x86_64\bin\net.dll
0x00007fffeb810000 - 0x00007fffeb938000 	C:\WINDOWS\SYSTEM32\WINHTTP.dll
0x00007ffff12f0000 - 0x00007ffff135b000 	C:\WINDOWS\system32\mswsock.dll
0x00007fff93100000 - 0x00007fff93116000 	C:\Users\Dell\.vscode\extensions\redhat.java-1.53.0-win32-x64\jre\21.0.10-win32-x86_64\bin\nio.dll
0x00007fffbfac0000 - 0x00007fffbfad0000 	c:\Users\Dell\.vscode\extensions\redhat.java-1.53.0-win32-x64\jre\21.0.10-win32-x86_64\bin\verify.dll
0x00007fffbfda0000 - 0x00007fffbfde5000 	C:\Users\Dell\AppData\Roaming\Code\User\globalStorage\redhat.java\1.53.0\config_win\org.eclipse.equinox.launcher\org.eclipse.equinox.launcher.win32.win32.x86_64_1.3.0.v20260203-2149\eclipse_11919.dll
0x00007ffff2fa0000 - 0x00007ffff3137000 	C:\WINDOWS\System32\ole32.dll
0x00007ffff15b0000 - 0x00007ffff15cb000 	C:\WINDOWS\SYSTEM32\CRYPTSP.dll
0x00007ffff0ce0000 - 0x00007ffff0d1a000 	C:\WINDOWS\system32\rsaenh.dll
0x00007ffff13a0000 - 0x00007ffff13cb000 	C:\WINDOWS\SYSTEM32\USERENV.dll
0x00007ffff1ec0000 - 0x00007ffff1eea000 	C:\WINDOWS\SYSTEM32\bcrypt.dll
0x00007ffff15d0000 - 0x00007ffff15dc000 	C:\WINDOWS\SYSTEM32\CRYPTBASE.dll
0x00007ffff0750000 - 0x00007ffff0784000 	C:\WINDOWS\SYSTEM32\IPHLPAPI.DLL
0x00007ffff4300000 - 0x00007ffff430a000 	C:\WINDOWS\System32\NSI.dll
0x00007fffbfc80000 - 0x00007fffbfcc9000 	C:\Users\Dell\AppData\Local\Temp\jna-2126305\jna9226704063738913285.dll
0x00007ffff48b0000 - 0x00007ffff48b8000 	C:\WINDOWS\System32\PSAPI.DLL

JVMTI agents:
c:\Users\Dell\.vscode\extensions\redhat.java-1.53.0-win32-x64\lombok\lombok-1.18.39-4050.jar path:c:\Users\Dell\.vscode\extensions\redhat.java-1.53.0-win32-x64\jre\21.0.10-win32-x86_64\bin\instrument.dll, loaded, initialized, instrumentlib options:none

dbghelp: loaded successfully - version: 4.0.5 - missing functions: none
symbol engine: initialized successfully - sym options: 0x614 - pdb path: .;c:\Users\Dell\.vscode\extensions\redhat.java-1.53.0-win32-x64\jre\21.0.10-win32-x86_64\bin;C:\WINDOWS\SYSTEM32;C:\WINDOWS\WinSxS\amd64_microsoft.windows.common-controls_6595b64144ccf1df_6.0.26100.7309_none_3e05feeae336a044;c:\Users\Dell\.vscode\extensions\redhat.java-1.53.0-win32-x64\jre\21.0.10-win32-x86_64\bin\server;C:\Users\Dell\AppData\Roaming\Code\User\globalStorage\redhat.java\1.53.0\config_win\org.eclipse.equinox.launcher\org.eclipse.equinox.launcher.win32.win32.x86_64_1.3.0.v20260203-2149;C:\Users\Dell\AppData\Local\Temp\jna-2126305

VM Arguments:
jvm_args: --add-modules=ALL-SYSTEM --add-opens=java.base/java.util=ALL-UNNAMED --add-opens=java.base/java.lang=ALL-UNNAMED --add-opens=java.base/sun.nio.fs=ALL-UNNAMED -Declipse.application=org.eclipse.jdt.ls.core.id1 -Dosgi.bundles.defaultStartLevel=4 -Declipse.product=org.eclipse.jdt.ls.core.product -Djava.import.generatesMetadataFilesAtProjectRoot=false -DDetectVMInstallationsJob.disabled=true -Dfile.encoding=utf8 -XX:+UseParallelGC -XX:GCTimeRatio=4 -XX:AdaptiveSizePolicyWeight=90 -Dsun.zip.disableMemoryMapping=true -Xmx2G -Xms100m -Xlog:disable -javaagent:c:\Users\Dell\.vscode\extensions\redhat.java-1.53.0-win32-x64\lombok\lombok-1.18.39-4050.jar -XX:+HeapDumpOnOutOfMemoryError -XX:HeapDumpPath=c:\Users\Dell\AppData\Roaming\Code\User\workspaceStorage\030274fffca1edf6b01d840448dc3ca1\redhat.java -Daether.dependencyCollector.impl=bf 
java_command: c:\Users\Dell\.vscode\extensions\redhat.java-1.53.0-win32-x64\server\plugins\org.eclipse.equinox.launcher_1.7.100.v20251111-0406.jar -configuration c:\Users\Dell\AppData\Roaming\Code\User\globalStorage\redhat.java\1.53.0\config_win -data c:\Users\Dell\AppData\Roaming\Code\User\workspaceStorage\030274fffca1edf6b01d840448dc3ca1\redhat.java\jdt_ws --pipe=\\.\pipe\lsp-edc045f366e4017d3e9afedf5b683c1f-sock
java_class_path (initial): c:\Users\Dell\.vscode\extensions\redhat.java-1.53.0-win32-x64\server\plugins\org.eclipse.equinox.launcher_1.7.100.v20251111-0406.jar
Launcher Type: SUN_STANDARD

[Global flags]
    uintx AdaptiveSizePolicyWeight                 = 90                                        {product} {command line}
     intx CICompilerCount                          = 4                                         {product} {ergonomic}
    uintx GCTimeRatio                              = 4                                         {product} {command line}
     bool HeapDumpOnOutOfMemoryError               = true                                   {manageable} {command line}
    ccstr HeapDumpPath                             = c:\Users\Dell\AppData\Roaming\Code\User\workspaceStorage\030274fffca1edf6b01d840448dc3ca1\redhat.java         {manageable} {command line}
   size_t InitialHeapSize                          = 104857600                                 {product} {command line}
   size_t MaxHeapSize                              = 2147483648                                {product} {command line}
   size_t MaxNewSize                               = 715653120                                 {product} {ergonomic}
   size_t MinHeapDeltaBytes                        = 524288                                    {product} {ergonomic}
   size_t MinHeapSize                              = 104857600                                 {product} {command line}
   size_t NewSize                                  = 34603008                                  {product} {ergonomic}
    uintx NonNMethodCodeHeapSize                   = 5839372                                {pd product} {ergonomic}
    uintx NonProfiledCodeHeapSize                  = 122909434                              {pd product} {ergonomic}
   size_t OldSize                                  = 70254592                                  {product} {ergonomic}
    uintx ProfiledCodeHeapSize                     = 122909434                              {pd product} {ergonomic}
    uintx ReservedCodeCacheSize                    = 251658240                              {pd product} {ergonomic}
     bool SegmentedCodeCache                       = true                                      {product} {ergonomic}
   size_t SoftMaxHeapSize                          = 2147483648                             {manageable} {ergonomic}
     bool UseCompressedOops                        = true                           {product lp64_product} {ergonomic}
     bool UseLargePagesIndividualAllocation        = false                                  {pd product} {ergonomic}
     bool UseParallelGC                            = true                                      {product} {command line}

Logging:
Log output configuration:
 #0: stdout all=off uptime,level,tags foldmultilines=false
 #1: stderr all=off uptime,level,tags foldmultilines=false

Release file:
JAVA_VERSION="21.0.10" 
MODULES="java.base java.compiler java.datatransfer java.xml java.prefs java.desktop java.instrument java.logging java.management java.security.sasl java.naming java.rmi java.management.rmi java.net.http java.scripting java.security.jgss java.transaction.xa java.sql java.sql.rowset java.xml.crypto java.se java.smartcardio jdk.accessibility jdk.internal.jvmstat jdk.attach jdk.charsets jdk.internal.opt jdk.zipfs jdk.compiler jdk.crypto.ec jdk.crypto.cryptoki jdk.crypto.mscapi jdk.dynalink jdk.internal.ed jdk.editpad jdk.hotspot.agent jdk.httpserver jdk.internal.le jdk.internal.vm.ci jdk.internal.vm.compiler jdk.internal.vm.compiler.management jdk.jartool jdk.javadoc jdk.jcmd jdk.management jdk.management.agent jdk.jconsole jdk.jdeps jdk.jdwp.agent jdk.jdi jdk.jfr jdk.jshell jdk.jsobject jdk.jstatd jdk.localedata jdk.management.jfr jdk.naming.dns jdk.naming.rmi jdk.net jdk.nio.mapmode jdk.random jdk.sctp jdk.security.auth jdk.security.jgss jdk.unsupported jdk.unsupported.desktop jdk.xml.dom" 

Environment Variables:
PATH=C:\Users\Dell\AppData\Local\Programs\Microsoft VS Code;C:\oraclexe\app\oracle\product\11.2.0\server\bin;C:\Program Files\Common Files\Oracle\Java\javapath;C:\Program Files (x86)\Common Files\Oracle\Java\javapath;C:\WINDOWS\system32;C:\WINDOWS;C:\WINDOWS\System32\Wbem;C:\WINDOWS\System32\WindowsPowerShell\v1.0\;C:\WINDOWS\System32\OpenSSH\;C:\Program Files\nodejs\;C:\Program Files\Git\cmd;C:\Program Files\MySQL\MySQL Server 8.0\bin;C:\Users\Dell\AppData\Local\Programs\Python\Python313\Scripts\;C:\Users\Dell\AppData\Local\Programs\Python\Python313\;C:\Users\Dell\AppData\Local\Microsoft\WindowsApps;;C:\Users\Dell\AppData\Local\Programs\Microsoft VS Code\bin;C:\Users\Dell\AppData\Roaming\npm;D:\Antigravity\bin
USERNAME=Dell
OS=Windows_NT
PROCESSOR_IDENTIFIER=Intel64 Family 6 Model 140 Stepping 1, GenuineIntel
TMP=C:\Users\Dell\AppData\Local\Temp
TEMP=C:\Users\Dell\AppData\Local\Temp




Periodic native trim disabled

---------------  S Y S T E M  ---------------

OS:
 Windows 11 , 64 bit Build 26100 (10.0.26100.7309)
OS uptime: 0 days 2:08 hours
Hyper-V role detected

CPU: total 8 (initial active 8) (4 cores per cpu, 2 threads per core) family 6 model 140 stepping 1 microcode 0xbc, cx8, cmov, fxsr, ht, mmx, 3dnowpref, sse, sse2, sse3, ssse3, sse4.1, sse4.2, popcnt, lzcnt, tsc, tscinvbit, avx, avx2, aes, erms, clmul, bmi1, bmi2, adx, avx512f, avx512dq, avx512cd, avx512bw, avx512vl, sha, fma, vzeroupper, avx512_vpopcntdq, avx512_vpclmulqdq, avx512_vaes, avx512_vnni, clflush, clflushopt, clwb, avx512_vbmi2, avx512_vbmi, hv, rdtscp, rdpid, fsrm, gfni, avx512_bitalg, f16c, cet_ibt, cet_ss, avx512_ifma
Processor Information for the first 8 processors :
  Max Mhz: 2419, Current Mhz: 2419, Mhz Limit: 2419

Memory: 4k page, system-wide physical 7914M (581M free)
TotalPageFile size 19510M (AvailPageFile size 0M)
current process WorkingSet (physical memory assigned to process): 124M, peak: 131M
current process commit charge ("private bytes"): 264M, peak: 277M

vm_info: OpenJDK 64-Bit Server VM (21.0.10+7-LTS) for windows-amd64 JRE (21.0.10+7-LTS), built on 2026-01-20T00:00:00Z by "admin" with MS VC++ 17.12 (VS2022)

END.
