#
# There is insufficient memory for the Java Runtime Environment to continue.
# Native memory allocation (malloc) failed to allocate 737136 bytes. Error detail: Chunk::new
# Possible reasons:
#   The system is out of physical RAM or swap space
#   This process is running with CompressedOops enabled, and the Java Heap may be blocking the growth of the native heap
# Possible solutions:
#   Reduce memory load on the system
#   Increase physical memory or swap space
#   Check if swap backing store is full
#   Decrease Java heap size (-Xmx/-Xms)
#   Decrease number of Java threads
#   Decrease Java thread stack sizes (-Xss)
#   Set larger code cache with -XX:ReservedCodeCacheSize=
#   JVM is running with Unscaled Compressed Oops mode in which the Java heap is
#     placed in the first 4GB address space. The Java Heap base address is the
#     maximum limit for the native heap growth. Please use -XX:HeapBaseMinAddress
#     to set the Java Heap base and to place the Java Heap above 4GB virtual address.
# This output file may be truncated or incomplete.
#
#  Out of Memory Error (arena.cpp:168), pid=17640, tid=20344
#
# JRE version: OpenJDK Runtime Environment Temurin-21.0.10+7 (21.0.10+7) (build 21.0.10+7-LTS)
# Java VM: OpenJDK 64-Bit Server VM Temurin-21.0.10+7 (21.0.10+7-LTS, mixed mode, sharing, tiered, compressed oops, compressed class ptrs, parallel gc, windows-amd64)
# No core dump will be written. Minidumps are not enabled by default on client versions of Windows
#

---------------  S U M M A R Y ------------

Command Line: --add-modules=ALL-SYSTEM --add-opens=java.base/java.util=ALL-UNNAMED --add-opens=java.base/java.lang=ALL-UNNAMED --add-opens=java.base/sun.nio.fs=ALL-UNNAMED -Declipse.application=org.eclipse.jdt.ls.core.id1 -Dosgi.bundles.defaultStartLevel=4 -Declipse.product=org.eclipse.jdt.ls.core.product -Djava.import.generatesMetadataFilesAtProjectRoot=false -DDetectVMInstallationsJob.disabled=true -Dfile.encoding=utf8 -XX:+UseParallelGC -XX:GCTimeRatio=4 -XX:AdaptiveSizePolicyWeight=90 -Dsun.zip.disableMemoryMapping=true -Xmx2G -Xms100m -Xlog:disable -javaagent:c:\Users\Dell\.vscode\extensions\redhat.java-1.54.0-win32-x64\lombok\lombok-1.18.39-4050.jar -XX:+HeapDumpOnOutOfMemoryError -XX:HeapDumpPath=c:\Users\Dell\AppData\Roaming\Code\User\workspaceStorage\030274fffca1edf6b01d840448dc3ca1\redhat.java -Daether.dependencyCollector.impl=bf c:\Users\Dell\.vscode\extensions\redhat.java-1.54.0-win32-x64\server\plugins\org.eclipse.equinox.launcher_1.7.100.v20251111-0406.jar -configuration c:\Users\Dell\AppData\Roaming\Code\User\globalStorage\redhat.java\1.54.0\config_win -data c:\Users\Dell\AppData\Roaming\Code\User\workspaceStorage\030274fffca1edf6b01d840448dc3ca1\redhat.java\jdt_ws --pipe=\\.\pipe\lsp-e3b71f243f364d398fec068e0bd90356-sock

Host: 11th Gen Intel(R) Core(TM) i5-1135G7 @ 2.40GHz, 8 cores, 7G,  Windows 11 , 64 bit Build 26100 (10.0.26100.7309)
Time: Wed Apr 15 20:19:23 2026 Nepal Standard Time elapsed time: 16.912272 seconds (0d 0h 0m 16s)

---------------  T H R E A D  ---------------

Current thread (0x000001a084537890):  JavaThread "C2 CompilerThread1" daemon [_thread_in_native, id=20344, stack(0x000000769af00000,0x000000769b000000) (1024K)]


Current CompileTask:
C2:16912 5308       4       org.eclipse.osgi.internal.loader.BundleLoader::addExportedProvidersFor (167 bytes)

Stack: [0x000000769af00000,0x000000769b000000]
Native frames: (J=compiled Java code, j=interpreted, Vv=VM code, C=native code)
V  [jvm.dll+0x6d7a39]
V  [jvm.dll+0x8b4b26]
V  [jvm.dll+0x8b70de]
V  [jvm.dll+0x8b77c3]
V  [jvm.dll+0x284346]
V  [jvm.dll+0xc66ed]
V  [jvm.dll+0xc6c31]
V  [jvm.dll+0x3bec01]
V  [jvm.dll+0x38b162]
V  [jvm.dll+0x38a5aa]
V  [jvm.dll+0x24c560]
V  [jvm.dll+0x24bb40]
V  [jvm.dll+0x1cb34e]
V  [jvm.dll+0x25b85d]
V  [jvm.dll+0x259dea]
V  [jvm.dll+0x3f857e]
V  [jvm.dll+0x85f59d]
V  [jvm.dll+0x6d626d]
C  [ucrtbase.dll+0x37b0]
C  [KERNEL32.DLL+0x2e8d7]
C  [ntdll.dll+0x8c53c]


---------------  P R O C E S S  ---------------

Threads class SMR info:
_java_thread_list=0x000001a0840a4380, length=38, elements={
0x000001a0a593b880, 0x000001a0bc3adef0, 0x000001a0bc3afe20, 0x000001a0bc3b38a0,
0x000001a0bc3b4630, 0x000001a0bc3b72d0, 0x000001a0bc3ba140, 0x000001a0bc3c0540,
0x000001a0fed229b0, 0x000001a0fef3b6d0, 0x000001a0feff51e0, 0x000001a0ff653ff0,
0x000001a0ff881040, 0x000001a0ff82cbd0, 0x000001a0ff82d610, 0x000001a0844a88d0,
0x000001a0849fd410, 0x000001a0bc3dd160, 0x000001a0ff8baac0, 0x000001a0ff8ba430,
0x000001a0ff8bc500, 0x000001a0ff8bb150, 0x000001a0ff8bb7e0, 0x000001a084537890,
0x000001a0ff8b9710, 0x000001a0ff8b9da0, 0x000001a0ff8bbe70, 0x000001a087221810,
0x000001a087220af0, 0x000001a087222bc0, 0x000001a087221180, 0x000001a087221ea0,
0x000001a087223250, 0x000001a0872238e0, 0x000001a087220460, 0x000001a087223f70,
0x000001a0872273f0, 0x000001a087227a80
}
_to_delete_list=0x000001a086656d50, length=30, elements={
0x000001a0a593b880, 0x000001a0bc3adef0, 0x000001a0bc3afe20, 0x000001a0bc3b38a0,
0x000001a0bc3b4630, 0x000001a0bc3b72d0, 0x000001a0bc3ba140, 0x000001a0bc3c0540,
0x000001a0fed229b0, 0x000001a0fef3b6d0, 0x000001a0feff51e0, 0x000001a0ff653ff0,
0x000001a0ff881040, 0x000001a0ff82cbd0, 0x000001a0ff82d610, 0x000001a0844a88d0,
0x000001a0849fd410, 0x000001a0bc3dd160, 0x000001a0ff8baac0, 0x000001a0ff8ba430,
0x000001a0ff8bc500, 0x000001a0ff8bb150, 0x000001a0ff8bb7e0, 0x000001a084537890,
0x000001a0ff8b9710, 0x000001a0ff8b9da0, 0x000001a0ff8bbe70, 0x000001a087221810,
0x000001a087220af0, 0x000001a087222bc0
}

Java Threads: ( => current thread )
  0x000001a0a593b880 JavaThread "main"                              [_thread_in_Java, id=6188, stack(0x0000007698d00000,0x0000007698e00000) (1024K)]
  0x000001a0bc3adef0 JavaThread "Reference Handler"          daemon [_thread_blocked, id=19112, stack(0x0000007699200000,0x0000007699300000) (1024K)]
  0x000001a0bc3afe20 JavaThread "Finalizer"                  daemon [_thread_blocked, id=17720, stack(0x0000007699300000,0x0000007699400000) (1024K)]
  0x000001a0bc3b38a0 JavaThread "Signal Dispatcher"          daemon [_thread_blocked, id=9608, stack(0x0000007699400000,0x0000007699500000) (1024K)]
  0x000001a0bc3b4630 JavaThread "Attach Listener"            daemon [_thread_blocked, id=6908, stack(0x0000007699500000,0x0000007699600000) (1024K)]
  0x000001a0bc3b72d0 JavaThread "Service Thread"             daemon [_thread_blocked, id=5748, stack(0x0000007699600000,0x0000007699700000) (1024K)]
  0x000001a0bc3ba140 JavaThread "Monitor Deflation Thread"   daemon [_thread_blocked, id=10324, stack(0x0000007699700000,0x0000007699800000) (1024K)]
  0x000001a0bc3c0540 JavaThread "C2 CompilerThread0"         daemon [_thread_in_native, id=13232, stack(0x0000007699800000,0x0000007699900000) (1024K)]
  0x000001a0fed229b0 JavaThread "C1 CompilerThread0"         daemon [_thread_in_native, id=5340, stack(0x0000007699900000,0x0000007699a00000) (1024K)]
  0x000001a0fef3b6d0 JavaThread "Common-Cleaner"             daemon [_thread_blocked, id=9120, stack(0x0000007699b00000,0x0000007699c00000) (1024K)]
  0x000001a0feff51e0 JavaThread "Notification Thread"        daemon [_thread_blocked, id=17952, stack(0x0000007699c00000,0x0000007699d00000) (1024K)]
  0x000001a0ff653ff0 JavaThread "Active Thread: Equinox Container: e8c74fa3-a9b6-401a-98fb-c7671db06433"        [_thread_blocked, id=7648, stack(0x0000007699a00000,0x0000007699b00000) (1024K)]
  0x000001a0ff881040 JavaThread "Refresh Thread: Equinox Container: e8c74fa3-a9b6-401a-98fb-c7671db06433" daemon [_thread_blocked, id=6612, stack(0x000000769a500000,0x000000769a600000) (1024K)]
  0x000001a0ff82cbd0 JavaThread "Framework Event Dispatcher: Equinox Container: e8c74fa3-a9b6-401a-98fb-c7671db06433" daemon [_thread_blocked, id=15400, stack(0x000000769a600000,0x000000769a700000) (1024K)]
  0x000001a0ff82d610 JavaThread "Start Level: Equinox Container: e8c74fa3-a9b6-401a-98fb-c7671db06433" daemon [_thread_blocked, id=4732, stack(0x000000769a700000,0x000000769a800000) (1024K)]
  0x000001a0844a88d0 JavaThread "Bundle File Closer"         daemon [_thread_blocked, id=544, stack(0x000000769a800000,0x000000769a900000) (1024K)]
  0x000001a0849fd410 JavaThread "SCR Component Actor"        daemon [_thread_blocked, id=12924, stack(0x000000769a300000,0x000000769a400000) (1024K)]
  0x000001a0bc3dd160 JavaThread "Worker-JM"                         [_thread_blocked, id=3764, stack(0x000000769aa00000,0x000000769ab00000) (1024K)]
  0x000001a0ff8baac0 JavaThread "JNA Cleaner"                daemon [_thread_blocked, id=11324, stack(0x000000769a900000,0x000000769aa00000) (1024K)]
  0x000001a0ff8ba430 JavaThread "Worker-0: Repository registry initialization"        [_thread_blocked, id=16416, stack(0x000000769ab00000,0x000000769ac00000) (1024K)]
  0x000001a0ff8bc500 JavaThread "Worker-1: Building"                [_thread_in_Java, id=18392, stack(0x000000769ac00000,0x000000769ad00000) (1024K)]
  0x000001a0ff8bb150 JavaThread "Worker-2: Updating Maven Dependencies"        [_thread_in_Java, id=5588, stack(0x000000769ae00000,0x000000769af00000) (1024K)]
  0x000001a0ff8bb7e0 JavaThread "Worker-3: Processing Java changes since last activation"        [_thread_blocked, id=4256, stack(0x000000769ad00000,0x000000769ae00000) (1024K)]
=>0x000001a084537890 JavaThread "C2 CompilerThread1"         daemon [_thread_in_native, id=20344, stack(0x000000769af00000,0x000000769b000000) (1024K)]
  0x000001a0ff8b9710 JavaThread "Java indexing"              daemon [_thread_blocked, id=8368, stack(0x000000769b100000,0x000000769b200000) (1024K)]
  0x000001a0ff8b9da0 JavaThread "Worker-4: Initialize After Load"        [_thread_blocked, id=1324, stack(0x000000769b200000,0x000000769b300000) (1024K)]
  0x000001a0ff8bbe70 JavaThread "Worker-5: Loading available Gradle versions"        [_thread_in_Java, id=4876, stack(0x000000769b300000,0x000000769b400000) (1024K)]
  0x000001a087221810 JavaThread "Worker-6"                          [_thread_blocked, id=5968, stack(0x000000769b000000,0x000000769b100000) (1024K)]
  0x000001a087220af0 JavaThread "Worker-7"                          [_thread_blocked, id=704, stack(0x000000769b600000,0x000000769b700000) (1024K)]
  0x000001a087222bc0 JavaThread "Thread-1"                   daemon [_thread_in_native, id=4412, stack(0x000000769b700000,0x000000769b800000) (1024K)]
  0x000001a087221180 JavaThread "Thread-2"                   daemon [_thread_in_native, id=1520, stack(0x000000769b800000,0x000000769b900000) (1024K)]
  0x000001a087221ea0 JavaThread "Thread-3"                   daemon [_thread_in_native, id=14632, stack(0x000000769b900000,0x000000769ba00000) (1024K)]
  0x000001a087223250 JavaThread "Thread-4"                   daemon [_thread_in_native, id=18796, stack(0x000000769ba00000,0x000000769bb00000) (1024K)]
  0x000001a0872238e0 JavaThread "Thread-5"                   daemon [_thread_in_native, id=16664, stack(0x000000769bb00000,0x000000769bc00000) (1024K)]
  0x000001a087220460 JavaThread "Thread-6"                   daemon [_thread_in_native, id=2744, stack(0x000000769bc00000,0x000000769bd00000) (1024K)]
  0x000001a087223f70 JavaThread "Thread-7"                   daemon [_thread_in_native, id=10268, stack(0x000000769bd00000,0x000000769be00000) (1024K)]
  0x000001a0872273f0 JavaThread "Thread-8"                   daemon [_thread_in_native, id=18624, stack(0x000000769be00000,0x000000769bf00000) (1024K)]
  0x000001a087227a80 JavaThread "Thread-9"                   daemon [_thread_in_native, id=10144, stack(0x000000769bf00000,0x000000769c000000) (1024K)]
Total: 38

Other Threads:
  0x000001a0bc3925d0 VMThread "VM Thread"                           [id=14852, stack(0x0000007699100000,0x0000007699200000) (1024K)]
  0x000001a0a59a7700 WatcherThread "VM Periodic Task Thread"        [id=10180, stack(0x0000007699000000,0x0000007699100000) (1024K)]
  0x000001a0a5959ca0 WorkerThread "GC Thread#0"                     [id=19192, stack(0x0000007698f00000,0x0000007699000000) (1024K)]
  0x000001a0ff446bc0 WorkerThread "GC Thread#1"                     [id=18576, stack(0x0000007699d00000,0x0000007699e00000) (1024K)]
  0x000001a0ff30c930 WorkerThread "GC Thread#2"                     [id=2712, stack(0x0000007699e00000,0x0000007699f00000) (1024K)]
  0x000001a0ff30cce0 WorkerThread "GC Thread#3"                     [id=6220, stack(0x0000007699f00000,0x000000769a000000) (1024K)]
  0x000001a0ff30d090 WorkerThread "GC Thread#4"                     [id=8496, stack(0x000000769a000000,0x000000769a100000) (1024K)]
  0x000001a0ff622550 WorkerThread "GC Thread#5"                     [id=12012, stack(0x000000769a100000,0x000000769a200000) (1024K)]
  0x000001a0ff622900 WorkerThread "GC Thread#6"                     [id=9772, stack(0x000000769a200000,0x000000769a300000) (1024K)]
  0x000001a0ff2026a0 WorkerThread "GC Thread#7"                     [id=15632, stack(0x000000769a400000,0x000000769a500000) (1024K)]
Total: 10

Threads with active compile tasks:
C2 CompilerThread0  16953 5355   !   4       org.eclipse.osgi.internal.loader.classpath.ClasspathManager::defineClass (636 bytes)
C1 CompilerThread0  16953 5411       3       jdk.internal.jimage.ImageStringsReader::stringFromByteBufferMatches (138 bytes)
C2 CompilerThread1  16953 5308       4       org.eclipse.osgi.internal.loader.BundleLoader::addExportedProvidersFor (167 bytes)
Total: 3

VM state: not at safepoint (normal execution)

VM Mutex/Monitor currently owned by a thread: None

Heap address: 0x0000000080000000, size: 2048 MB, Compressed Oops mode: 32-bit

CDS archive(s) mapped at: [0x000001a0bd000000-0x000001a0bdba0000-0x000001a0bdba0000), size 12189696, SharedBaseAddress: 0x000001a0bd000000, ArchiveRelocationMode: 1.
Compressed class space mapped at: 0x000001a0be000000-0x000001a0fe000000, reserved size: 1073741824
Narrow klass base: 0x000001a0bd000000, Narrow klass shift: 0, Narrow klass range: 0x100000000

GC Precious Log:
 CardTable entry size: 512
 CPUs: 8 total, 8 available
 Memory: 7914M
 Large Page Support: Disabled
 NUMA Support: Disabled
 Compressed Oops: Enabled (32-bit)
 Alignments: Space 512K, Generation 512K, Heap 2M
 Heap Min Capacity: 100M
 Heap Initial Capacity: 100M
 Heap Max Capacity: 2G
 Pre-touch: Disabled
 Parallel Workers: 8

Heap:
 PSYoungGen      total 24576K, used 8186K [0x00000000d5580000, 0x00000000d6f80000, 0x0000000100000000)
  eden space 22016K, 30% used [0x00000000d5580000,0x00000000d5c18430,0x00000000d6b00000)
  from space 2560K, 56% used [0x00000000d6b00000,0x00000000d6c666b0,0x00000000d6d80000)
  to   space 2048K, 0% used [0x00000000d6d80000,0x00000000d6d80000,0x00000000d6f80000)
 ParOldGen       total 68608K, used 18137K [0x0000000080000000, 0x0000000084300000, 0x00000000d5580000)
  object space 68608K, 26% used [0x0000000080000000,0x00000000811b6440,0x0000000084300000)
 Metaspace       used 37589K, committed 38784K, reserved 1114112K
  class space    used 3930K, committed 4480K, reserved 1048576K

Card table byte_map: [0x000001a0a5310000,0x000001a0a5720000] _byte_map_base: 0x000001a0a4f10000

Marking Bits: (ParMarkBitMap*) 0x00007ffd2e383450
 Begin Bits: [0x000001a0b7df0000, 0x000001a0b9df0000)
 End Bits:   [0x000001a0b9df0000, 0x000001a0bbdf0000)

Polling page: 0x000001a0a5100000

Metaspace:

Usage:
  Non-class:     32.87 MB used.
      Class:      3.84 MB used.
       Both:     36.71 MB used.

Virtual space:
  Non-class space:       64.00 MB reserved,      33.50 MB ( 52%) committed,  1 nodes.
      Class space:        1.00 GB reserved,       4.38 MB ( <1%) committed,  1 nodes.
             Both:        1.06 GB reserved,      37.88 MB (  3%) committed. 

Chunk freelists:
   Non-Class:  13.83 MB
       Class:  11.66 MB
        Both:  25.48 MB

MaxMetaspaceSize: unlimited
CompressedClassSpaceSize: 1.00 GB
Initial GC threshold: 21.00 MB
Current GC threshold: 58.38 MB
CDS: on
 - commit_granule_bytes: 65536.
 - commit_granule_words: 8192.
 - virtual_space_node_default_size: 8388608.
 - enlarge_chunks_in_place: 1.
 - use_allocation_guard: 0.


Internal statistics:

num_allocs_failed_limit: 6.
num_arena_births: 790.
num_arena_deaths: 16.
num_vsnodes_births: 2.
num_vsnodes_deaths: 0.
num_space_committed: 606.
num_space_uncommitted: 0.
num_chunks_returned_to_freelist: 22.
num_chunks_taken_from_freelist: 2485.
num_chunk_merges: 10.
num_chunk_splits: 1506.
num_chunks_enlarged: 857.
num_inconsistent_stats: 0.

CodeHeap 'non-profiled nmethods': size=120000Kb used=2414Kb max_used=2722Kb free=117585Kb
 bounds [0x000001a0b0610000, 0x000001a0b08d0000, 0x000001a0b7b40000]
CodeHeap 'profiled nmethods': size=120000Kb used=9995Kb max_used=11005Kb free=110004Kb
 bounds [0x000001a0a8b40000, 0x000001a0a9610000, 0x000001a0b0070000]
CodeHeap 'non-nmethods': size=5760Kb used=1367Kb max_used=1426Kb free=4392Kb
 bounds [0x000001a0b0070000, 0x000001a0b02e0000, 0x000001a0b0610000]
CodeCache: size=245760Kb, used=13776Kb, max_used=15153Kb, free=231981Kb
 total_blobs=5459, nmethods=4802, adapters=562, full_count=0
Compilation: enabled, stopped_count=0, restarted_count=0

Compilation events (20 events):
Event: 16.875 Thread 0x000001a0fed229b0 nmethod 5351 0x000001a0a8c16590 code [0x000001a0a8c16780, 0x000001a0a8c16c78]
Event: 16.878 Thread 0x000001a0fed229b0 5353       3       java.nio.HeapByteBuffer::get (14 bytes)
Event: 16.878 Thread 0x000001a0fed229b0 nmethod 5353 0x000001a0a8f58110 code [0x000001a0a8f582e0, 0x000001a0a8f585b8]
Event: 16.879 Thread 0x000001a0fed229b0 5354       3       java.nio.Buffer::nextGetIndex (30 bytes)
Event: 16.879 Thread 0x000001a0fed229b0 nmethod 5354 0x000001a0a8da9d90 code [0x000001a0a8da9f40, 0x000001a0a8daa110]
Event: 16.879 Thread 0x000001a0bc3c0540 5355   !   4       org.eclipse.osgi.internal.loader.classpath.ClasspathManager::defineClass (636 bytes)
Event: 16.886 Thread 0x000001a0fed229b0 5356       3       com.google.inject.spi.Elements$RecordingBinder::bind (6 bytes)
Event: 16.886 Thread 0x000001a0fed229b0 nmethod 5356 0x000001a0a904d490 code [0x000001a0a904d640, 0x000001a0a904d798]
Event: 16.886 Thread 0x000001a0fed229b0 5357   !   3       org.eclipse.sisu.space.URLClassSpace::loadClass (31 bytes)
Event: 16.886 Thread 0x000001a0fed229b0 nmethod 5357 0x000001a0a90eb110 code [0x000001a0a90eb300, 0x000001a0a90eb6f0]
Event: 16.886 Thread 0x000001a0fed229b0 5358       3       org.codehaus.plexus.classworlds.realm.ClassRealm::loadClass (7 bytes)
Event: 16.887 Thread 0x000001a0fed229b0 nmethod 5358 0x000001a0a8dac890 code [0x000001a0a8daca40, 0x000001a0a8dacc08]
Event: 16.899 Thread 0x000001a0fed229b0 5359       3       com.google.inject.internal.util.SourceProvider::shouldBeSkipped (35 bytes)
Event: 16.899 Thread 0x000001a0fed229b0 nmethod 5359 0x000001a0a8dcdd90 code [0x000001a0a8dcdf80, 0x000001a0a8dce468]
Event: 16.905 Thread 0x000001a0fed229b0 5360       3       com.google.inject.internal.DeclaredMembers::getDeclaredMethods (76 bytes)
Event: 16.908 Thread 0x000001a0fed229b0 nmethod 5360 0x000001a0a904ec90 code [0x000001a0a904f200, 0x000001a0a9052430]
Event: 16.908 Thread 0x000001a0fed229b0 5361       3       com.google.common.collect.Ordering::from (23 bytes)
Event: 16.908 Thread 0x000001a0fed229b0 nmethod 5361 0x000001a0a8cfac10 code [0x000001a0a8cfae20, 0x000001a0a8cfb550]
Event: 16.908 Thread 0x000001a0fed229b0 5362       3       com.google.common.collect.ComparatorOrdering::<init> (16 bytes)
Event: 16.908 Thread 0x000001a0fed229b0 nmethod 5362 0x000001a0a9042390 code [0x000001a0a9042560, 0x000001a0a90429a8]

GC Heap History (20 events):
Event: 13.564 GC heap before
{Heap before GC invocations=8 (full 0):
 PSYoungGen      total 29184K, used 6366K [0x00000000d5580000, 0x00000000d7800000, 0x0000000100000000)
  eden space 24064K, 6% used [0x00000000d5580000,0x00000000d56f1438,0x00000000d6d00000)
  from space 5120K, 95% used [0x00000000d6d80000,0x00000000d7246780,0x00000000d7280000)
  to   space 5632K, 0% used [0x00000000d7280000,0x00000000d7280000,0x00000000d7800000)
 ParOldGen       total 68608K, used 9417K [0x0000000080000000, 0x0000000084300000, 0x00000000d5580000)
  object space 68608K, 13% used [0x0000000080000000,0x0000000080932500,0x0000000084300000)
 Metaspace       used 20606K, committed 21504K, reserved 1114112K
  class space    used 2155K, committed 2560K, reserved 1048576K
}
Event: 13.568 GC heap after
{Heap after GC invocations=8 (full 0):
 PSYoungGen      total 28672K, used 4529K [0x00000000d5580000, 0x00000000d7700000, 0x0000000100000000)
  eden space 24064K, 0% used [0x00000000d5580000,0x00000000d5580000,0x00000000d6d00000)
  from space 4608K, 98% used [0x00000000d7280000,0x00000000d76ec750,0x00000000d7700000)
  to   space 5120K, 0% used [0x00000000d6d00000,0x00000000d6d00000,0x00000000d7200000)
 ParOldGen       total 68608K, used 9781K [0x0000000080000000, 0x0000000084300000, 0x00000000d5580000)
  object space 68608K, 14% used [0x0000000080000000,0x000000008098d7f0,0x0000000084300000)
 Metaspace       used 20606K, committed 21504K, reserved 1114112K
  class space    used 2155K, committed 2560K, reserved 1048576K
}
Event: 13.568 GC heap before
{Heap before GC invocations=9 (full 1):
 PSYoungGen      total 28672K, used 4529K [0x00000000d5580000, 0x00000000d7700000, 0x0000000100000000)
  eden space 24064K, 0% used [0x00000000d5580000,0x00000000d5580000,0x00000000d6d00000)
  from space 4608K, 98% used [0x00000000d7280000,0x00000000d76ec750,0x00000000d7700000)
  to   space 5120K, 0% used [0x00000000d6d00000,0x00000000d6d00000,0x00000000d7200000)
 ParOldGen       total 68608K, used 9781K [0x0000000080000000, 0x0000000084300000, 0x00000000d5580000)
  object space 68608K, 14% used [0x0000000080000000,0x000000008098d7f0,0x0000000084300000)
 Metaspace       used 20606K, committed 21504K, reserved 1114112K
  class space    used 2155K, committed 2560K, reserved 1048576K
}
Event: 13.612 GC heap after
{Heap after GC invocations=9 (full 1):
 PSYoungGen      total 28672K, used 0K [0x00000000d5580000, 0x00000000d7700000, 0x0000000100000000)
  eden space 24064K, 0% used [0x00000000d5580000,0x00000000d5580000,0x00000000d6d00000)
  from space 4608K, 0% used [0x00000000d7280000,0x00000000d7280000,0x00000000d7700000)
  to   space 5120K, 0% used [0x00000000d6d00000,0x00000000d6d00000,0x00000000d7200000)
 ParOldGen       total 68608K, used 13266K [0x0000000080000000, 0x0000000084300000, 0x00000000d5580000)
  object space 68608K, 19% used [0x0000000080000000,0x0000000080cf4888,0x0000000084300000)
 Metaspace       used 20593K, committed 21504K, reserved 1114112K
  class space    used 2152K, committed 2560K, reserved 1048576K
}
Event: 14.046 GC heap before
{Heap before GC invocations=10 (full 1):
 PSYoungGen      total 28672K, used 24064K [0x00000000d5580000, 0x00000000d7700000, 0x0000000100000000)
  eden space 24064K, 100% used [0x00000000d5580000,0x00000000d6d00000,0x00000000d6d00000)
  from space 4608K, 0% used [0x00000000d7280000,0x00000000d7280000,0x00000000d7700000)
  to   space 5120K, 0% used [0x00000000d6d00000,0x00000000d6d00000,0x00000000d7200000)
 ParOldGen       total 68608K, used 13266K [0x0000000080000000, 0x0000000084300000, 0x00000000d5580000)
  object space 68608K, 19% used [0x0000000080000000,0x0000000080cf4888,0x0000000084300000)
 Metaspace       used 22461K, committed 23296K, reserved 1114112K
  class space    used 2301K, committed 2688K, reserved 1048576K
}
Event: 14.048 GC heap after
{Heap after GC invocations=10 (full 1):
 PSYoungGen      total 24064K, used 480K [0x00000000d5580000, 0x00000000d7300000, 0x0000000100000000)
  eden space 23552K, 0% used [0x00000000d5580000,0x00000000d5580000,0x00000000d6c80000)
  from space 512K, 93% used [0x00000000d6d00000,0x00000000d6d78000,0x00000000d6d80000)
  to   space 2048K, 0% used [0x00000000d7100000,0x00000000d7100000,0x00000000d7300000)
 ParOldGen       total 68608K, used 13274K [0x0000000080000000, 0x0000000084300000, 0x00000000d5580000)
  object space 68608K, 19% used [0x0000000080000000,0x0000000080cf6888,0x0000000084300000)
 Metaspace       used 22461K, committed 23296K, reserved 1114112K
  class space    used 2301K, committed 2688K, reserved 1048576K
}
Event: 14.664 GC heap before
{Heap before GC invocations=11 (full 1):
 PSYoungGen      total 24064K, used 24032K [0x00000000d5580000, 0x00000000d7300000, 0x0000000100000000)
  eden space 23552K, 100% used [0x00000000d5580000,0x00000000d6c80000,0x00000000d6c80000)
  from space 512K, 93% used [0x00000000d6d00000,0x00000000d6d78000,0x00000000d6d80000)
  to   space 2048K, 0% used [0x00000000d7100000,0x00000000d7100000,0x00000000d7300000)
 ParOldGen       total 68608K, used 13274K [0x0000000080000000, 0x0000000084300000, 0x00000000d5580000)
  object space 68608K, 19% used [0x0000000080000000,0x0000000080cf6888,0x0000000084300000)
 Metaspace       used 25738K, committed 26624K, reserved 1114112K
  class space    used 2555K, committed 2944K, reserved 1048576K
}
Event: 14.666 GC heap after
{Heap after GC invocations=11 (full 1):
 PSYoungGen      total 25088K, used 2016K [0x00000000d5580000, 0x00000000d7300000, 0x0000000100000000)
  eden space 23040K, 0% used [0x00000000d5580000,0x00000000d5580000,0x00000000d6c00000)
  from space 2048K, 98% used [0x00000000d7100000,0x00000000d72f82d8,0x00000000d7300000)
  to   space 3072K, 0% used [0x00000000d6d00000,0x00000000d6d00000,0x00000000d7000000)
 ParOldGen       total 68608K, used 13845K [0x0000000080000000, 0x0000000084300000, 0x00000000d5580000)
  object space 68608K, 20% used [0x0000000080000000,0x0000000080d854e8,0x0000000084300000)
 Metaspace       used 25738K, committed 26624K, reserved 1114112K
  class space    used 2555K, committed 2944K, reserved 1048576K
}
Event: 15.024 GC heap before
{Heap before GC invocations=12 (full 1):
 PSYoungGen      total 25088K, used 25056K [0x00000000d5580000, 0x00000000d7300000, 0x0000000100000000)
  eden space 23040K, 100% used [0x00000000d5580000,0x00000000d6c00000,0x00000000d6c00000)
  from space 2048K, 98% used [0x00000000d7100000,0x00000000d72f82d8,0x00000000d7300000)
  to   space 3072K, 0% used [0x00000000d6d00000,0x00000000d6d00000,0x00000000d7000000)
 ParOldGen       total 68608K, used 13845K [0x0000000080000000, 0x0000000084300000, 0x00000000d5580000)
  object space 68608K, 20% used [0x0000000080000000,0x0000000080d854e8,0x0000000084300000)
 Metaspace       used 27812K, committed 28672K, reserved 1114112K
  class space    used 2748K, committed 3136K, reserved 1048576K
}
Event: 15.026 GC heap after
{Heap after GC invocations=12 (full 1):
 PSYoungGen      total 25088K, used 2248K [0x00000000d5580000, 0x00000000d7180000, 0x0000000100000000)
  eden space 22528K, 0% used [0x00000000d5580000,0x00000000d5580000,0x00000000d6b80000)
  from space 2560K, 87% used [0x00000000d6d00000,0x00000000d6f322b0,0x00000000d6f80000)
  to   space 2048K, 0% used [0x00000000d6f80000,0x00000000d6f80000,0x00000000d7180000)
 ParOldGen       total 68608K, used 14778K [0x0000000080000000, 0x0000000084300000, 0x00000000d5580000)
  object space 68608K, 21% used [0x0000000080000000,0x0000000080e6eb88,0x0000000084300000)
 Metaspace       used 27812K, committed 28672K, reserved 1114112K
  class space    used 2748K, committed 3136K, reserved 1048576K
}
Event: 15.493 GC heap before
{Heap before GC invocations=13 (full 1):
 PSYoungGen      total 25088K, used 24776K [0x00000000d5580000, 0x00000000d7180000, 0x0000000100000000)
  eden space 22528K, 100% used [0x00000000d5580000,0x00000000d6b80000,0x00000000d6b80000)
  from space 2560K, 87% used [0x00000000d6d00000,0x00000000d6f322b0,0x00000000d6f80000)
  to   space 2048K, 0% used [0x00000000d6f80000,0x00000000d6f80000,0x00000000d7180000)
 ParOldGen       total 68608K, used 14778K [0x0000000080000000, 0x0000000084300000, 0x00000000d5580000)
  object space 68608K, 21% used [0x0000000080000000,0x0000000080e6eb88,0x0000000084300000)
 Metaspace       used 30396K, committed 31296K, reserved 1114112K
  class space    used 3067K, committed 3456K, reserved 1048576K
}
Event: 15.497 GC heap after
{Heap after GC invocations=13 (full 1):
 PSYoungGen      total 23040K, used 800K [0x00000000d5580000, 0x00000000d7080000, 0x0000000100000000)
  eden space 22016K, 0% used [0x00000000d5580000,0x00000000d5580000,0x00000000d6b00000)
  from space 1024K, 78% used [0x00000000d6f80000,0x00000000d7048000,0x00000000d7080000)
  to   space 1536K, 0% used [0x00000000d6d80000,0x00000000d6d80000,0x00000000d6f00000)
 ParOldGen       total 68608K, used 16801K [0x0000000080000000, 0x0000000084300000, 0x00000000d5580000)
  object space 68608K, 24% used [0x0000000080000000,0x0000000081068698,0x0000000084300000)
 Metaspace       used 30396K, committed 31296K, reserved 1114112K
  class space    used 3067K, committed 3456K, reserved 1048576K
}
Event: 15.968 GC heap before
{Heap before GC invocations=14 (full 1):
 PSYoungGen      total 23040K, used 22816K [0x00000000d5580000, 0x00000000d7080000, 0x0000000100000000)
  eden space 22016K, 100% used [0x00000000d5580000,0x00000000d6b00000,0x00000000d6b00000)
  from space 1024K, 78% used [0x00000000d6f80000,0x00000000d7048000,0x00000000d7080000)
  to   space 1536K, 0% used [0x00000000d6d80000,0x00000000d6d80000,0x00000000d6f00000)
 ParOldGen       total 68608K, used 16801K [0x0000000080000000, 0x0000000084300000, 0x00000000d5580000)
  object space 68608K, 24% used [0x0000000080000000,0x0000000081068698,0x0000000084300000)
 Metaspace       used 33009K, committed 34048K, reserved 1114112K
  class space    used 3341K, committed 3776K, reserved 1048576K
}
Event: 15.971 GC heap after
{Heap after GC invocations=14 (full 1):
 PSYoungGen      total 23552K, used 1517K [0x00000000d5580000, 0x00000000d7000000, 0x0000000100000000)
  eden space 22016K, 0% used [0x00000000d5580000,0x00000000d5580000,0x00000000d6b00000)
  from space 1536K, 98% used [0x00000000d6d80000,0x00000000d6efb680,0x00000000d6f00000)
  to   space 1024K, 0% used [0x00000000d6f00000,0x00000000d6f00000,0x00000000d7000000)
 ParOldGen       total 68608K, used 17521K [0x0000000080000000, 0x0000000084300000, 0x00000000d5580000)
  object space 68608K, 25% used [0x0000000080000000,0x000000008111c6e8,0x0000000084300000)
 Metaspace       used 33009K, committed 34048K, reserved 1114112K
  class space    used 3341K, committed 3776K, reserved 1048576K
}
Event: 16.489 GC heap before
{Heap before GC invocations=15 (full 1):
 PSYoungGen      total 23552K, used 20465K [0x00000000d5580000, 0x00000000d7000000, 0x0000000100000000)
  eden space 22016K, 86% used [0x00000000d5580000,0x00000000d6800db0,0x00000000d6b00000)
  from space 1536K, 98% used [0x00000000d6d80000,0x00000000d6efb680,0x00000000d6f00000)
  to   space 1024K, 0% used [0x00000000d6f00000,0x00000000d6f00000,0x00000000d7000000)
 ParOldGen       total 68608K, used 17521K [0x0000000080000000, 0x0000000084300000, 0x00000000d5580000)
  object space 68608K, 25% used [0x0000000080000000,0x000000008111c6e8,0x0000000084300000)
 Metaspace       used 34742K, committed 35840K, reserved 1114112K
  class space    used 3573K, committed 4096K, reserved 1048576K
}
Event: 16.493 GC heap after
{Heap after GC invocations=15 (full 1):
 PSYoungGen      total 23040K, used 1015K [0x00000000d5580000, 0x00000000d7000000, 0x0000000100000000)
  eden space 22016K, 0% used [0x00000000d5580000,0x00000000d5580000,0x00000000d6b00000)
  from space 1024K, 99% used [0x00000000d6f00000,0x00000000d6ffde00,0x00000000d7000000)
  to   space 2560K, 0% used [0x00000000d6b00000,0x00000000d6b00000,0x00000000d6d80000)
 ParOldGen       total 68608K, used 18868K [0x0000000080000000, 0x0000000084300000, 0x00000000d5580000)
  object space 68608K, 27% used [0x0000000080000000,0x000000008126d268,0x0000000084300000)
 Metaspace       used 34742K, committed 35840K, reserved 1114112K
  class space    used 3573K, committed 4096K, reserved 1048576K
}
Event: 16.493 GC heap before
{Heap before GC invocations=16 (full 2):
 PSYoungGen      total 23040K, used 1015K [0x00000000d5580000, 0x00000000d7000000, 0x0000000100000000)
  eden space 22016K, 0% used [0x00000000d5580000,0x00000000d5580000,0x00000000d6b00000)
  from space 1024K, 99% used [0x00000000d6f00000,0x00000000d6ffde00,0x00000000d7000000)
  to   space 2560K, 0% used [0x00000000d6b00000,0x00000000d6b00000,0x00000000d6d80000)
 ParOldGen       total 68608K, used 18868K [0x0000000080000000, 0x0000000084300000, 0x00000000d5580000)
  object space 68608K, 27% used [0x0000000080000000,0x000000008126d268,0x0000000084300000)
 Metaspace       used 34742K, committed 35840K, reserved 1114112K
  class space    used 3573K, committed 4096K, reserved 1048576K
}
Event: 16.559 GC heap after
{Heap after GC invocations=16 (full 2):
 PSYoungGen      total 23040K, used 0K [0x00000000d5580000, 0x00000000d7000000, 0x0000000100000000)
  eden space 22016K, 0% used [0x00000000d5580000,0x00000000d5580000,0x00000000d6b00000)
  from space 1024K, 0% used [0x00000000d6f00000,0x00000000d6f00000,0x00000000d7000000)
  to   space 2560K, 0% used [0x00000000d6b00000,0x00000000d6b00000,0x00000000d6d80000)
 ParOldGen       total 68608K, used 18129K [0x0000000080000000, 0x0000000084300000, 0x00000000d5580000)
  object space 68608K, 26% used [0x0000000080000000,0x00000000811b4440,0x0000000084300000)
 Metaspace       used 34740K, committed 35840K, reserved 1114112K
  class space    used 3572K, committed 4096K, reserved 1048576K
}
Event: 16.862 GC heap before
{Heap before GC invocations=17 (full 2):
 PSYoungGen      total 23040K, used 22016K [0x00000000d5580000, 0x00000000d7000000, 0x0000000100000000)
  eden space 22016K, 100% used [0x00000000d5580000,0x00000000d6b00000,0x00000000d6b00000)
  from space 1024K, 0% used [0x00000000d6f00000,0x00000000d6f00000,0x00000000d7000000)
  to   space 2560K, 0% used [0x00000000d6b00000,0x00000000d6b00000,0x00000000d6d80000)
 ParOldGen       total 68608K, used 18129K [0x0000000080000000, 0x0000000084300000, 0x00000000d5580000)
  object space 68608K, 26% used [0x0000000080000000,0x00000000811b4440,0x0000000084300000)
 Metaspace       used 36753K, committed 37888K, reserved 1114112K
  class space    used 3825K, committed 4288K, reserved 1048576K
}
Event: 16.865 GC heap after
{Heap after GC invocations=17 (full 2):
 PSYoungGen      total 24576K, used 1433K [0x00000000d5580000, 0x00000000d6f80000, 0x0000000100000000)
  eden space 22016K, 0% used [0x00000000d5580000,0x00000000d5580000,0x00000000d6b00000)
  from space 2560K, 56% used [0x00000000d6b00000,0x00000000d6c666b0,0x00000000d6d80000)
  to   space 2048K, 0% used [0x00000000d6d80000,0x00000000d6d80000,0x00000000d6f80000)
 ParOldGen       total 68608K, used 18137K [0x0000000080000000, 0x0000000084300000, 0x00000000d5580000)
  object space 68608K, 26% used [0x0000000080000000,0x00000000811b6440,0x0000000084300000)
 Metaspace       used 36753K, committed 37888K, reserved 1114112K
  class space    used 3825K, committed 4288K, reserved 1048576K
}

Dll operation events (10 events):
Event: 0.055 Loaded shared library c:\Users\Dell\.vscode\extensions\redhat.java-1.54.0-win32-x64\jre\21.0.10-win32-x86_64\bin\java.dll
Event: 0.218 Loaded shared library c:\Users\Dell\.vscode\extensions\redhat.java-1.54.0-win32-x64\jre\21.0.10-win32-x86_64\bin\zip.dll
Event: 0.266 Loaded shared library C:\Users\Dell\.vscode\extensions\redhat.java-1.54.0-win32-x64\jre\21.0.10-win32-x86_64\bin\instrument.dll
Event: 0.273 Loaded shared library C:\Users\Dell\.vscode\extensions\redhat.java-1.54.0-win32-x64\jre\21.0.10-win32-x86_64\bin\net.dll
Event: 0.276 Loaded shared library C:\Users\Dell\.vscode\extensions\redhat.java-1.54.0-win32-x64\jre\21.0.10-win32-x86_64\bin\nio.dll
Event: 0.281 Loaded shared library C:\Users\Dell\.vscode\extensions\redhat.java-1.54.0-win32-x64\jre\21.0.10-win32-x86_64\bin\zip.dll
Event: 0.305 Loaded shared library C:\Users\Dell\.vscode\extensions\redhat.java-1.54.0-win32-x64\jre\21.0.10-win32-x86_64\bin\jimage.dll
Event: 0.432 Loaded shared library c:\Users\Dell\.vscode\extensions\redhat.java-1.54.0-win32-x64\jre\21.0.10-win32-x86_64\bin\verify.dll
Event: 3.675 Loaded shared library C:\Users\Dell\AppData\Roaming\Code\User\globalStorage\redhat.java\1.54.0\config_win\org.eclipse.equinox.launcher\org.eclipse.equinox.launcher.win32.win32.x86_64_1.3.0.v20260203-2149\eclipse_11919.dll
Event: 12.015 Loaded shared library C:\Users\Dell\AppData\Local\Temp\jna-2126305\jna10765311117977958476.dll

Deoptimization events (20 events):
Event: 16.878 Thread 0x000001a0a593b880 Uncommon trap: trap_request=0xffffff45 fr.pc=0x000001a0b07f5bf0 relative=0x0000000000000110
Event: 16.878 Thread 0x000001a0a593b880 Uncommon trap: reason=unstable_if action=reinterpret pc=0x000001a0b07f5bf0 method=java.io.WinNTFileSystem.normalize(Ljava/lang/String;)Ljava/lang/String; @ 74 c2
Event: 16.878 Thread 0x000001a0a593b880 DEOPT PACKING pc=0x000001a0b07f5bf0 sp=0x0000007698dfe990
Event: 16.878 Thread 0x000001a0a593b880 DEOPT UNPACKING pc=0x000001a0b00c6da2 sp=0x0000007698dfe978 mode 2
Event: 16.897 Thread 0x000001a087223250 Uncommon trap: trap_request=0xffffffde fr.pc=0x000001a0b066f3bc relative=0x00000000000003bc
Event: 16.897 Thread 0x000001a087221ea0 Uncommon trap: trap_request=0xffffffde fr.pc=0x000001a0b066f3bc relative=0x00000000000003bc
Event: 16.897 Thread 0x000001a087223250 Uncommon trap: reason=class_check action=maybe_recompile pc=0x000001a0b066f3bc method=java.lang.ThreadLocal.set(Ljava/lang/Thread;Ljava/lang/Object;)V @ 22 c2
Event: 16.897 Thread 0x000001a087221ea0 Uncommon trap: reason=class_check action=maybe_recompile pc=0x000001a0b066f3bc method=java.lang.ThreadLocal.set(Ljava/lang/Thread;Ljava/lang/Object;)V @ 22 c2
Event: 16.897 Thread 0x000001a087223f70 Uncommon trap: trap_request=0xffffffde fr.pc=0x000001a0b066f3bc relative=0x00000000000003bc
Event: 16.897 Thread 0x000001a0872273f0 Uncommon trap: trap_request=0xffffffde fr.pc=0x000001a0b066f3bc relative=0x00000000000003bc
Event: 16.897 Thread 0x000001a087223250 DEOPT PACKING pc=0x000001a0b066f3bc sp=0x000000769baff2d0
Event: 16.897 Thread 0x000001a087223f70 Uncommon trap: reason=class_check action=maybe_recompile pc=0x000001a0b066f3bc method=java.lang.ThreadLocal.set(Ljava/lang/Thread;Ljava/lang/Object;)V @ 22 c2
Event: 16.897 Thread 0x000001a087221ea0 DEOPT PACKING pc=0x000001a0b066f3bc sp=0x000000769b9ff260
Event: 16.897 Thread 0x000001a087223250 DEOPT UNPACKING pc=0x000001a0b00c6da2 sp=0x000000769baff218 mode 2
Event: 16.897 Thread 0x000001a0872273f0 Uncommon trap: reason=class_check action=maybe_recompile pc=0x000001a0b066f3bc method=java.lang.ThreadLocal.set(Ljava/lang/Thread;Ljava/lang/Object;)V @ 22 c2
Event: 16.897 Thread 0x000001a087221ea0 DEOPT UNPACKING pc=0x000001a0b00c6da2 sp=0x000000769b9ff1a8 mode 2
Event: 16.897 Thread 0x000001a087223f70 DEOPT PACKING pc=0x000001a0b066f3bc sp=0x000000769bdff280
Event: 16.897 Thread 0x000001a0872273f0 DEOPT PACKING pc=0x000001a0b066f3bc sp=0x000000769beff4a0
Event: 16.897 Thread 0x000001a087223f70 DEOPT UNPACKING pc=0x000001a0b00c6da2 sp=0x000000769bdff1c8 mode 2
Event: 16.897 Thread 0x000001a0872273f0 DEOPT UNPACKING pc=0x000001a0b00c6da2 sp=0x000000769beff3e8 mode 2

Classes loaded (20 events):
Event: 16.886 Loading class sun/nio/ch/AsynchronousChannelGroupImpl$1
Event: 16.886 Loading class sun/nio/ch/AsynchronousChannelGroupImpl$1 done
Event: 16.888 Loading class sun/nio/ch/PendingIoCache
Event: 16.889 Loading class sun/nio/ch/PendingIoCache done
Event: 16.895 Loading class sun/nio/ch/Invoker
Event: 16.896 Loading class sun/nio/ch/Invoker done
Event: 16.896 Loading class sun/nio/ch/Invoker$1
Event: 16.897 Loading class sun/nio/ch/Invoker$1 done
Event: 16.897 Loading class sun/nio/ch/Invoker$GroupAndInvokeCount
Event: 16.897 Loading class sun/nio/ch/Invoker$GroupAndInvokeCount done
Event: 16.901 Loading class sun/reflect/generics/tree/BottomSignature
Event: 16.901 Loading class sun/reflect/generics/tree/BottomSignature done
Event: 16.901 Loading class sun/reflect/generics/tree/Wildcard
Event: 16.902 Loading class sun/reflect/generics/tree/Wildcard done
Event: 16.902 Loading class sun/reflect/generics/reflectiveObjects/WildcardTypeImpl
Event: 16.902 Loading class sun/reflect/generics/reflectiveObjects/WildcardTypeImpl done
Event: 16.902 Loading class sun/reflect/annotation/AnnotatedTypeFactory$AnnotatedParameterizedTypeImpl
Event: 16.903 Loading class java/lang/reflect/AnnotatedParameterizedType
Event: 16.903 Loading class java/lang/reflect/AnnotatedParameterizedType done
Event: 16.903 Loading class sun/reflect/annotation/AnnotatedTypeFactory$AnnotatedParameterizedTypeImpl done

Classes unloaded (8 events):
Event: 13.574 Thread 0x000001a0bc3925d0 Unloading class 0x000001a0be1b2000 'java/lang/invoke/LambdaForm$MH+0x000001a0be1b2000'
Event: 13.574 Thread 0x000001a0bc3925d0 Unloading class 0x000001a0be1b1c00 'java/lang/invoke/LambdaForm$MH+0x000001a0be1b1c00'
Event: 13.574 Thread 0x000001a0bc3925d0 Unloading class 0x000001a0be1b1800 'java/lang/invoke/LambdaForm$MH+0x000001a0be1b1800'
Event: 13.574 Thread 0x000001a0bc3925d0 Unloading class 0x000001a0be1b1400 'java/lang/invoke/LambdaForm$MH+0x000001a0be1b1400'
Event: 13.574 Thread 0x000001a0bc3925d0 Unloading class 0x000001a0be1b1000 'java/lang/invoke/LambdaForm$BMH+0x000001a0be1b1000'
Event: 13.574 Thread 0x000001a0bc3925d0 Unloading class 0x000001a0be1b0c00 'java/lang/invoke/LambdaForm$DMH+0x000001a0be1b0c00'
Event: 13.574 Thread 0x000001a0bc3925d0 Unloading class 0x000001a0be1ab800 'java/lang/invoke/LambdaForm$DMH+0x000001a0be1ab800'
Event: 16.502 Thread 0x000001a0bc3925d0 Unloading class 0x000001a0be2ebc00 'java/lang/invoke/LambdaForm$MH+0x000001a0be2ebc00'

Classes redefined (0 events):
No events

Internal exceptions (20 events):
Event: 16.333 Thread 0x000001a0ff8bc500 Exception <a 'sun/nio/fs/WindowsException'{0x00000000d620c3e8}> (0x00000000d620c3e8) 
thrown [s\src\hotspot\share\prims\jni.cpp, line 520]
Event: 16.348 Thread 0x000001a0ff82d610 Exception <a 'java/io/FileNotFoundException'{0x00000000d6265528}> (0x00000000d6265528) 
thrown [s\src\hotspot\share\prims\jni.cpp, line 520]
Event: 16.420 Thread 0x000001a0ff8bc500 Exception <a 'sun/nio/fs/WindowsException'{0x00000000d6484310}> (0x00000000d6484310) 
thrown [s\src\hotspot\share\prims\jni.cpp, line 520]
Event: 16.420 Thread 0x000001a0ff8bc500 Exception <a 'sun/nio/fs/WindowsException'{0x00000000d6484bf0}> (0x00000000d6484bf0) 
thrown [s\src\hotspot\share\prims\jni.cpp, line 520]
Event: 16.430 Thread 0x000001a0ff82d610 Exception <a 'java/lang/UnsatisfiedLinkError'{0x00000000d652f518}: The specified procedure could not be found.
> (0x00000000d652f518) 
thrown [s\src\hotspot\share\prims\jni.cpp, line 539]
Event: 16.441 Thread 0x000001a0ff82d610 Exception <a 'java/io/FileNotFoundException'{0x00000000d6547208}> (0x00000000d6547208) 
thrown [s\src\hotspot\share\prims\jni.cpp, line 520]
Event: 16.476 Thread 0x000001a0ff82d610 Exception <a 'java/io/FileNotFoundException'{0x00000000d670f5c8}> (0x00000000d670f5c8) 
thrown [s\src\hotspot\share\prims\jni.cpp, line 520]
Event: 16.567 Thread 0x000001a0ff8bc500 Exception <a 'sun/nio/fs/WindowsException'{0x00000000d558b250}> (0x00000000d558b250) 
thrown [s\src\hotspot\share\prims\jni.cpp, line 520]
Event: 16.567 Thread 0x000001a0ff8bc500 Exception <a 'sun/nio/fs/WindowsException'{0x00000000d558bb30}> (0x00000000d558bb30) 
thrown [s\src\hotspot\share\prims\jni.cpp, line 520]
Event: 16.625 Thread 0x000001a0ff8bc500 Exception <a 'sun/nio/fs/WindowsException'{0x00000000d559c5b8}> (0x00000000d559c5b8) 
thrown [s\src\hotspot\share\prims\jni.cpp, line 520]
Event: 16.625 Thread 0x000001a0ff8bc500 Exception <a 'sun/nio/fs/WindowsException'{0x00000000d56a1f88}> (0x00000000d56a1f88) 
thrown [s\src\hotspot\share\prims\jni.cpp, line 520]
Event: 16.637 Thread 0x000001a0ff82d610 Exception <a 'java/lang/UnsatisfiedLinkError'{0x00000000d55f56f8}: The specified procedure could not be found.
> (0x00000000d55f56f8) 
thrown [s\src\hotspot\share\prims\jni.cpp, line 539]
Event: 16.683 Thread 0x000001a0ff8bc500 Exception <a 'sun/nio/fs/WindowsException'{0x00000000d5a65fc0}> (0x00000000d5a65fc0) 
thrown [s\src\hotspot\share\prims\jni.cpp, line 520]
Event: 16.683 Thread 0x000001a0ff8bc500 Exception <a 'sun/nio/fs/WindowsException'{0x00000000d5a668a0}> (0x00000000d5a668a0) 
thrown [s\src\hotspot\share\prims\jni.cpp, line 520]
Event: 16.769 Thread 0x000001a0ff8bbe70 Exception <a 'java/lang/NoSuchMethodError'{0x00000000d619a990}: 'void java.lang.invoke.DirectMethodHandle$Holder.invokeStaticInit(java.lang.Object, java.lang.Object, java.lang.Object, java.lang.Object)'> (0x00000000d619a990) 
thrown [s\src\hotspot\share\interpreter\linkResolver.cpp, line 773]
Event: 16.849 Thread 0x000001a0ff8bc500 Exception <a 'java/lang/NoSuchMethodError'{0x00000000d6859c58}: 'long java.lang.invoke.DirectMethodHandle$Holder.invokeStatic(java.lang.Object, java.lang.Object, int)'> (0x00000000d6859c58) 
thrown [s\src\hotspot\share\interpreter\linkResolver.cpp, line 773]
Event: 16.850 Thread 0x000001a0ff8bc500 Exception <a 'java/lang/NoSuchMethodError'{0x00000000d6864258}: 'java.lang.Object java.lang.invoke.DelegatingMethodHandle$Holder.reinvoke_L(java.lang.Object, int, long, java.lang.Object, java.lang.Object, int, java.lang.Object)'> (0x00000000d6864258) 
thrown [s\src\hotspot\share\interpreter\linkResolver.cpp, line 773]
Event: 16.870 Thread 0x000001a0a593b880 Exception <a 'java/lang/NoSuchMethodError'{0x00000000d5662fd8}: 'java.lang.Object java.lang.invoke.DirectMethodHandle$Holder.invokeStatic(java.lang.Object, long, java.lang.Object)'> (0x00000000d5662fd8) 
thrown [s\src\hotspot\share\interpreter\linkResolver.cpp, line 773]
Event: 16.873 Thread 0x000001a0a593b880 Exception <a 'java/lang/NoSuchMethodError'{0x00000000d56a63c0}: 'java.lang.Object java.lang.invoke.DirectMethodHandle$Holder.invokeStaticInit(java.lang.Object, long, java.lang.Object)'> (0x00000000d56a63c0) 
thrown [s\src\hotspot\share\interpreter\linkResolver.cpp, line 773]
Event: 16.875 Thread 0x000001a0a593b880 Exception <a 'java/lang/NoSuchMethodError'{0x00000000d56e0840}: 'java.lang.Object java.lang.invoke.DirectMethodHandle$Holder.newInvokeSpecial(java.lang.Object, long)'> (0x00000000d56e0840) 
thrown [s\src\hotspot\share\interpreter\linkResolver.cpp, line 773]

ZGC Phase Switch (0 events):
No events

VM Operations (20 events):
Event: 15.618 Executing non-safepoint VM operation: HandshakeAllThreads (Deoptimize) done
Event: 15.914 Executing non-safepoint VM operation: HandshakeAllThreads (Deoptimize)
Event: 15.914 Executing non-safepoint VM operation: HandshakeAllThreads (Deoptimize) done
Event: 15.920 Executing non-safepoint VM operation: HandshakeAllThreads (Deoptimize)
Event: 15.921 Executing non-safepoint VM operation: HandshakeAllThreads (Deoptimize) done
Event: 15.967 Executing safepoint VM operation: ParallelGCFailedAllocation (Allocation Failure)
Event: 15.971 Executing safepoint VM operation: ParallelGCFailedAllocation (Allocation Failure) done
Event: 16.012 Executing non-safepoint VM operation: HandshakeAllThreads (Deoptimize)
Event: 16.012 Executing non-safepoint VM operation: HandshakeAllThreads (Deoptimize) done
Event: 16.401 Executing non-safepoint VM operation: HandshakeAllThreads (Deoptimize)
Event: 16.412 Executing non-safepoint VM operation: HandshakeAllThreads (Deoptimize) done
Event: 16.485 Executing safepoint VM operation: CollectForMetadataAllocation (Metadata GC Threshold)
Event: 16.559 Executing safepoint VM operation: CollectForMetadataAllocation (Metadata GC Threshold) done
Event: 16.803 Executing non-safepoint VM operation: HandshakeAllThreads (Deoptimize)
Event: 16.818 Executing non-safepoint VM operation: HandshakeAllThreads (Deoptimize) done
Event: 16.862 Executing safepoint VM operation: ParallelGCFailedAllocation (Allocation Failure)
Event: 16.865 Executing safepoint VM operation: ParallelGCFailedAllocation (Allocation Failure) done
Event: 16.885 Executing non-safepoint VM operation: HandshakeAllThreads (Deoptimize)
Event: 16.885 Executing non-safepoint VM operation: HandshakeAllThreads (Deoptimize) done
Event: 16.886 Executing non-safepoint VM operation: HandshakeAllThreads (Deoptimize)

Memory protections (0 events):
No events

Nmethod flushes (20 events):
Event: 16.522 Thread 0x000001a0bc3925d0 flushing  nmethod 0x000001a0a923a690
Event: 16.522 Thread 0x000001a0bc3925d0 flushing  nmethod 0x000001a0a9276190
Event: 16.522 Thread 0x000001a0bc3925d0 flushing  nmethod 0x000001a0a9277990
Event: 16.522 Thread 0x000001a0bc3925d0 flushing  nmethod 0x000001a0a9278290
Event: 16.522 Thread 0x000001a0bc3925d0 flushing  nmethod 0x000001a0a9279490
Event: 16.522 Thread 0x000001a0bc3925d0 flushing  nmethod 0x000001a0a9279c90
Event: 16.522 Thread 0x000001a0bc3925d0 flushing  nmethod 0x000001a0a927ad90
Event: 16.522 Thread 0x000001a0bc3925d0 flushing  nmethod 0x000001a0a927b690
Event: 16.522 Thread 0x000001a0bc3925d0 flushing  nmethod 0x000001a0a927cb10
Event: 16.522 Thread 0x000001a0bc3925d0 flushing  nmethod 0x000001a0a927d810
Event: 16.522 Thread 0x000001a0bc3925d0 flushing  nmethod 0x000001a0a927ea90
Event: 16.522 Thread 0x000001a0bc3925d0 flushing  nmethod 0x000001a0a9280b10
Event: 16.522 Thread 0x000001a0bc3925d0 flushing  nmethod 0x000001a0a9281e90
Event: 16.522 Thread 0x000001a0bc3925d0 flushing  nmethod 0x000001a0a92c2e90
Event: 16.522 Thread 0x000001a0bc3925d0 flushing  nmethod 0x000001a0a92c5290
Event: 16.522 Thread 0x000001a0bc3925d0 flushing  nmethod 0x000001a0a92c8390
Event: 16.522 Thread 0x000001a0bc3925d0 flushing  nmethod 0x000001a0a92cf290
Event: 16.522 Thread 0x000001a0bc3925d0 flushing  nmethod 0x000001a0a92d8310
Event: 16.522 Thread 0x000001a0bc3925d0 flushing  nmethod 0x000001a0a9321390
Event: 16.522 Thread 0x000001a0bc3925d0 flushing  nmethod 0x000001a0a933e110

Events (20 events):
Event: 13.864 Thread 0x000001a0fed229b0 Thread added: 0x000001a0854c8d50
Event: 14.560 Thread 0x000001a0854c8d50 Thread exited: 0x000001a0854c8d50
Event: 14.679 Thread 0x000001a0ff8ba430 Thread added: 0x000001a0ff8bb7e0
Event: 14.682 Thread 0x000001a0fed229b0 Thread added: 0x000001a084537890
Event: 15.150 Thread 0x000001a0fed229b0 Thread added: 0x000001a085775630
Event: 15.518 Thread 0x000001a0ff82d610 Thread added: 0x000001a0ff8b9710
Event: 15.519 Thread 0x000001a0ff8bb7e0 Thread added: 0x000001a0ff8b9da0
Event: 16.131 Thread 0x000001a0ff8b9da0 Thread added: 0x000001a0ff8bbe70
Event: 16.665 Thread 0x000001a085775630 Thread exited: 0x000001a085775630
Event: 16.742 Thread 0x000001a0ff8bbe70 Thread added: 0x000001a087221810
Event: 16.798 Thread 0x000001a087221810 Thread added: 0x000001a087220af0
Event: 16.886 Thread 0x000001a0a593b880 Thread added: 0x000001a087222bc0
Event: 16.887 Thread 0x000001a0a593b880 Thread added: 0x000001a087221180
Event: 16.887 Thread 0x000001a0a593b880 Thread added: 0x000001a087221ea0
Event: 16.887 Thread 0x000001a0a593b880 Thread added: 0x000001a087223250
Event: 16.887 Thread 0x000001a0a593b880 Thread added: 0x000001a0872238e0
Event: 16.888 Thread 0x000001a0a593b880 Thread added: 0x000001a087220460
Event: 16.888 Thread 0x000001a0a593b880 Thread added: 0x000001a087223f70
Event: 16.888 Thread 0x000001a0a593b880 Thread added: 0x000001a0872273f0
Event: 16.888 Thread 0x000001a0a593b880 Thread added: 0x000001a087227a80


Dynamic libraries:
0x00007ff7fc200000 - 0x00007ff7fc20e000 	c:\Users\Dell\.vscode\extensions\redhat.java-1.54.0-win32-x64\jre\21.0.10-win32-x86_64\bin\java.exe
0x00007ffde4040000 - 0x00007ffde42a7000 	C:\WINDOWS\SYSTEM32\ntdll.dll
0x00007ffde37a0000 - 0x00007ffde3869000 	C:\WINDOWS\System32\KERNEL32.DLL
0x00007ffde1610000 - 0x00007ffde19ff000 	C:\WINDOWS\System32\KERNELBASE.dll
0x00007ffde1190000 - 0x00007ffde12db000 	C:\WINDOWS\System32\ucrtbase.dll
0x00007ffdb02f0000 - 0x00007ffdb0308000 	c:\Users\Dell\.vscode\extensions\redhat.java-1.54.0-win32-x64\jre\21.0.10-win32-x86_64\bin\jli.dll
0x00007ffde2390000 - 0x00007ffde2555000 	C:\WINDOWS\System32\USER32.dll
0x00007ffde1ac0000 - 0x00007ffde1ae7000 	C:\WINDOWS\System32\win32u.dll
0x00007ffde3770000 - 0x00007ffde379b000 	C:\WINDOWS\System32\GDI32.dll
0x00007ffde1390000 - 0x00007ffde14bc000 	C:\WINDOWS\System32\gdi32full.dll
0x00007ffde1a10000 - 0x00007ffde1ab3000 	C:\WINDOWS\System32\msvcp_win.dll
0x00007ffdb20c0000 - 0x00007ffdb20de000 	c:\Users\Dell\.vscode\extensions\redhat.java-1.54.0-win32-x64\jre\21.0.10-win32-x86_64\bin\VCRUNTIME140.dll
0x00007ffdcb820000 - 0x00007ffdcbab3000 	C:\WINDOWS\WinSxS\amd64_microsoft.windows.common-controls_6595b64144ccf1df_6.0.26100.7309_none_3e05feeae336a044\COMCTL32.dll
0x00007ffde1f00000 - 0x00007ffde1fa9000 	C:\WINDOWS\System32\msvcrt.dll
0x00007ffde36b0000 - 0x00007ffde36e1000 	C:\WINDOWS\System32\IMM32.DLL
0x00007ffdb5660000 - 0x00007ffdb566c000 	c:\Users\Dell\.vscode\extensions\redhat.java-1.54.0-win32-x64\jre\21.0.10-win32-x86_64\bin\vcruntime140_1.dll
0x00007ffd6dbc0000 - 0x00007ffd6dc4d000 	c:\Users\Dell\.vscode\extensions\redhat.java-1.54.0-win32-x64\jre\21.0.10-win32-x86_64\bin\msvcp140.dll
0x00007ffd2d6c0000 - 0x00007ffd2e461000 	c:\Users\Dell\.vscode\extensions\redhat.java-1.54.0-win32-x64\jre\21.0.10-win32-x86_64\bin\server\jvm.dll
0x00007ffde3910000 - 0x00007ffde39c4000 	C:\WINDOWS\System32\ADVAPI32.dll
0x00007ffde3d70000 - 0x00007ffde3e16000 	C:\WINDOWS\System32\sechost.dll
0x00007ffde1de0000 - 0x00007ffde1ef8000 	C:\WINDOWS\System32\RPCRT4.dll
0x00007ffde2820000 - 0x00007ffde2894000 	C:\WINDOWS\System32\WS2_32.dll
0x00007ffde0ff0000 - 0x00007ffde104e000 	C:\WINDOWS\SYSTEM32\POWRPROF.dll
0x00007ffdd8030000 - 0x00007ffdd8065000 	C:\WINDOWS\SYSTEM32\WINMM.dll
0x00007ffdd7ce0000 - 0x00007ffdd7ceb000 	C:\WINDOWS\SYSTEM32\VERSION.dll
0x00007ffde0fd0000 - 0x00007ffde0fe4000 	C:\WINDOWS\SYSTEM32\UMPDC.dll
0x00007ffddff40000 - 0x00007ffddff5b000 	C:\WINDOWS\SYSTEM32\kernel.appcore.dll
0x00007ffdb5040000 - 0x00007ffdb504a000 	c:\Users\Dell\.vscode\extensions\redhat.java-1.54.0-win32-x64\jre\21.0.10-win32-x86_64\bin\jimage.dll
0x00007ffdde5e0000 - 0x00007ffdde822000 	C:\WINDOWS\SYSTEM32\DBGHELP.DLL
0x00007ffde39e0000 - 0x00007ffde3d65000 	C:\WINDOWS\System32\combase.dll
0x00007ffde35d0000 - 0x00007ffde36a6000 	C:\WINDOWS\System32\OLEAUT32.dll
0x00007ffdc9650000 - 0x00007ffdc968c000 	C:\WINDOWS\SYSTEM32\dbgcore.DLL
0x00007ffde12e0000 - 0x00007ffde1385000 	C:\WINDOWS\System32\bcryptPrimitives.dll
0x00007ffdb4b20000 - 0x00007ffdb4b2f000 	c:\Users\Dell\.vscode\extensions\redhat.java-1.54.0-win32-x64\jre\21.0.10-win32-x86_64\bin\instrument.dll
0x00007ffda6790000 - 0x00007ffda67b0000 	c:\Users\Dell\.vscode\extensions\redhat.java-1.54.0-win32-x64\jre\21.0.10-win32-x86_64\bin\java.dll
0x00007ffde28a0000 - 0x00007ffde2ff3000 	C:\WINDOWS\System32\SHELL32.dll
0x00007ffde1c70000 - 0x00007ffde1dda000 	C:\WINDOWS\System32\wintypes.dll
0x00007ffdded70000 - 0x00007ffddf5ce000 	C:\WINDOWS\SYSTEM32\windows.storage.dll
0x00007ffde2290000 - 0x00007ffde2385000 	C:\WINDOWS\System32\SHCORE.dll
0x00007ffde3e20000 - 0x00007ffde3e86000 	C:\WINDOWS\System32\shlwapi.dll
0x00007ffde10b0000 - 0x00007ffde10d9000 	C:\WINDOWS\SYSTEM32\profapi.dll
0x00007ffd84450000 - 0x00007ffd84468000 	c:\Users\Dell\.vscode\extensions\redhat.java-1.54.0-win32-x64\jre\21.0.10-win32-x86_64\bin\zip.dll
0x00007ffdb3640000 - 0x00007ffdb3650000 	C:\Users\Dell\.vscode\extensions\redhat.java-1.54.0-win32-x64\jre\21.0.10-win32-x86_64\bin\net.dll
0x00007ffdd9c80000 - 0x00007ffdd9da8000 	C:\WINDOWS\SYSTEM32\WINHTTP.dll
0x00007ffde04b0000 - 0x00007ffde051b000 	C:\WINDOWS\system32\mswsock.dll
0x00007ffd84430000 - 0x00007ffd84446000 	C:\Users\Dell\.vscode\extensions\redhat.java-1.54.0-win32-x64\jre\21.0.10-win32-x86_64\bin\nio.dll
0x00007ffdb3610000 - 0x00007ffdb3620000 	c:\Users\Dell\.vscode\extensions\redhat.java-1.54.0-win32-x64\jre\21.0.10-win32-x86_64\bin\verify.dll
0x00007ffd79420000 - 0x00007ffd79465000 	C:\Users\Dell\AppData\Roaming\Code\User\globalStorage\redhat.java\1.54.0\config_win\org.eclipse.equinox.launcher\org.eclipse.equinox.launcher.win32.win32.x86_64_1.3.0.v20260203-2149\eclipse_11919.dll
0x00007ffde25f0000 - 0x00007ffde2787000 	C:\WINDOWS\System32\ole32.dll
0x00007ffde0770000 - 0x00007ffde078b000 	C:\WINDOWS\SYSTEM32\CRYPTSP.dll
0x00007ffddfea0000 - 0x00007ffddfeda000 	C:\WINDOWS\system32\rsaenh.dll
0x00007ffde0560000 - 0x00007ffde058b000 	C:\WINDOWS\SYSTEM32\USERENV.dll
0x00007ffde1080000 - 0x00007ffde10aa000 	C:\WINDOWS\SYSTEM32\bcrypt.dll
0x00007ffde0790000 - 0x00007ffde079c000 	C:\WINDOWS\SYSTEM32\CRYPTBASE.dll
0x00007ffddf980000 - 0x00007ffddf9b4000 	C:\WINDOWS\SYSTEM32\IPHLPAPI.DLL
0x00007ffde39d0000 - 0x00007ffde39da000 	C:\WINDOWS\System32\NSI.dll
0x00007ffd66110000 - 0x00007ffd66159000 	C:\Users\Dell\AppData\Local\Temp\jna-2126305\jna10765311117977958476.dll
0x00007ffde3880000 - 0x00007ffde3888000 	C:\WINDOWS\System32\PSAPI.DLL
0x00007ffddb630000 - 0x00007ffddb64e000 	C:\WINDOWS\SYSTEM32\dhcpcsvc6.DLL
0x00007ffddb560000 - 0x00007ffddb583000 	C:\WINDOWS\SYSTEM32\dhcpcsvc.DLL

JVMTI agents:
c:\Users\Dell\.vscode\extensions\redhat.java-1.54.0-win32-x64\lombok\lombok-1.18.39-4050.jar path:c:\Users\Dell\.vscode\extensions\redhat.java-1.54.0-win32-x64\jre\21.0.10-win32-x86_64\bin\instrument.dll, loaded, initialized, instrumentlib options:none

dbghelp: loaded successfully - version: 4.0.5 - missing functions: none
symbol engine: initialized successfully - sym options: 0x614 - pdb path: .;c:\Users\Dell\.vscode\extensions\redhat.java-1.54.0-win32-x64\jre\21.0.10-win32-x86_64\bin;C:\WINDOWS\SYSTEM32;C:\WINDOWS\WinSxS\amd64_microsoft.windows.common-controls_6595b64144ccf1df_6.0.26100.7309_none_3e05feeae336a044;c:\Users\Dell\.vscode\extensions\redhat.java-1.54.0-win32-x64\jre\21.0.10-win32-x86_64\bin\server;C:\Users\Dell\AppData\Roaming\Code\User\globalStorage\redhat.java\1.54.0\config_win\org.eclipse.equinox.launcher\org.eclipse.equinox.launcher.win32.win32.x86_64_1.3.0.v20260203-2149;C:\Users\Dell\AppData\Local\Temp\jna-2126305

VM Arguments:
jvm_args: --add-modules=ALL-SYSTEM --add-opens=java.base/java.util=ALL-UNNAMED --add-opens=java.base/java.lang=ALL-UNNAMED --add-opens=java.base/sun.nio.fs=ALL-UNNAMED -Declipse.application=org.eclipse.jdt.ls.core.id1 -Dosgi.bundles.defaultStartLevel=4 -Declipse.product=org.eclipse.jdt.ls.core.product -Djava.import.generatesMetadataFilesAtProjectRoot=false -DDetectVMInstallationsJob.disabled=true -Dfile.encoding=utf8 -XX:+UseParallelGC -XX:GCTimeRatio=4 -XX:AdaptiveSizePolicyWeight=90 -Dsun.zip.disableMemoryMapping=true -Xmx2G -Xms100m -Xlog:disable -javaagent:c:\Users\Dell\.vscode\extensions\redhat.java-1.54.0-win32-x64\lombok\lombok-1.18.39-4050.jar -XX:+HeapDumpOnOutOfMemoryError -XX:HeapDumpPath=c:\Users\Dell\AppData\Roaming\Code\User\workspaceStorage\030274fffca1edf6b01d840448dc3ca1\redhat.java -Daether.dependencyCollector.impl=bf 
java_command: c:\Users\Dell\.vscode\extensions\redhat.java-1.54.0-win32-x64\server\plugins\org.eclipse.equinox.launcher_1.7.100.v20251111-0406.jar -configuration c:\Users\Dell\AppData\Roaming\Code\User\globalStorage\redhat.java\1.54.0\config_win -data c:\Users\Dell\AppData\Roaming\Code\User\workspaceStorage\030274fffca1edf6b01d840448dc3ca1\redhat.java\jdt_ws --pipe=\\.\pipe\lsp-e3b71f243f364d398fec068e0bd90356-sock
java_class_path (initial): c:\Users\Dell\.vscode\extensions\redhat.java-1.54.0-win32-x64\server\plugins\org.eclipse.equinox.launcher_1.7.100.v20251111-0406.jar
Launcher Type: SUN_STANDARD

[Global flags]
    uintx AdaptiveSizePolicyWeight                 = 90                                        {product} {command line}
     intx CICompilerCount                          = 4                                         {product} {ergonomic}
    uintx GCTimeRatio                              = 4                                         {product} {command line}
     bool HeapDumpOnOutOfMemoryError               = true                                   {manageable} {command line}
    ccstr HeapDumpPath                             = c:\Users\Dell\AppData\Roaming\Code\User\workspaceStorage\030274fffca1edf6b01d840448dc3ca1\redhat.java         {manageable} {command line}
   size_t InitialHeapSize                          = 104857600                                 {product} {command line}
   size_t MaxHeapSize                              = 2147483648                                {product} {command line}
   size_t MaxNewSize                               = 715653120                                 {product} {ergonomic}
   size_t MinHeapDeltaBytes                        = 524288                                    {product} {ergonomic}
   size_t MinHeapSize                              = 104857600                                 {product} {command line}
   size_t NewSize                                  = 34603008                                  {product} {ergonomic}
    uintx NonNMethodCodeHeapSize                   = 5839372                                {pd product} {ergonomic}
    uintx NonProfiledCodeHeapSize                  = 122909434                              {pd product} {ergonomic}
   size_t OldSize                                  = 70254592                                  {product} {ergonomic}
    uintx ProfiledCodeHeapSize                     = 122909434                              {pd product} {ergonomic}
    uintx ReservedCodeCacheSize                    = 251658240                              {pd product} {ergonomic}
     bool SegmentedCodeCache                       = true                                      {product} {ergonomic}
   size_t SoftMaxHeapSize                          = 2147483648                             {manageable} {ergonomic}
     bool UseCompressedOops                        = true                           {product lp64_product} {ergonomic}
     bool UseLargePagesIndividualAllocation        = false                                  {pd product} {ergonomic}
     bool UseParallelGC                            = true                                      {product} {command line}

Logging:
Log output configuration:
 #0: stdout all=off uptime,level,tags foldmultilines=false
 #1: stderr all=off uptime,level,tags foldmultilines=false

Release file:
JAVA_VERSION="21.0.10" 
MODULES="java.base java.compiler java.datatransfer java.xml java.prefs java.desktop java.instrument java.logging java.management java.security.sasl java.naming java.rmi java.management.rmi java.net.http java.scripting java.security.jgss java.transaction.xa java.sql java.sql.rowset java.xml.crypto java.se java.smartcardio jdk.accessibility jdk.internal.jvmstat jdk.attach jdk.charsets jdk.internal.opt jdk.zipfs jdk.compiler jdk.crypto.ec jdk.crypto.cryptoki jdk.crypto.mscapi jdk.dynalink jdk.internal.ed jdk.editpad jdk.hotspot.agent jdk.httpserver jdk.internal.le jdk.internal.vm.ci jdk.internal.vm.compiler jdk.internal.vm.compiler.management jdk.jartool jdk.javadoc jdk.jcmd jdk.management jdk.management.agent jdk.jconsole jdk.jdeps jdk.jdwp.agent jdk.jdi jdk.jfr jdk.jshell jdk.jsobject jdk.jstatd jdk.localedata jdk.management.jfr jdk.naming.dns jdk.naming.rmi jdk.net jdk.nio.mapmode jdk.random jdk.sctp jdk.security.auth jdk.security.jgss jdk.unsupported jdk.unsupported.desktop jdk.xml.dom" 

Environment Variables:
PATH=C:\Users\Dell\AppData\Local\Programs\Microsoft VS Code;C:\oraclexe\app\oracle\product\11.2.0\server\bin;C:\Program Files\Common Files\Oracle\Java\javapath;C:\Program Files (x86)\Common Files\Oracle\Java\javapath;C:\WINDOWS\system32;C:\WINDOWS;C:\WINDOWS\System32\Wbem;C:\WINDOWS\System32\WindowsPowerShell\v1.0\;C:\WINDOWS\System32\OpenSSH\;C:\Program Files\nodejs\;C:\Program Files\Git\cmd;C:\Program Files\MySQL\MySQL Server 8.0\bin;C:\Users\Dell\AppData\Local\Programs\Python\Python313\Scripts\;C:\Users\Dell\AppData\Local\Programs\Python\Python313\;C:\Users\Dell\AppData\Local\Microsoft\WindowsApps;;C:\Users\Dell\AppData\Local\Programs\Microsoft VS Code\bin;C:\Users\Dell\AppData\Roaming\npm;D:\Antigravity\bin
USERNAME=Dell
OS=Windows_NT
PROCESSOR_IDENTIFIER=Intel64 Family 6 Model 140 Stepping 1, GenuineIntel
TMP=C:\Users\Dell\AppData\Local\Temp
TEMP=C:\Users\Dell\AppData\Local\Temp




Periodic native trim disabled

---------------  S Y S T E M  ---------------

OS:
 Windows 11 , 64 bit Build 26100 (10.0.26100.7309)
OS uptime: 0 days 3:14 hours
Hyper-V role detected

CPU: total 8 (initial active 8) (4 cores per cpu, 2 threads per core) family 6 model 140 stepping 1 microcode 0xbc, cx8, cmov, fxsr, ht, mmx, 3dnowpref, sse, sse2, sse3, ssse3, sse4.1, sse4.2, popcnt, lzcnt, tsc, tscinvbit, avx, avx2, aes, erms, clmul, bmi1, bmi2, adx, avx512f, avx512dq, avx512cd, avx512bw, avx512vl, sha, fma, vzeroupper, avx512_vpopcntdq, avx512_vpclmulqdq, avx512_vaes, avx512_vnni, clflush, clflushopt, clwb, avx512_vbmi2, avx512_vbmi, hv, rdtscp, rdpid, fsrm, gfni, avx512_bitalg, f16c, cet_ibt, cet_ss, avx512_ifma
Processor Information for the first 8 processors :
  Max Mhz: 2419, Current Mhz: 2419, Mhz Limit: 2419

Memory: 4k page, system-wide physical 7914M (492M free)
TotalPageFile size 19974M (AvailPageFile size 0M)
current process WorkingSet (physical memory assigned to process): 199M, peak: 200M
current process commit charge ("private bytes"): 324M, peak: 331M

vm_info: OpenJDK 64-Bit Server VM (21.0.10+7-LTS) for windows-amd64 JRE (21.0.10+7-LTS), built on 2026-01-20T00:00:00Z by "admin" with MS VC++ 17.12 (VS2022)

END.
